09:05:12 start: 80 jobs, 0 already done
09:05:12 start  to_mu80_mocap_square2fast (gpu None)
09:05:12 start  to_mu80_mocap_figfast (gpu None)
09:05:42 done   to_mu80_mocap_square2fast
09:05:57 done   to_mu80_mocap_figfast
09:05:57 start  lqr_cache (gpu None)
09:06:42 done   lqr_cache
09:06:42 start  bcB (gpu 0)
09:06:42 start  v1nom_s0 (gpu 1)
09:06:42 start  v3drB_s0 (gpu 2)
09:06:42 start  bc6_s0 (gpu 3)
09:06:42 start  v3drB_s1 (gpu 0)
09:06:42 start  bc6_s1 (gpu 1)
09:06:42 start  hw:lqr_zs (gpu 2)
09:06:42 start  trackilc_big (gpu 3)
09:07:12 done   hw:lqr_zs
09:07:42 start  ppo_dr_s0 (gpu 2)
09:07:42 start  rma_s0 (gpu 0)
09:08:12 done   bc6_s0
09:08:12 start  v6nom_s0 (gpu 3)
09:08:27 done   bcB
09:08:27 done   bc6_s1
09:08:27 start  v3nom_s0 (gpu 1)
09:08:27 start  v3nom_s1 (gpu 0)
09:08:27 start  fada (gpu 1)
09:08:27 start  hw:bcB_zs (gpu 2)
09:09:12 done   hw:bcB_zs
09:09:12 start  hw:bcB_hw24b (gpu 2)
09:10:12 done   trackilc_big
09:10:57 done   v1nom_s0
09:10:57 start  v3nom_s2 (gpu 3)
09:10:57 start  hw:v1narrow_hw24 (gpu 1)
09:12:27 done   v6nom_s0
09:12:27 start  v3olG_s0 (gpu 3)
09:12:42 done   v3drB_s0
09:12:42 start  v3noexp_s0 (gpu 2)
09:13:27 done   hw:bcB_hw24b
09:13:27 start  hw:v3drB_s0_zs (gpu 2)
09:13:42 done   v3drB_s1
09:13:42 done   v3nom_s0
09:13:42 start  v3drA_s0 (gpu 0)
09:13:42 start  v6nom_s1 (gpu 1)
09:14:12 done   v3nom_s1
09:14:12 done   hw:v3drB_s0_zs
09:14:12 start  v3drA_s1 (gpu 0)
09:14:12 start  hw:v3nom_s0_zs (gpu 2)
09:14:57 done   fada
09:14:57 done   hw:v1narrow_hw24
09:14:57 done   hw:v3nom_s0_zs
09:14:57 start  hw:v3nom_s0_hw24 (gpu 1)
09:14:57 start  hw:v3nom_s1_zs (gpu 1)
09:14:57 start  hw:v3nom_s1_hw24 (gpu 2)
09:15:42 done   hw:v3nom_s1_zs
09:15:42 start  hw:v3nom_s0_hw24_s2 (gpu 1)
09:15:57 done   v3nom_s2
09:16:57 done   v3drA_s0
09:17:27 done   v3olG_s0
09:17:42 done   v3noexp_s0
09:17:42 done   v3drA_s1
09:18:12 done   v6nom_s1
09:18:57 done   hw:v3nom_s0_hw24
09:18:57 done   hw:v3nom_s1_hw24
09:18:57 start  hw:v3nom_s2_zs (gpu 3)
09:18:57 start  hw:v3nom_s2_hw24 (gpu 0)
09:19:12 done   hw:v3nom_s0_hw24_s2
09:19:12 start  hw:v3nom_s0_hw24vs (gpu 1)
09:19:42 done   hw:v3nom_s2_zs
09:19:42 start  hw:v3nom_s0_hw48 (gpu 3)
09:21:57 done   hw:v3nom_s0_hw24vs
09:21:57 start  hw:v3nom_s0_hw96 (gpu 1)
09:22:12 done   hw:v3nom_s2_hw24
09:22:12 start  hw:v3nom_s0_hw96_cTR (gpu 0)
09:23:57 done   hw:v3nom_s0_hw48
09:23:57 start  hw:v3nom_s0_hw24_openG (gpu 3)
09:26:42 done   hw:v3nom_s0_hw24_openG
09:26:42 start  hw:v3nom_s0_hw24_flip (gpu 3)
09:27:57 done   ppo_dr_s0
09:27:57 start  v5ppoNom_s0 (gpu 2)
09:27:57 start  v5ppoDR_s0 (gpu 1)
09:28:57 done   hw:v3nom_s0_hw96
09:28:57 start  hw:v3nom_s0_hw24_noTR (gpu 1)
09:29:27 done   hw:v3nom_s0_hw24_flip
09:29:27 start  hw:v3nom_s0_hw24_noRB (gpu 3)
09:30:57 done   hw:v3nom_s0_hw96_cTR
09:30:57 done   v5ppoNom_s0
09:30:57 done   v5ppoDR_s0
09:30:57 start  hw:v3nom_s0_hw24_b25only (gpu 2)
09:31:27 done   rma_s0
09:31:57 done   hw:v3nom_s0_hw24_noTR
09:31:57 start  hw:v3olG_s0_zs (gpu 0)
09:32:12 done   hw:v3nom_s0_hw24_noRB
09:32:12 start  hw:v3olG_s0_hw24 (gpu 1)
09:32:42 done   hw:v3olG_s0_zs
09:32:42 start  hw:v3noexp_s0_zs (gpu 0)
09:33:27 done   hw:v3noexp_s0_zs
09:33:27 start  hw:v3noexp_s0_hw24 (gpu 0)
09:34:42 done   hw:v3olG_s0_hw24
09:34:42 start  hw:v3drA_s0_zs (gpu 1)
09:35:27 done   hw:v3drA_s0_zs
09:35:27 start  hw:v3drA_s0_hw24 (gpu 1)
09:35:57 done   hw:v3noexp_s0_hw24
09:35:57 start  hw:v3drA_s1_zs (gpu 0)
09:36:27 done   hw:v3nom_s0_hw24_b25only
09:36:27 start  hw:v3drA_s1_hw24 (gpu 2)
09:36:42 done   hw:v3drA_s1_zs
09:36:42 start  hw:v3drB_s0_hw24 (gpu 0)
09:37:57 done   hw:v3drA_s0_hw24
09:37:57 start  hw:v3drB_s1_zs (gpu 1)
09:38:27 done   hw:v3drB_s1_zs
09:38:27 start  hw:v3drB_s1_hw24 (gpu 1)
09:38:57 done   hw:v3drA_s1_hw24
09:38:57 start  hw:v5ppoNom_s0_zs (gpu 2)
09:39:27 done   hw:v3drB_s0_hw24
09:39:27 done   hw:v5ppoNom_s0_zs
09:39:27 start  hw:v5ppoNom_s0_hw24 (gpu 0)
09:39:27 start  hw:v5ppoDR_s0_zs (gpu 2)
09:39:57 done   hw:v5ppoDR_s0_zs
09:39:57 start  hw:v5ppoDR_s0_hw24 (gpu 2)
09:41:12 done   hw:v3drB_s1_hw24
09:41:12 start  hw:ppo_dr_zs (gpu 1)
09:41:42 done   hw:ppo_dr_zs
09:41:42 start  hw:ppo_dr_hw24 (gpu 1)
09:42:12 done   hw:v5ppoNom_s0_hw24
09:42:12 start  hw:ppo_dr_hw24_s2 (gpu 0)
09:42:27 done   hw:v5ppoDR_s0_hw24
09:42:27 start  hw:ppo_dr_hw48 (gpu 2)
09:44:12 done   hw:ppo_dr_hw24
09:44:12 start  hw:ppo_dr_hw48_s2 (gpu 1)
09:44:42 done   hw:ppo_dr_hw24_s2
09:44:42 start  hw:ppo_dr_hw48_s3 (gpu 0)
09:46:27 done   hw:ppo_dr_hw48
09:46:27 start  hw:ppo_dr_hw96_cTR (gpu 2)
09:48:12 done   hw:ppo_dr_hw48_s2
09:48:12 start  hw:rma_zs (gpu 1)
09:48:27 done   hw:ppo_dr_hw48_s3
09:48:27 start  hw:v6nom_s0_zs (gpu 0)
09:48:42 done   hw:rma_zs
09:48:42 start  hw:v6nom_s0_hw24 (gpu 1)
09:48:57 done   hw:v6nom_s0_zs
09:48:57 start  hw:v6nom_s0_hw24fb (gpu 0)
09:51:12 done   hw:v6nom_s0_hw24
09:51:12 start  hw:v6nom_s0_hw24fb3 (gpu 1)
09:51:42 done   hw:v6nom_s0_hw24fb
09:51:42 start  hw:v6nom_s1_zs (gpu 0)
09:52:12 done   hw:v6nom_s1_zs
09:52:12 start  hw:v6nom_s1_hw24 (gpu 0)
09:52:57 done   hw:ppo_dr_hw96_cTR
09:52:57 start  hw:v6nom_s1_hw24fb (gpu 2)
09:53:57 done   hw:v6nom_s0_hw24fb3
09:53:57 start  hw:v6nom_s1_hw24fb3 (gpu 1)
09:54:57 done   hw:v6nom_s1_hw24
09:54:57 start  hw:v6nom_s0_hw48fb3 (gpu 0)
09:55:42 done   hw:v6nom_s1_hw24fb
09:56:42 done   hw:v6nom_s1_hw24fb3
09:58:57 done   hw:v6nom_s0_hw48fb3
09:58:57 start  reeval (gpu 0)
10:16:42 done   reeval
10:16:42 start  long (gpu 0)
10:17:12 done   long
10:17:12 start  final (gpu None)
10:17:27 done   final
10:17:27 idle: nothing runnable; 0 blocked: []
10:17:27 ALL_DONE
