Reset succeeded: [0. 0. 0. 0. 0. 0.]
    max|Quu|=1.002e+01, cond(Quu)=1.002e+05
    max|Quu|=1.416e+01, cond(Quu)=1.261e+05
    max|Quu|=1.706e+01, cond(Quu)=1.383e+05
    max|Quu|=1.825e+01, cond(Quu)=1.389e+05
    max|Quu|=1.864e+01, cond(Quu)=1.366e+05
    max|Quu|=1.875e+01, cond(Quu)=1.346e+05
    max|Quu|=1.879e+01, cond(Quu)=1.333e+05
    max|Quu|=1.880e+01, cond(Quu)=1.326e+05
    max|Quu|=1.881e+01, cond(Quu)=1.321e+05
    max|Quu|=1.881e+01, cond(Quu)=1.318e+05
    max|Quu|=1.882e+01, cond(Quu)=1.316e+05
    max|Quu|=1.883e+01, cond(Quu)=1.314e+05
    max|Quu|=1.883e+01, cond(Quu)=1.312e+05
    max|Quu|=1.884e+01, cond(Quu)=1.310e+05
    max|Quu|=1.885e+01, cond(Quu)=1.308e+05
    max|Quu|=1.886e+01, cond(Quu)=1.306e+05
    max|Quu|=1.887e+01, cond(Quu)=1.305e+05
    max|Quu|=1.888e+01, cond(Quu)=1.303e+05
    max|Quu|=1.889e+01, cond(Quu)=1.301e+05
    max|Quu|=1.891e+01, cond(Quu)=1.299e+05
    max|Quu|=1.892e+01, cond(Quu)=1.298e+05
    max|Quu|=1.894e+01, cond(Quu)=1.296e+05
    max|Quu|=1.896e+01, cond(Quu)=1.295e+05
    max|Quu|=1.898e+01, cond(Quu)=1.294e+05
    max|Quu|=1.900e+01, cond(Quu)=1.292e+05
    max|Quu|=1.901e+01, cond(Quu)=1.291e+05
    max|Quu|=1.903e+01, cond(Quu)=1.290e+05
    max|Quu|=1.906e+01, cond(Quu)=1.289e+05
    max|Quu|=1.908e+01, cond(Quu)=1.288e+05
    max|Quu|=1.910e+01, cond(Quu)=1.287e+05
    max|Quu|=1.912e+01, cond(Quu)=1.287e+05
    max|Quu|=1.914e+01, cond(Quu)=1.286e+05
    max|Quu|=1.916e+01, cond(Quu)=1.286e+05
    max|Quu|=1.918e+01, cond(Quu)=1.285e+05
    max|Quu|=1.921e+01, cond(Quu)=1.285e+05
    max|Quu|=1.923e+01, cond(Quu)=1.286e+05
    max|Quu|=1.926e+01, cond(Quu)=1.286e+05
    max|Quu|=1.928e+01, cond(Quu)=1.286e+05
    max|Quu|=1.931e+01, cond(Quu)=1.287e+05
    max|Quu|=1.933e+01, cond(Quu)=1.287e+05
    max|Quu|=1.935e+01, cond(Quu)=1.287e+05
    max|Quu|=1.938e+01, cond(Quu)=1.288e+05
    max|Quu|=1.940e+01, cond(Quu)=1.288e+05
    max|Quu|=1.942e+01, cond(Quu)=1.289e+05
    max|Quu|=1.944e+01, cond(Quu)=1.289e+05
    max|Quu|=1.946e+01, cond(Quu)=1.290e+05
    max|Quu|=1.948e+01, cond(Quu)=1.290e+05
    max|Quu|=1.949e+01, cond(Quu)=1.291e+05
    max|Quu|=1.951e+01, cond(Quu)=1.291e+05
    max|Quu|=1.952e+01, cond(Quu)=1.291e+05
    max|Quu|=1.953e+01, cond(Quu)=1.291e+05
    max|Quu|=1.954e+01, cond(Quu)=1.291e+05
    max|Quu|=1.955e+01, cond(Quu)=1.291e+05
    max|Quu|=1.956e+01, cond(Quu)=1.292e+05
    max|Quu|=1.957e+01, cond(Quu)=1.292e+05
    max|Quu|=1.958e+01, cond(Quu)=1.291e+05
    max|Quu|=1.958e+01, cond(Quu)=1.291e+05
    max|Quu|=1.958e+01, cond(Quu)=1.291e+05
    max|Quu|=1.958e+01, cond(Quu)=1.290e+05
    max|Quu|=1.958e+01, cond(Quu)=1.289e+05
    max|Quu|=1.957e+01, cond(Quu)=1.289e+05
    max|Quu|=1.957e+01, cond(Quu)=1.288e+05
    max|Quu|=1.956e+01, cond(Quu)=1.288e+05
    max|Quu|=1.956e+01, cond(Quu)=1.287e+05
    max|Quu|=1.955e+01, cond(Quu)=1.286e+05
    max|Quu|=1.954e+01, cond(Quu)=1.285e+05
    max|Quu|=1.953e+01, cond(Quu)=1.285e+05
    max|Quu|=1.952e+01, cond(Quu)=1.284e+05
    max|Quu|=1.951e+01, cond(Quu)=1.283e+05
    max|Quu|=1.950e+01, cond(Quu)=1.282e+05
    max|Quu|=1.948e+01, cond(Quu)=1.281e+05
    max|Quu|=1.947e+01, cond(Quu)=1.280e+05
    max|Quu|=1.945e+01, cond(Quu)=1.279e+05
    max|Quu|=1.943e+01, cond(Quu)=1.278e+05
    max|Quu|=1.941e+01, cond(Quu)=1.277e+05
    max|Quu|=1.940e+01, cond(Quu)=1.276e+05
    max|Quu|=1.938e+01, cond(Quu)=1.274e+05
    max|Quu|=1.936e+01, cond(Quu)=1.273e+05
    max|Quu|=1.933e+01, cond(Quu)=1.271e+05
    max|Quu|=1.931e+01, cond(Quu)=1.270e+05
    max|Quu|=1.928e+01, cond(Quu)=1.268e+05
    max|Quu|=1.926e+01, cond(Quu)=1.266e+05
    max|Quu|=1.923e+01, cond(Quu)=1.265e+05
    max|Quu|=1.921e+01, cond(Quu)=1.263e+05
    max|Quu|=1.918e+01, cond(Quu)=1.261e+05
    max|Quu|=1.915e+01, cond(Quu)=1.260e+05
    max|Quu|=1.912e+01, cond(Quu)=1.258e+05
    max|Quu|=1.909e+01, cond(Quu)=1.256e+05
    max|Quu|=1.906e+01, cond(Quu)=1.254e+05
    max|Quu|=1.904e+01, cond(Quu)=1.252e+05
    max|Quu|=1.901e+01, cond(Quu)=1.250e+05
    max|Quu|=1.898e+01, cond(Quu)=1.248e+05
    max|Quu|=1.895e+01, cond(Quu)=1.246e+05
    max|Quu|=1.892e+01, cond(Quu)=1.244e+05
    max|Quu|=1.890e+01, cond(Quu)=1.243e+05
    max|Quu|=1.888e+01, cond(Quu)=1.241e+05
    max|Quu|=1.887e+01, cond(Quu)=1.241e+05
    max|Quu|=1.887e+01, cond(Quu)=1.241e+05
    max|Quu|=1.887e+01, cond(Quu)=1.240e+05
    max|Quu|=1.887e+01, cond(Quu)=1.240e+05
    max|Quu|=1.887e+01, cond(Quu)=1.240e+05
    max|Quu|=1.887e+01, cond(Quu)=1.239e+05
    max|Quu|=1.887e+01, cond(Quu)=1.239e+05
    max|Quu|=1.887e+01, cond(Quu)=1.239e+05
    max|Quu|=1.887e+01, cond(Quu)=1.238e+05
    max|Quu|=1.887e+01, cond(Quu)=1.238e+05
    max|Quu|=1.887e+01, cond(Quu)=1.237e+05
    max|Quu|=1.887e+01, cond(Quu)=1.237e+05
    max|Quu|=1.887e+01, cond(Quu)=1.236e+05
    max|Quu|=1.887e+01, cond(Quu)=1.236e+05
    max|Quu|=1.887e+01, cond(Quu)=1.235e+05
Measured previous rollout {"cost": 190.00395626660048, "position_rmse": 0.3461601616181431}
Defect construction {"mean_absolute": 0.04288122888144876, "max_absolute": 1.3997763682521962, "max_timestep": 4, "max_state_dimension": 6, "max_state_name": "wheel_speed", "per_state_max_absolute": [0.034940044896770495, 0.015198641229601129, 0.005944611666032107, 0.07125437949935928, 0.019531564052517908, 0.13798875927228882, 1.3997763682521962, 1.4210854715202004e-14, 2.7755575615628914e-17]}
Defect reconstruction {"mean_absolute": 2.4705272084787957e-18, "max_absolute": 1.1102230246251565e-16, "max_timestep": 53, "max_state_dimension": 1, "max_state_name": "y", "per_state_max_absolute": [6.938893903907228e-18, 1.1102230246251565e-16, 1.1102230246251565e-16, 5.551115123125783e-17, 0.0, 6.938893903907228e-18, 2.7755575615628914e-17, 0.0, 0.0]}
alpha=0 max |U_forward - U_old|: 1.7763568394002505e-14
Unchanged control baseline {"unchanged_defect": {"cost": 190.00395626660048, "position_rmse": 0.3461601616181431}, "unchanged_nominal": {"cost": 101.08541383741873, "position_rmse": 0.05420679053321944}}
Alpha candidate {"alpha": 0.5, "defect": {"cost": 83.15393212231407, "position_rmse": 0.22646028181302727}, "nominal": {"cost": 51.952789869073015, "position_rmse": 0.09401395826222807}, "defect_improvement": 106.85002414428641, "nominal_improvement": 49.13262396834571}
Final selection {"status": "ACCEPT", "alpha": 0.5, "cost": 83.15393212231407, "reason": "Strictly lower defect-aware cost than unchanged-control prediction"}
STOP: candidate prepared; no actual rollout executed.
TRIAL {"trial": 0, "cost": 190.00395626660048, "position_rmse": 0.3461601616181431, "lateness_max": 0.002260309429402696, "selection": "ACCEPT", "update_seconds": 0.6473488449992146}
Reset succeeded: [0. 0. 0. 0. 0. 0.]
    max|Quu|=1.002e+01, cond(Quu)=1.002e+05
    max|Quu|=1.415e+01, cond(Quu)=1.260e+05
    max|Quu|=1.705e+01, cond(Quu)=1.383e+05
    max|Quu|=1.825e+01, cond(Quu)=1.389e+05
    max|Quu|=1.863e+01, cond(Quu)=1.366e+05
    max|Quu|=1.875e+01, cond(Quu)=1.346e+05
    max|Quu|=1.878e+01, cond(Quu)=1.333e+05
    max|Quu|=1.880e+01, cond(Quu)=1.325e+05
    max|Quu|=1.880e+01, cond(Quu)=1.321e+05
    max|Quu|=1.881e+01, cond(Quu)=1.317e+05
    max|Quu|=1.881e+01, cond(Quu)=1.315e+05
    max|Quu|=1.882e+01, cond(Quu)=1.313e+05
    max|Quu|=1.883e+01, cond(Quu)=1.311e+05
    max|Quu|=1.883e+01, cond(Quu)=1.309e+05
    max|Quu|=1.884e+01, cond(Quu)=1.307e+05
    max|Quu|=1.885e+01, cond(Quu)=1.306e+05
    max|Quu|=1.886e+01, cond(Quu)=1.304e+05
    max|Quu|=1.887e+01, cond(Quu)=1.302e+05
    max|Quu|=1.888e+01, cond(Quu)=1.300e+05
    max|Quu|=1.889e+01, cond(Quu)=1.298e+05
    max|Quu|=1.890e+01, cond(Quu)=1.296e+05
    max|Quu|=1.892e+01, cond(Quu)=1.295e+05
    max|Quu|=1.893e+01, cond(Quu)=1.293e+05
    max|Quu|=1.895e+01, cond(Quu)=1.292e+05
    max|Quu|=1.897e+01, cond(Quu)=1.290e+05
    max|Quu|=1.898e+01, cond(Quu)=1.289e+05
    max|Quu|=1.900e+01, cond(Quu)=1.288e+05
    max|Quu|=1.902e+01, cond(Quu)=1.286e+05
    max|Quu|=1.904e+01, cond(Quu)=1.285e+05
    max|Quu|=1.905e+01, cond(Quu)=1.284e+05
    max|Quu|=1.907e+01, cond(Quu)=1.284e+05
    max|Quu|=1.909e+01, cond(Quu)=1.283e+05
    max|Quu|=1.912e+01, cond(Quu)=1.283e+05
    max|Quu|=1.914e+01, cond(Quu)=1.282e+05
    max|Quu|=1.916e+01, cond(Quu)=1.282e+05
    max|Quu|=1.919e+01, cond(Quu)=1.282e+05
    max|Quu|=1.921e+01, cond(Quu)=1.282e+05
    max|Quu|=1.924e+01, cond(Quu)=1.283e+05
    max|Quu|=1.926e+01, cond(Quu)=1.283e+05
    max|Quu|=1.928e+01, cond(Quu)=1.283e+05
    max|Quu|=1.931e+01, cond(Quu)=1.284e+05
    max|Quu|=1.933e+01, cond(Quu)=1.284e+05
    max|Quu|=1.935e+01, cond(Quu)=1.285e+05
    max|Quu|=1.938e+01, cond(Quu)=1.286e+05
    max|Quu|=1.940e+01, cond(Quu)=1.286e+05
    max|Quu|=1.942e+01, cond(Quu)=1.287e+05
    max|Quu|=1.944e+01, cond(Quu)=1.288e+05
    max|Quu|=1.946e+01, cond(Quu)=1.288e+05
    max|Quu|=1.948e+01, cond(Quu)=1.289e+05
    max|Quu|=1.950e+01, cond(Quu)=1.289e+05
    max|Quu|=1.952e+01, cond(Quu)=1.290e+05
    max|Quu|=1.953e+01, cond(Quu)=1.290e+05
    max|Quu|=1.955e+01, cond(Quu)=1.291e+05
    max|Quu|=1.956e+01, cond(Quu)=1.291e+05
    max|Quu|=1.957e+01, cond(Quu)=1.292e+05
    max|Quu|=1.958e+01, cond(Quu)=1.292e+05
    max|Quu|=1.959e+01, cond(Quu)=1.292e+05
    max|Quu|=1.960e+01, cond(Quu)=1.292e+05
    max|Quu|=1.960e+01, cond(Quu)=1.292e+05
    max|Quu|=1.960e+01, cond(Quu)=1.291e+05
    max|Quu|=1.960e+01, cond(Quu)=1.291e+05
    max|Quu|=1.960e+01, cond(Quu)=1.291e+05
    max|Quu|=1.960e+01, cond(Quu)=1.290e+05
    max|Quu|=1.960e+01, cond(Quu)=1.290e+05
    max|Quu|=1.960e+01, cond(Quu)=1.289e+05
    max|Quu|=1.959e+01, cond(Quu)=1.289e+05
    max|Quu|=1.959e+01, cond(Quu)=1.289e+05
    max|Quu|=1.958e+01, cond(Quu)=1.288e+05
    max|Quu|=1.958e+01, cond(Quu)=1.287e+05
    max|Quu|=1.957e+01, cond(Quu)=1.287e+05
    max|Quu|=1.956e+01, cond(Quu)=1.286e+05
    max|Quu|=1.955e+01, cond(Quu)=1.285e+05
    max|Quu|=1.953e+01, cond(Quu)=1.285e+05
    max|Quu|=1.952e+01, cond(Quu)=1.284e+05
    max|Quu|=1.951e+01, cond(Quu)=1.283e+05
    max|Quu|=1.949e+01, cond(Quu)=1.282e+05
    max|Quu|=1.947e+01, cond(Quu)=1.281e+05
    max|Quu|=1.945e+01, cond(Quu)=1.279e+05
    max|Quu|=1.943e+01, cond(Quu)=1.278e+05
    max|Quu|=1.940e+01, cond(Quu)=1.276e+05
    max|Quu|=1.938e+01, cond(Quu)=1.275e+05
    max|Quu|=1.935e+01, cond(Quu)=1.273e+05
    max|Quu|=1.932e+01, cond(Quu)=1.271e+05
    max|Quu|=1.929e+01, cond(Quu)=1.269e+05
    max|Quu|=1.925e+01, cond(Quu)=1.267e+05
    max|Quu|=1.922e+01, cond(Quu)=1.264e+05
    max|Quu|=1.918e+01, cond(Quu)=1.262e+05
    max|Quu|=1.915e+01, cond(Quu)=1.260e+05
    max|Quu|=1.911e+01, cond(Quu)=1.258e+05
    max|Quu|=1.908e+01, cond(Quu)=1.255e+05
    max|Quu|=1.904e+01, cond(Quu)=1.253e+05
    max|Quu|=1.900e+01, cond(Quu)=1.250e+05
    max|Quu|=1.897e+01, cond(Quu)=1.248e+05
    max|Quu|=1.894e+01, cond(Quu)=1.246e+05
    max|Quu|=1.891e+01, cond(Quu)=1.245e+05
    max|Quu|=1.889e+01, cond(Quu)=1.243e+05
    max|Quu|=1.888e+01, cond(Quu)=1.242e+05
    max|Quu|=1.887e+01, cond(Quu)=1.242e+05
    max|Quu|=1.887e+01, cond(Quu)=1.241e+05
    max|Quu|=1.886e+01, cond(Quu)=1.241e+05
    max|Quu|=1.886e+01, cond(Quu)=1.241e+05
    max|Quu|=1.886e+01, cond(Quu)=1.240e+05
    max|Quu|=1.886e+01, cond(Quu)=1.240e+05
    max|Quu|=1.886e+01, cond(Quu)=1.239e+05
    max|Quu|=1.886e+01, cond(Quu)=1.238e+05
    max|Quu|=1.886e+01, cond(Quu)=1.238e+05
    max|Quu|=1.886e+01, cond(Quu)=1.237e+05
    max|Quu|=1.886e+01, cond(Quu)=1.237e+05
    max|Quu|=1.886e+01, cond(Quu)=1.236e+05
    max|Quu|=1.886e+01, cond(Quu)=1.236e+05
    max|Quu|=1.886e+01, cond(Quu)=1.235e+05
Measured previous rollout {"cost": 111.6580042710569, "position_rmse": 0.2980456150860586}
Defect construction {"mean_absolute": 0.04920479975890121, "max_absolute": 1.8070107085840696, "max_timestep": 18, "max_state_dimension": 6, "max_state_name": "wheel_speed", "per_state_max_absolute": [0.027106114776690227, 0.011463180958192098, 0.006075107392070733, 0.06893650950797188, 0.019812279337338534, 0.14024110338410112, 1.8070107085840696, 1.4210854715202004e-14, 2.7755575615628914e-17]}
Defect reconstruction {"mean_absolute": 4.07480787507634e-18, "max_absolute": 1.1102230246251565e-16, "max_timestep": 80, "max_state_dimension": 2, "max_state_name": "heading", "per_state_max_absolute": [3.3881317890172014e-21, 2.7755575615628914e-17, 1.1102230246251565e-16, 3.469446951953614e-18, 1.734723475976807e-18, 6.938893903907228e-18, 5.551115123125783e-17, 0.0, 0.0]}
alpha=0 max |U_forward - U_old|: 4.263256414560601e-14
Unchanged control baseline {"unchanged_defect": {"cost": 111.6580042710569, "position_rmse": 0.2980456150860586}, "unchanged_nominal": {"cost": 51.952789869073015, "position_rmse": 0.09401395826222807}}
Alpha candidate {"alpha": 0.5, "defect": {"cost": 67.92140226945382, "position_rmse": 0.20808209884553325}, "nominal": {"cost": 62.595102768417455, "position_rmse": 0.18282694576034886}, "defect_improvement": 43.736602001603075, "nominal_improvement": -10.64231289934444}
Final selection {"status": "ACCEPT", "alpha": 0.5, "cost": 67.92140226945382, "reason": "Strictly lower defect-aware cost than unchanged-control prediction"}
STOP: candidate prepared; no actual rollout executed.
TRIAL {"trial": 1, "cost": 111.6580042710569, "position_rmse": 0.2980456150860586, "lateness_max": 0.002252570429845946, "selection": "ACCEPT", "update_seconds": 0.5206433739986096}
Reset succeeded: [0. 0. 0. 0. 0. 0.]
    max|Quu|=1.002e+01, cond(Quu)=1.002e+05
    max|Quu|=1.415e+01, cond(Quu)=1.260e+05
    max|Quu|=1.705e+01, cond(Quu)=1.382e+05
    max|Quu|=1.825e+01, cond(Quu)=1.389e+05
    max|Quu|=1.863e+01, cond(Quu)=1.366e+05
    max|Quu|=1.875e+01, cond(Quu)=1.346e+05
    max|Quu|=1.878e+01, cond(Quu)=1.333e+05
    max|Quu|=1.879e+01, cond(Quu)=1.325e+05
    max|Quu|=1.880e+01, cond(Quu)=1.320e+05
    max|Quu|=1.881e+01, cond(Quu)=1.317e+05
    max|Quu|=1.881e+01, cond(Quu)=1.315e+05
    max|Quu|=1.882e+01, cond(Quu)=1.313e+05
    max|Quu|=1.882e+01, cond(Quu)=1.311e+05
    max|Quu|=1.883e+01, cond(Quu)=1.309e+05
    max|Quu|=1.883e+01, cond(Quu)=1.307e+05
    max|Quu|=1.884e+01, cond(Quu)=1.305e+05
    max|Quu|=1.885e+01, cond(Quu)=1.303e+05
    max|Quu|=1.886e+01, cond(Quu)=1.301e+05
    max|Quu|=1.887e+01, cond(Quu)=1.299e+05
    max|Quu|=1.888e+01, cond(Quu)=1.298e+05
    max|Quu|=1.889e+01, cond(Quu)=1.296e+05
    max|Quu|=1.891e+01, cond(Quu)=1.294e+05
    max|Quu|=1.892e+01, cond(Quu)=1.292e+05
    max|Quu|=1.894e+01, cond(Quu)=1.291e+05
    max|Quu|=1.895e+01, cond(Quu)=1.289e+05
    max|Quu|=1.897e+01, cond(Quu)=1.288e+05
    max|Quu|=1.898e+01, cond(Quu)=1.286e+05
    max|Quu|=1.900e+01, cond(Quu)=1.285e+05
    max|Quu|=1.902e+01, cond(Quu)=1.284e+05
    max|Quu|=1.903e+01, cond(Quu)=1.283e+05
    max|Quu|=1.905e+01, cond(Quu)=1.282e+05
    max|Quu|=1.907e+01, cond(Quu)=1.281e+05
    max|Quu|=1.910e+01, cond(Quu)=1.281e+05
    max|Quu|=1.912e+01, cond(Quu)=1.281e+05
    max|Quu|=1.914e+01, cond(Quu)=1.281e+05
    max|Quu|=1.916e+01, cond(Quu)=1.281e+05
    max|Quu|=1.919e+01, cond(Quu)=1.281e+05
    max|Quu|=1.921e+01, cond(Quu)=1.281e+05
    max|Quu|=1.923e+01, cond(Quu)=1.281e+05
    max|Quu|=1.926e+01, cond(Quu)=1.281e+05
    max|Quu|=1.928e+01, cond(Quu)=1.282e+05
    max|Quu|=1.930e+01, cond(Quu)=1.282e+05
    max|Quu|=1.933e+01, cond(Quu)=1.283e+05
    max|Quu|=1.935e+01, cond(Quu)=1.284e+05
    max|Quu|=1.937e+01, cond(Quu)=1.284e+05
    max|Quu|=1.940e+01, cond(Quu)=1.285e+05
    max|Quu|=1.942e+01, cond(Quu)=1.286e+05
    max|Quu|=1.944e+01, cond(Quu)=1.286e+05
    max|Quu|=1.946e+01, cond(Quu)=1.287e+05
    max|Quu|=1.948e+01, cond(Quu)=1.288e+05
    max|Quu|=1.950e+01, cond(Quu)=1.289e+05
    max|Quu|=1.952e+01, cond(Quu)=1.289e+05
    max|Quu|=1.953e+01, cond(Quu)=1.290e+05
    max|Quu|=1.955e+01, cond(Quu)=1.291e+05
    max|Quu|=1.957e+01, cond(Quu)=1.291e+05
    max|Quu|=1.958e+01, cond(Quu)=1.292e+05
    max|Quu|=1.959e+01, cond(Quu)=1.292e+05
    max|Quu|=1.960e+01, cond(Quu)=1.292e+05
    max|Quu|=1.961e+01, cond(Quu)=1.292e+05
    max|Quu|=1.961e+01, cond(Quu)=1.292e+05
    max|Quu|=1.962e+01, cond(Quu)=1.292e+05
    max|Quu|=1.962e+01, cond(Quu)=1.292e+05
    max|Quu|=1.962e+01, cond(Quu)=1.291e+05
    max|Quu|=1.962e+01, cond(Quu)=1.291e+05
    max|Quu|=1.963e+01, cond(Quu)=1.291e+05
    max|Quu|=1.963e+01, cond(Quu)=1.292e+05
    max|Quu|=1.964e+01, cond(Quu)=1.292e+05
    max|Quu|=1.964e+01, cond(Quu)=1.291e+05
    max|Quu|=1.963e+01, cond(Quu)=1.291e+05
    max|Quu|=1.962e+01, cond(Quu)=1.291e+05
    max|Quu|=1.961e+01, cond(Quu)=1.290e+05
    max|Quu|=1.960e+01, cond(Quu)=1.289e+05
    max|Quu|=1.959e+01, cond(Quu)=1.288e+05
    max|Quu|=1.958e+01, cond(Quu)=1.287e+05
    max|Quu|=1.955e+01, cond(Quu)=1.286e+05
    max|Quu|=1.953e+01, cond(Quu)=1.284e+05
    max|Quu|=1.950e+01, cond(Quu)=1.283e+05
    max|Quu|=1.948e+01, cond(Quu)=1.282e+05
    max|Quu|=1.946e+01, cond(Quu)=1.280e+05
    max|Quu|=1.944e+01, cond(Quu)=1.279e+05
    max|Quu|=1.941e+01, cond(Quu)=1.277e+05
    max|Quu|=1.938e+01, cond(Quu)=1.276e+05
    max|Quu|=1.935e+01, cond(Quu)=1.274e+05
    max|Quu|=1.932e+01, cond(Quu)=1.271e+05
    max|Quu|=1.928e+01, cond(Quu)=1.269e+05
    max|Quu|=1.925e+01, cond(Quu)=1.267e+05
    max|Quu|=1.921e+01, cond(Quu)=1.265e+05
    max|Quu|=1.917e+01, cond(Quu)=1.262e+05
    max|Quu|=1.913e+01, cond(Quu)=1.259e+05
    max|Quu|=1.909e+01, cond(Quu)=1.257e+05
    max|Quu|=1.905e+01, cond(Quu)=1.254e+05
    max|Quu|=1.901e+01, cond(Quu)=1.252e+05
    max|Quu|=1.898e+01, cond(Quu)=1.249e+05
    max|Quu|=1.894e+01, cond(Quu)=1.247e+05
    max|Quu|=1.891e+01, cond(Quu)=1.245e+05
    max|Quu|=1.889e+01, cond(Quu)=1.244e+05
    max|Quu|=1.887e+01, cond(Quu)=1.243e+05
    max|Quu|=1.887e+01, cond(Quu)=1.242e+05
    max|Quu|=1.886e+01, cond(Quu)=1.242e+05
    max|Quu|=1.886e+01, cond(Quu)=1.242e+05
    max|Quu|=1.886e+01, cond(Quu)=1.241e+05
    max|Quu|=1.886e+01, cond(Quu)=1.240e+05
    max|Quu|=1.886e+01, cond(Quu)=1.240e+05
    max|Quu|=1.886e+01, cond(Quu)=1.239e+05
    max|Quu|=1.886e+01, cond(Quu)=1.238e+05
    max|Quu|=1.886e+01, cond(Quu)=1.238e+05
    max|Quu|=1.886e+01, cond(Quu)=1.237e+05
    max|Quu|=1.886e+01, cond(Quu)=1.236e+05
    max|Quu|=1.886e+01, cond(Quu)=1.236e+05
    max|Quu|=1.886e+01, cond(Quu)=1.235e+05
    max|Quu|=1.886e+01, cond(Quu)=1.235e+05
Measured previous rollout {"cost": 57.575747529682864, "position_rmse": 0.16339507656110594}
Defect construction {"mean_absolute": 0.05656518458993663, "max_absolute": 2.078695402228245, "max_timestep": 19, "max_state_dimension": 6, "max_state_name": "wheel_speed", "per_state_max_absolute": [0.026378932966216517, 0.013372168680220398, 0.006035430440686329, 0.06588984505446888, 0.020686918993996294, 0.1489172767454729, 2.078695402228245, 1.4210854715202004e-14, 2.7755575615628914e-17]}
Defect reconstruction {"mean_absolute": 4.239092523913065e-18, "max_absolute": 4.440892098500626e-16, "max_timestep": 4, "max_state_dimension": 6, "max_state_name": "wheel_speed", "per_state_max_absolute": [2.710505431213761e-20, 1.1102230246251565e-16, 5.551115123125783e-17, 1.734723475976807e-18, 0.0, 1.734723475976807e-18, 4.440892098500626e-16, 0.0, 0.0]}
alpha=0 max |U_forward - U_old|: 3.4638958368304884e-14
Unchanged control baseline {"unchanged_defect": {"cost": 57.57574752968286, "position_rmse": 0.16339507656110594}, "unchanged_nominal": {"cost": 62.595102768417455, "position_rmse": 0.18282694576034886}}
Alpha candidate {"alpha": 0.5, "defect": {"cost": 52.24780395118694, "position_rmse": 0.14900068494730134}, "nominal": {"cost": 60.35629956374568, "position_rmse": 0.1800117629799514}, "defect_improvement": 5.327943578495919, "nominal_improvement": 2.2388032046717754}
Final selection {"status": "ACCEPT", "alpha": 0.5, "cost": 52.24780395118694, "reason": "Strictly lower defect-aware cost than unchanged-control prediction"}
STOP: candidate prepared; no actual rollout executed.
TRIAL {"trial": 2, "cost": 57.575747529682864, "position_rmse": 0.16339507656110594, "lateness_max": 0.0028229122872289736, "selection": "ACCEPT", "update_seconds": 0.4552206490006938}
Reset succeeded: [0. 0. 0. 0. 0. 0.]
    max|Quu|=1.002e+01, cond(Quu)=1.002e+05
    max|Quu|=1.415e+01, cond(Quu)=1.260e+05
    max|Quu|=1.705e+01, cond(Quu)=1.382e+05
    max|Quu|=1.825e+01, cond(Quu)=1.389e+05
    max|Quu|=1.863e+01, cond(Quu)=1.366e+05
    max|Quu|=1.875e+01, cond(Quu)=1.346e+05
    max|Quu|=1.878e+01, cond(Quu)=1.333e+05
    max|Quu|=1.879e+01, cond(Quu)=1.325e+05
    max|Quu|=1.880e+01, cond(Quu)=1.320e+05
    max|Quu|=1.880e+01, cond(Quu)=1.317e+05
    max|Quu|=1.881e+01, cond(Quu)=1.315e+05
    max|Quu|=1.881e+01, cond(Quu)=1.313e+05
    max|Quu|=1.882e+01, cond(Quu)=1.311e+05
    max|Quu|=1.883e+01, cond(Quu)=1.309e+05
    max|Quu|=1.883e+01, cond(Quu)=1.307e+05
    max|Quu|=1.884e+01, cond(Quu)=1.305e+05
    max|Quu|=1.885e+01, cond(Quu)=1.303e+05
    max|Quu|=1.886e+01, cond(Quu)=1.301e+05
    max|Quu|=1.887e+01, cond(Quu)=1.299e+05
    max|Quu|=1.888e+01, cond(Quu)=1.297e+05
    max|Quu|=1.889e+01, cond(Quu)=1.296e+05
    max|Quu|=1.890e+01, cond(Quu)=1.294e+05
    max|Quu|=1.892e+01, cond(Quu)=1.292e+05
    max|Quu|=1.893e+01, cond(Quu)=1.290e+05
    max|Quu|=1.895e+01, cond(Quu)=1.289e+05
    max|Quu|=1.896e+01, cond(Quu)=1.287e+05
    max|Quu|=1.898e+01, cond(Quu)=1.286e+05
    max|Quu|=1.899e+01, cond(Quu)=1.285e+05
    max|Quu|=1.901e+01, cond(Quu)=1.283e+05
    max|Quu|=1.903e+01, cond(Quu)=1.282e+05
    max|Quu|=1.905e+01, cond(Quu)=1.282e+05
    max|Quu|=1.907e+01, cond(Quu)=1.281e+05
    max|Quu|=1.909e+01, cond(Quu)=1.280e+05
    max|Quu|=1.911e+01, cond(Quu)=1.280e+05
    max|Quu|=1.913e+01, cond(Quu)=1.280e+05
    max|Quu|=1.915e+01, cond(Quu)=1.280e+05
    max|Quu|=1.918e+01, cond(Quu)=1.280e+05
    max|Quu|=1.920e+01, cond(Quu)=1.280e+05
    max|Quu|=1.922e+01, cond(Quu)=1.280e+05
    max|Quu|=1.924e+01, cond(Quu)=1.281e+05
    max|Quu|=1.927e+01, cond(Quu)=1.281e+05
    max|Quu|=1.929e+01, cond(Quu)=1.281e+05
    max|Quu|=1.931e+01, cond(Quu)=1.282e+05
    max|Quu|=1.934e+01, cond(Quu)=1.283e+05
    max|Quu|=1.936e+01, cond(Quu)=1.283e+05
    max|Quu|=1.938e+01, cond(Quu)=1.284e+05
    max|Quu|=1.940e+01, cond(Quu)=1.285e+05
    max|Quu|=1.943e+01, cond(Quu)=1.286e+05
    max|Quu|=1.945e+01, cond(Quu)=1.286e+05
    max|Quu|=1.947e+01, cond(Quu)=1.287e+05
    max|Quu|=1.949e+01, cond(Quu)=1.288e+05
    max|Quu|=1.950e+01, cond(Quu)=1.288e+05
    max|Quu|=1.952e+01, cond(Quu)=1.289e+05
    max|Quu|=1.954e+01, cond(Quu)=1.290e+05
    max|Quu|=1.956e+01, cond(Quu)=1.290e+05
    max|Quu|=1.957e+01, cond(Quu)=1.291e+05
    max|Quu|=1.959e+01, cond(Quu)=1.291e+05
    max|Quu|=1.960e+01, cond(Quu)=1.292e+05
    max|Quu|=1.961e+01, cond(Quu)=1.292e+05
    max|Quu|=1.962e+01, cond(Quu)=1.292e+05
    max|Quu|=1.962e+01, cond(Quu)=1.292e+05
    max|Quu|=1.963e+01, cond(Quu)=1.292e+05
    max|Quu|=1.963e+01, cond(Quu)=1.292e+05
    max|Quu|=1.963e+01, cond(Quu)=1.292e+05
    max|Quu|=1.964e+01, cond(Quu)=1.292e+05
    max|Quu|=1.965e+01, cond(Quu)=1.293e+05
    max|Quu|=1.965e+01, cond(Quu)=1.293e+05
    max|Quu|=1.965e+01, cond(Quu)=1.293e+05
    max|Quu|=1.965e+01, cond(Quu)=1.292e+05
    max|Quu|=1.964e+01, cond(Quu)=1.292e+05
    max|Quu|=1.963e+01, cond(Quu)=1.291e+05
    max|Quu|=1.962e+01, cond(Quu)=1.290e+05
    max|Quu|=1.961e+01, cond(Quu)=1.290e+05
    max|Quu|=1.959e+01, cond(Quu)=1.289e+05
    max|Quu|=1.958e+01, cond(Quu)=1.288e+05
    max|Quu|=1.955e+01, cond(Quu)=1.286e+05
    max|Quu|=1.953e+01, cond(Quu)=1.285e+05
    max|Quu|=1.951e+01, cond(Quu)=1.283e+05
    max|Quu|=1.948e+01, cond(Quu)=1.282e+05
    max|Quu|=1.946e+01, cond(Quu)=1.281e+05
    max|Quu|=1.944e+01, cond(Quu)=1.279e+05
    max|Quu|=1.941e+01, cond(Quu)=1.278e+05
    max|Quu|=1.938e+01, cond(Quu)=1.276e+05
    max|Quu|=1.934e+01, cond(Quu)=1.273e+05
    max|Quu|=1.930e+01, cond(Quu)=1.271e+05
    max|Quu|=1.926e+01, cond(Quu)=1.268e+05
    max|Quu|=1.922e+01, cond(Quu)=1.266e+05
    max|Quu|=1.918e+01, cond(Quu)=1.263e+05
    max|Quu|=1.914e+01, cond(Quu)=1.260e+05
    max|Quu|=1.910e+01, cond(Quu)=1.258e+05
    max|Quu|=1.906e+01, cond(Quu)=1.255e+05
    max|Quu|=1.902e+01, cond(Quu)=1.252e+05
    max|Quu|=1.898e+01, cond(Quu)=1.250e+05
    max|Quu|=1.894e+01, cond(Quu)=1.247e+05
    max|Quu|=1.891e+01, cond(Quu)=1.246e+05
    max|Quu|=1.889e+01, cond(Quu)=1.244e+05
    max|Quu|=1.887e+01, cond(Quu)=1.244e+05
    max|Quu|=1.887e+01, cond(Quu)=1.243e+05
    max|Quu|=1.886e+01, cond(Quu)=1.243e+05
    max|Quu|=1.886e+01, cond(Quu)=1.242e+05
    max|Quu|=1.886e+01, cond(Quu)=1.242e+05
    max|Quu|=1.886e+01, cond(Quu)=1.241e+05
    max|Quu|=1.886e+01, cond(Quu)=1.240e+05
    max|Quu|=1.886e+01, cond(Quu)=1.239e+05
    max|Quu|=1.886e+01, cond(Quu)=1.239e+05
    max|Quu|=1.886e+01, cond(Quu)=1.238e+05
    max|Quu|=1.886e+01, cond(Quu)=1.237e+05
    max|Quu|=1.886e+01, cond(Quu)=1.237e+05
    max|Quu|=1.886e+01, cond(Quu)=1.236e+05
    max|Quu|=1.886e+01, cond(Quu)=1.235e+05
    max|Quu|=1.886e+01, cond(Quu)=1.235e+05
Measured previous rollout {"cost": 52.833720939896196, "position_rmse": 0.14862568344508909}
Defect construction {"mean_absolute": 0.0599171702404709, "max_absolute": 2.242813319085439, "max_timestep": 17, "max_state_dimension": 6, "max_state_name": "wheel_speed", "per_state_max_absolute": [0.026394490571461482, 0.013440494033223338, 0.005519935400534525, 0.07217356618020054, 0.020133584783289006, 0.14698028336042684, 2.242813319085439, 1.4210854715202004e-14, 2.7755575615628914e-17]}
Defect reconstruction {"mean_absolute": 5.0612074591757216e-17, "max_absolute": 2.220446049250313e-15, "max_timestep": 110, "max_state_dimension": 1, "max_state_name": "y", "per_state_max_absolute": [6.776263578034403e-21, 2.220446049250313e-15, 3.885780586188048e-16, 4.336808689942018e-19, 0.0, 1.734723475976807e-18, 4.440892098500626e-16, 0.0, 0.0]}
alpha=0 max |U_forward - U_old|: 2.6201263381153694e-14
Unchanged control baseline {"unchanged_defect": {"cost": 52.833720939896246, "position_rmse": 0.14862568344508917}, "unchanged_nominal": {"cost": 60.35629956374568, "position_rmse": 0.1800117629799514}}
Alpha candidate {"alpha": 0.5, "defect": {"cost": 51.00732110165039, "position_rmse": 0.14159531532181804}, "nominal": {"cost": 58.338619806682075, "position_rmse": 0.1724836279973231}, "defect_improvement": 1.8263998382458553, "nominal_improvement": 2.017679757063604}
Final selection {"status": "ACCEPT", "alpha": 0.5, "cost": 51.00732110165039, "reason": "Strictly lower defect-aware cost than unchanged-control prediction"}
STOP: candidate prepared; no actual rollout executed.
TRIAL {"trial": 3, "cost": 52.833720939896196, "position_rmse": 0.14862568344508909, "lateness_max": 0.002044575427134987, "selection": "ACCEPT", "update_seconds": 0.4768884799996158}
Reset succeeded: [0. 0. 0. 0. 0. 0.]
    max|Quu|=1.002e+01, cond(Quu)=1.002e+05
    max|Quu|=1.415e+01, cond(Quu)=1.260e+05
    max|Quu|=1.705e+01, cond(Quu)=1.382e+05
    max|Quu|=1.825e+01, cond(Quu)=1.389e+05
    max|Quu|=1.863e+01, cond(Quu)=1.366e+05
    max|Quu|=1.875e+01, cond(Quu)=1.345e+05
    max|Quu|=1.878e+01, cond(Quu)=1.333e+05
    max|Quu|=1.879e+01, cond(Quu)=1.325e+05
    max|Quu|=1.880e+01, cond(Quu)=1.320e+05
    max|Quu|=1.880e+01, cond(Quu)=1.317e+05
    max|Quu|=1.881e+01, cond(Quu)=1.315e+05
    max|Quu|=1.881e+01, cond(Quu)=1.313e+05
    max|Quu|=1.882e+01, cond(Quu)=1.311e+05
    max|Quu|=1.883e+01, cond(Quu)=1.309e+05
    max|Quu|=1.883e+01, cond(Quu)=1.307e+05
    max|Quu|=1.884e+01, cond(Quu)=1.305e+05
    max|Quu|=1.885e+01, cond(Quu)=1.303e+05
    max|Quu|=1.886e+01, cond(Quu)=1.301e+05
    max|Quu|=1.887e+01, cond(Quu)=1.299e+05
    max|Quu|=1.888e+01, cond(Quu)=1.297e+05
    max|Quu|=1.889e+01, cond(Quu)=1.295e+05
    max|Quu|=1.890e+01, cond(Quu)=1.294e+05
    max|Quu|=1.892e+01, cond(Quu)=1.292e+05
    max|Quu|=1.893e+01, cond(Quu)=1.290e+05
    max|Quu|=1.894e+01, cond(Quu)=1.289e+05
    max|Quu|=1.896e+01, cond(Quu)=1.287e+05
    max|Quu|=1.897e+01, cond(Quu)=1.286e+05
    max|Quu|=1.899e+01, cond(Quu)=1.284e+05
    max|Quu|=1.901e+01, cond(Quu)=1.283e+05
    max|Quu|=1.902e+01, cond(Quu)=1.282e+05
    max|Quu|=1.904e+01, cond(Quu)=1.281e+05
    max|Quu|=1.906e+01, cond(Quu)=1.281e+05
    max|Quu|=1.908e+01, cond(Quu)=1.280e+05
    max|Quu|=1.910e+01, cond(Quu)=1.280e+05
    max|Quu|=1.913e+01, cond(Quu)=1.280e+05
    max|Quu|=1.915e+01, cond(Quu)=1.280e+05
    max|Quu|=1.917e+01, cond(Quu)=1.280e+05
    max|Quu|=1.919e+01, cond(Quu)=1.280e+05
    max|Quu|=1.922e+01, cond(Quu)=1.280e+05
    max|Quu|=1.924e+01, cond(Quu)=1.280e+05
    max|Quu|=1.926e+01, cond(Quu)=1.280e+05
    max|Quu|=1.928e+01, cond(Quu)=1.281e+05
    max|Quu|=1.931e+01, cond(Quu)=1.282e+05
    max|Quu|=1.933e+01, cond(Quu)=1.282e+05
    max|Quu|=1.935e+01, cond(Quu)=1.283e+05
    max|Quu|=1.938e+01, cond(Quu)=1.284e+05
    max|Quu|=1.940e+01, cond(Quu)=1.284e+05
    max|Quu|=1.942e+01, cond(Quu)=1.285e+05
    max|Quu|=1.944e+01, cond(Quu)=1.286e+05
    max|Quu|=1.946e+01, cond(Quu)=1.287e+05
    max|Quu|=1.948e+01, cond(Quu)=1.287e+05
    max|Quu|=1.950e+01, cond(Quu)=1.288e+05
    max|Quu|=1.952e+01, cond(Quu)=1.289e+05
    max|Quu|=1.953e+01, cond(Quu)=1.289e+05
    max|Quu|=1.955e+01, cond(Quu)=1.290e+05
    max|Quu|=1.957e+01, cond(Quu)=1.291e+05
    max|Quu|=1.958e+01, cond(Quu)=1.291e+05
    max|Quu|=1.960e+01, cond(Quu)=1.292e+05
    max|Quu|=1.961e+01, cond(Quu)=1.292e+05
    max|Quu|=1.962e+01, cond(Quu)=1.292e+05
    max|Quu|=1.962e+01, cond(Quu)=1.292e+05
    max|Quu|=1.963e+01, cond(Quu)=1.292e+05
    max|Quu|=1.963e+01, cond(Quu)=1.292e+05
    max|Quu|=1.964e+01, cond(Quu)=1.292e+05
    max|Quu|=1.965e+01, cond(Quu)=1.293e+05
    max|Quu|=1.966e+01, cond(Quu)=1.293e+05
    max|Quu|=1.966e+01, cond(Quu)=1.293e+05
    max|Quu|=1.966e+01, cond(Quu)=1.293e+05
    max|Quu|=1.966e+01, cond(Quu)=1.293e+05
    max|Quu|=1.965e+01, cond(Quu)=1.292e+05
    max|Quu|=1.964e+01, cond(Quu)=1.292e+05
    max|Quu|=1.963e+01, cond(Quu)=1.291e+05
    max|Quu|=1.962e+01, cond(Quu)=1.290e+05
    max|Quu|=1.961e+01, cond(Quu)=1.289e+05
    max|Quu|=1.959e+01, cond(Quu)=1.288e+05
    max|Quu|=1.957e+01, cond(Quu)=1.287e+05
    max|Quu|=1.954e+01, cond(Quu)=1.286e+05
    max|Quu|=1.952e+01, cond(Quu)=1.284e+05
    max|Quu|=1.950e+01, cond(Quu)=1.283e+05
    max|Quu|=1.947e+01, cond(Quu)=1.282e+05
    max|Quu|=1.945e+01, cond(Quu)=1.280e+05
    max|Quu|=1.942e+01, cond(Quu)=1.278e+05
    max|Quu|=1.939e+01, cond(Quu)=1.276e+05
    max|Quu|=1.935e+01, cond(Quu)=1.274e+05
    max|Quu|=1.932e+01, cond(Quu)=1.272e+05
    max|Quu|=1.928e+01, cond(Quu)=1.269e+05
    max|Quu|=1.923e+01, cond(Quu)=1.266e+05
    max|Quu|=1.919e+01, cond(Quu)=1.263e+05
    max|Quu|=1.915e+01, cond(Quu)=1.261e+05
    max|Quu|=1.911e+01, cond(Quu)=1.258e+05
    max|Quu|=1.907e+01, cond(Quu)=1.256e+05
    max|Quu|=1.903e+01, cond(Quu)=1.253e+05
    max|Quu|=1.899e+01, cond(Quu)=1.250e+05
    max|Quu|=1.895e+01, cond(Quu)=1.248e+05
    max|Quu|=1.891e+01, cond(Quu)=1.245e+05
    max|Quu|=1.889e+01, cond(Quu)=1.244e+05
    max|Quu|=1.887e+01, cond(Quu)=1.244e+05
    max|Quu|=1.887e+01, cond(Quu)=1.243e+05
    max|Quu|=1.886e+01, cond(Quu)=1.243e+05
    max|Quu|=1.886e+01, cond(Quu)=1.243e+05
    max|Quu|=1.886e+01, cond(Quu)=1.242e+05
    max|Quu|=1.886e+01, cond(Quu)=1.241e+05
    max|Quu|=1.886e+01, cond(Quu)=1.241e+05
    max|Quu|=1.886e+01, cond(Quu)=1.240e+05
    max|Quu|=1.886e+01, cond(Quu)=1.239e+05
    max|Quu|=1.886e+01, cond(Quu)=1.238e+05
    max|Quu|=1.886e+01, cond(Quu)=1.238e+05
    max|Quu|=1.886e+01, cond(Quu)=1.237e+05
    max|Quu|=1.886e+01, cond(Quu)=1.236e+05
    max|Quu|=1.886e+01, cond(Quu)=1.236e+05
    max|Quu|=1.886e+01, cond(Quu)=1.235e+05
Measured previous rollout {"cost": 51.48850804364783, "position_rmse": 0.14191474373070795}
Defect construction {"mean_absolute": 0.06162709533021361, "max_absolute": 2.305391869031716, "max_timestep": 15, "max_state_dimension": 6, "max_state_name": "wheel_speed", "per_state_max_absolute": [0.026568737156107858, 0.013251566554001393, 0.005918878360122448, 0.06985680143741962, 0.01996638908095164, 0.14901297931014024, 2.305391869031716, 1.4210854715202004e-14, 2.7755575615628914e-17]}
Defect reconstruction {"mean_absolute": 2.516193946375237e-18, "max_absolute": 5.551115123125783e-17, "max_timestep": 2, "max_state_dimension": 6, "max_state_name": "wheel_speed", "per_state_max_absolute": [4.336808689942018e-19, 1.3877787807814457e-17, 5.551115123125783e-17, 3.469446951953614e-18, 0.0, 4.336808689942018e-19, 5.551115123125783e-17, 0.0, 0.0]}
alpha=0 max |U_forward - U_old|: 2.19824158875781e-14
Unchanged control baseline {"unchanged_defect": {"cost": 51.48850804364783, "position_rmse": 0.14191474373070795}, "unchanged_nominal": {"cost": 58.338619806682075, "position_rmse": 0.1724836279973231}}
Alpha candidate {"alpha": 0.5, "defect": {"cost": 50.57369650273178, "position_rmse": 0.13831453604193822}, "nominal": {"cost": 56.15777942656536, "position_rmse": 0.16381778054307433}, "defect_improvement": 0.9148115409160553, "nominal_improvement": 2.180840380116713}
Final selection {"status": "ACCEPT", "alpha": 0.5, "cost": 50.57369650273178, "reason": "Strictly lower defect-aware cost than unchanged-control prediction"}
STOP: candidate prepared; no actual rollout executed.
TRIAL {"trial": 4, "cost": 51.48850804364783, "position_rmse": 0.14191474373070795, "lateness_max": 0.003082080143940402, "selection": "ACCEPT", "update_seconds": 0.4624712529985118}
Reset succeeded: [0. 0. 0. 0. 0. 0.]
    max|Quu|=1.002e+01, cond(Quu)=1.002e+05
    max|Quu|=1.415e+01, cond(Quu)=1.260e+05
    max|Quu|=1.705e+01, cond(Quu)=1.382e+05
    max|Quu|=1.825e+01, cond(Quu)=1.389e+05
    max|Quu|=1.863e+01, cond(Quu)=1.366e+05
    max|Quu|=1.875e+01, cond(Quu)=1.345e+05
    max|Quu|=1.878e+01, cond(Quu)=1.333e+05
    max|Quu|=1.879e+01, cond(Quu)=1.325e+05
    max|Quu|=1.880e+01, cond(Quu)=1.320e+05
    max|Quu|=1.880e+01, cond(Quu)=1.317e+05
    max|Quu|=1.881e+01, cond(Quu)=1.315e+05
    max|Quu|=1.881e+01, cond(Quu)=1.313e+05
    max|Quu|=1.882e+01, cond(Quu)=1.311e+05
    max|Quu|=1.882e+01, cond(Quu)=1.309e+05
    max|Quu|=1.883e+01, cond(Quu)=1.307e+05
    max|Quu|=1.884e+01, cond(Quu)=1.305e+05
    max|Quu|=1.885e+01, cond(Quu)=1.303e+05
    max|Quu|=1.886e+01, cond(Quu)=1.301e+05
    max|Quu|=1.887e+01, cond(Quu)=1.299e+05
    max|Quu|=1.888e+01, cond(Quu)=1.297e+05
    max|Quu|=1.889e+01, cond(Quu)=1.295e+05
    max|Quu|=1.890e+01, cond(Quu)=1.294e+05
    max|Quu|=1.892e+01, cond(Quu)=1.292e+05
    max|Quu|=1.893e+01, cond(Quu)=1.290e+05
    max|Quu|=1.894e+01, cond(Quu)=1.289e+05
    max|Quu|=1.896e+01, cond(Quu)=1.287e+05
    max|Quu|=1.897e+01, cond(Quu)=1.286e+05
    max|Quu|=1.899e+01, cond(Quu)=1.284e+05
    max|Quu|=1.900e+01, cond(Quu)=1.283e+05
    max|Quu|=1.902e+01, cond(Quu)=1.282e+05
    max|Quu|=1.904e+01, cond(Quu)=1.281e+05
    max|Quu|=1.906e+01, cond(Quu)=1.281e+05
    max|Quu|=1.908e+01, cond(Quu)=1.280e+05
    max|Quu|=1.910e+01, cond(Quu)=1.280e+05
    max|Quu|=1.912e+01, cond(Quu)=1.279e+05
    max|Quu|=1.915e+01, cond(Quu)=1.279e+05
    max|Quu|=1.917e+01, cond(Quu)=1.279e+05
    max|Quu|=1.919e+01, cond(Quu)=1.280e+05
    max|Quu|=1.921e+01, cond(Quu)=1.280e+05
    max|Quu|=1.923e+01, cond(Quu)=1.280e+05
    max|Quu|=1.926e+01, cond(Quu)=1.280e+05
    max|Quu|=1.928e+01, cond(Quu)=1.281e+05
    max|Quu|=1.930e+01, cond(Quu)=1.281e+05
    max|Quu|=1.933e+01, cond(Quu)=1.282e+05
    max|Quu|=1.935e+01, cond(Quu)=1.283e+05
    max|Quu|=1.937e+01, cond(Quu)=1.283e+05
    max|Quu|=1.939e+01, cond(Quu)=1.284e+05
    max|Quu|=1.941e+01, cond(Quu)=1.285e+05
    max|Quu|=1.944e+01, cond(Quu)=1.286e+05
    max|Quu|=1.946e+01, cond(Quu)=1.286e+05
    max|Quu|=1.948e+01, cond(Quu)=1.287e+05
    max|Quu|=1.949e+01, cond(Quu)=1.288e+05
    max|Quu|=1.951e+01, cond(Quu)=1.288e+05
    max|Quu|=1.953e+01, cond(Quu)=1.289e+05
    max|Quu|=1.955e+01, cond(Quu)=1.290e+05
    max|Quu|=1.957e+01, cond(Quu)=1.290e+05
    max|Quu|=1.958e+01, cond(Quu)=1.291e+05
    max|Quu|=1.959e+01, cond(Quu)=1.291e+05
    max|Quu|=1.961e+01, cond(Quu)=1.292e+05
    max|Quu|=1.962e+01, cond(Quu)=1.292e+05
    max|Quu|=1.962e+01, cond(Quu)=1.292e+05
    max|Quu|=1.963e+01, cond(Quu)=1.292e+05
    max|Quu|=1.963e+01, cond(Quu)=1.292e+05
    max|Quu|=1.964e+01, cond(Quu)=1.292e+05
    max|Quu|=1.964e+01, cond(Quu)=1.292e+05
    max|Quu|=1.965e+01, cond(Quu)=1.293e+05
    max|Quu|=1.966e+01, cond(Quu)=1.293e+05
    max|Quu|=1.966e+01, cond(Quu)=1.293e+05
    max|Quu|=1.966e+01, cond(Quu)=1.293e+05
    max|Quu|=1.965e+01, cond(Quu)=1.293e+05
    max|Quu|=1.965e+01, cond(Quu)=1.292e+05
    max|Quu|=1.964e+01, cond(Quu)=1.292e+05
    max|Quu|=1.963e+01, cond(Quu)=1.291e+05
    max|Quu|=1.961e+01, cond(Quu)=1.290e+05
    max|Quu|=1.959e+01, cond(Quu)=1.289e+05
    max|Quu|=1.957e+01, cond(Quu)=1.287e+05
    max|Quu|=1.954e+01, cond(Quu)=1.286e+05
    max|Quu|=1.952e+01, cond(Quu)=1.284e+05
    max|Quu|=1.950e+01, cond(Quu)=1.283e+05
    max|Quu|=1.948e+01, cond(Quu)=1.282e+05
    max|Quu|=1.946e+01, cond(Quu)=1.280e+05
    max|Quu|=1.942e+01, cond(Quu)=1.279e+05
    max|Quu|=1.939e+01, cond(Quu)=1.276e+05
    max|Quu|=1.935e+01, cond(Quu)=1.274e+05
    max|Quu|=1.932e+01, cond(Quu)=1.272e+05
    max|Quu|=1.928e+01, cond(Quu)=1.270e+05
    max|Quu|=1.924e+01, cond(Quu)=1.267e+05
    max|Quu|=1.920e+01, cond(Quu)=1.264e+05
    max|Quu|=1.915e+01, cond(Quu)=1.261e+05
    max|Quu|=1.911e+01, cond(Quu)=1.258e+05
    max|Quu|=1.906e+01, cond(Quu)=1.255e+05
    max|Quu|=1.902e+01, cond(Quu)=1.253e+05
    max|Quu|=1.899e+01, cond(Quu)=1.250e+05
    max|Quu|=1.895e+01, cond(Quu)=1.248e+05
    max|Quu|=1.891e+01, cond(Quu)=1.246e+05
    max|Quu|=1.889e+01, cond(Quu)=1.244e+05
    max|Quu|=1.887e+01, cond(Quu)=1.243e+05
    max|Quu|=1.887e+01, cond(Quu)=1.243e+05
    max|Quu|=1.886e+01, cond(Quu)=1.242e+05
    max|Quu|=1.886e+01, cond(Quu)=1.242e+05
    max|Quu|=1.886e+01, cond(Quu)=1.241e+05
    max|Quu|=1.886e+01, cond(Quu)=1.241e+05
    max|Quu|=1.886e+01, cond(Quu)=1.240e+05
    max|Quu|=1.886e+01, cond(Quu)=1.239e+05
    max|Quu|=1.886e+01, cond(Quu)=1.239e+05
    max|Quu|=1.886e+01, cond(Quu)=1.238e+05
    max|Quu|=1.886e+01, cond(Quu)=1.237e+05
    max|Quu|=1.886e+01, cond(Quu)=1.237e+05
    max|Quu|=1.886e+01, cond(Quu)=1.236e+05
    max|Quu|=1.886e+01, cond(Quu)=1.235e+05
    max|Quu|=1.886e+01, cond(Quu)=1.235e+05
Measured previous rollout {"cost": 51.1082501956172, "position_rmse": 0.14021988682562198}
Defect construction {"mean_absolute": 0.06219759556751911, "max_absolute": 2.3038521782212023, "max_timestep": 19, "max_state_dimension": 6, "max_state_name": "wheel_speed", "per_state_max_absolute": [0.02653541709645668, 0.01312114048609414, 0.005934335454849671, 0.06663191858639417, 0.01961669183632279, 0.15799774296536745, 2.3038521782212023, 1.4210854715202004e-14, 2.7755575615628914e-17]}
Defect reconstruction {"mean_absolute": 4.0375518562807506e-17, "max_absolute": 6.661338147750939e-16, "max_timestep": 80, "max_state_dimension": 1, "max_state_name": "y", "per_state_max_absolute": [5.082197683525802e-21, 6.661338147750939e-16, 3.0531133177191805e-16, 4.336808689942018e-19, 0.0, 4.336808689942018e-19, 2.7755575615628914e-17, 0.0, 0.0]}
alpha=0 max |U_forward - U_old|: 4.618527782440651e-14
Unchanged control baseline {"unchanged_defect": {"cost": 51.108250195617195, "position_rmse": 0.14021988682562198}, "unchanged_nominal": {"cost": 56.15777942656536, "position_rmse": 0.16381778054307433}}
Alpha candidate {"alpha": 0.5, "defect": {"cost": 50.796935330946326, "position_rmse": 0.1386357527195076}, "nominal": {"cost": 55.16085105365835, "position_rmse": 0.1591482699846201}, "defect_improvement": 0.31131486467086944, "nominal_improvement": 0.9969283729070142}
Final selection {"status": "ACCEPT", "alpha": 0.5, "cost": 50.796935330946326, "reason": "Strictly lower defect-aware cost than unchanged-control prediction"}
STOP: candidate prepared; no actual rollout executed.
TRIAL {"trial": 5, "cost": 51.1082501956172, "position_rmse": 0.14021988682562198, "lateness_max": 0.003829451285128016, "selection": "ACCEPT", "update_seconds": 0.5343130559995188}
Reset succeeded: [0. 0. 0. 0. 0. 0.]
    max|Quu|=1.002e+01, cond(Quu)=1.002e+05
    max|Quu|=1.415e+01, cond(Quu)=1.260e+05
    max|Quu|=1.705e+01, cond(Quu)=1.382e+05
    max|Quu|=1.825e+01, cond(Quu)=1.389e+05
    max|Quu|=1.863e+01, cond(Quu)=1.366e+05
    max|Quu|=1.875e+01, cond(Quu)=1.345e+05
    max|Quu|=1.878e+01, cond(Quu)=1.333e+05
    max|Quu|=1.879e+01, cond(Quu)=1.325e+05
    max|Quu|=1.880e+01, cond(Quu)=1.320e+05
    max|Quu|=1.880e+01, cond(Quu)=1.317e+05
    max|Quu|=1.881e+01, cond(Quu)=1.315e+05
    max|Quu|=1.881e+01, cond(Quu)=1.313e+05
    max|Quu|=1.882e+01, cond(Quu)=1.311e+05
    max|Quu|=1.882e+01, cond(Quu)=1.309e+05
    max|Quu|=1.883e+01, cond(Quu)=1.307e+05
    max|Quu|=1.884e+01, cond(Quu)=1.305e+05
    max|Quu|=1.885e+01, cond(Quu)=1.303e+05
    max|Quu|=1.886e+01, cond(Quu)=1.301e+05
    max|Quu|=1.887e+01, cond(Quu)=1.299e+05
    max|Quu|=1.888e+01, cond(Quu)=1.297e+05
    max|Quu|=1.889e+01, cond(Quu)=1.295e+05
    max|Quu|=1.890e+01, cond(Quu)=1.294e+05
    max|Quu|=1.891e+01, cond(Quu)=1.292e+05
    max|Quu|=1.893e+01, cond(Quu)=1.290e+05
    max|Quu|=1.894e+01, cond(Quu)=1.289e+05
    max|Quu|=1.896e+01, cond(Quu)=1.287e+05
    max|Quu|=1.897e+01, cond(Quu)=1.286e+05
    max|Quu|=1.899e+01, cond(Quu)=1.284e+05
    max|Quu|=1.900e+01, cond(Quu)=1.283e+05
    max|Quu|=1.902e+01, cond(Quu)=1.282e+05
    max|Quu|=1.904e+01, cond(Quu)=1.281e+05
    max|Quu|=1.906e+01, cond(Quu)=1.280e+05
    max|Quu|=1.908e+01, cond(Quu)=1.280e+05
    max|Quu|=1.910e+01, cond(Quu)=1.280e+05
    max|Quu|=1.912e+01, cond(Quu)=1.279e+05
    max|Quu|=1.914e+01, cond(Quu)=1.279e+05
    max|Quu|=1.917e+01, cond(Quu)=1.279e+05
    max|Quu|=1.919e+01, cond(Quu)=1.279e+05
    max|Quu|=1.921e+01, cond(Quu)=1.280e+05
    max|Quu|=1.923e+01, cond(Quu)=1.280e+05
    max|Quu|=1.925e+01, cond(Quu)=1.280e+05
    max|Quu|=1.928e+01, cond(Quu)=1.281e+05
    max|Quu|=1.930e+01, cond(Quu)=1.281e+05
    max|Quu|=1.932e+01, cond(Quu)=1.282e+05
    max|Quu|=1.935e+01, cond(Quu)=1.282e+05
    max|Quu|=1.937e+01, cond(Quu)=1.283e+05
    max|Quu|=1.939e+01, cond(Quu)=1.284e+05
    max|Quu|=1.941e+01, cond(Quu)=1.285e+05
    max|Quu|=1.943e+01, cond(Quu)=1.285e+05
    max|Quu|=1.945e+01, cond(Quu)=1.286e+05
    max|Quu|=1.947e+01, cond(Quu)=1.287e+05
    max|Quu|=1.949e+01, cond(Quu)=1.287e+05
    max|Quu|=1.951e+01, cond(Quu)=1.288e+05
    max|Quu|=1.953e+01, cond(Quu)=1.289e+05
    max|Quu|=1.955e+01, cond(Quu)=1.290e+05
    max|Quu|=1.956e+01, cond(Quu)=1.290e+05
    max|Quu|=1.958e+01, cond(Quu)=1.291e+05
    max|Quu|=1.959e+01, cond(Quu)=1.291e+05
    max|Quu|=1.960e+01, cond(Quu)=1.292e+05
    max|Quu|=1.961e+01, cond(Quu)=1.292e+05
    max|Quu|=1.962e+01, cond(Quu)=1.292e+05
    max|Quu|=1.963e+01, cond(Quu)=1.292e+05
    max|Quu|=1.963e+01, cond(Quu)=1.292e+05
    max|Quu|=1.964e+01, cond(Quu)=1.292e+05
    max|Quu|=1.964e+01, cond(Quu)=1.292e+05
    max|Quu|=1.965e+01, cond(Quu)=1.293e+05
    max|Quu|=1.966e+01, cond(Quu)=1.293e+05
    max|Quu|=1.966e+01, cond(Quu)=1.293e+05
    max|Quu|=1.966e+01, cond(Quu)=1.293e+05
    max|Quu|=1.966e+01, cond(Quu)=1.293e+05
    max|Quu|=1.965e+01, cond(Quu)=1.292e+05
    max|Quu|=1.964e+01, cond(Quu)=1.292e+05
    max|Quu|=1.963e+01, cond(Quu)=1.291e+05
    max|Quu|=1.962e+01, cond(Quu)=1.290e+05
    max|Quu|=1.959e+01, cond(Quu)=1.289e+05
    max|Quu|=1.957e+01, cond(Quu)=1.287e+05
    max|Quu|=1.955e+01, cond(Quu)=1.286e+05
    max|Quu|=1.953e+01, cond(Quu)=1.285e+05
    max|Quu|=1.951e+01, cond(Quu)=1.284e+05
    max|Quu|=1.949e+01, cond(Quu)=1.282e+05
    max|Quu|=1.946e+01, cond(Quu)=1.281e+05
    max|Quu|=1.943e+01, cond(Quu)=1.279e+05
    max|Quu|=1.939e+01, cond(Quu)=1.277e+05
    max|Quu|=1.936e+01, cond(Quu)=1.275e+05
    max|Quu|=1.933e+01, cond(Quu)=1.272e+05
    max|Quu|=1.929e+01, cond(Quu)=1.270e+05
    max|Quu|=1.924e+01, cond(Quu)=1.267e+05
    max|Quu|=1.920e+01, cond(Quu)=1.264e+05
    max|Quu|=1.915e+01, cond(Quu)=1.261e+05
    max|Quu|=1.911e+01, cond(Quu)=1.258e+05
    max|Quu|=1.907e+01, cond(Quu)=1.256e+05
    max|Quu|=1.903e+01, cond(Quu)=1.253e+05
    max|Quu|=1.899e+01, cond(Quu)=1.251e+05
    max|Quu|=1.895e+01, cond(Quu)=1.248e+05
    max|Quu|=1.892e+01, cond(Quu)=1.245e+05
    max|Quu|=1.889e+01, cond(Quu)=1.244e+05
    max|Quu|=1.887e+01, cond(Quu)=1.243e+05
    max|Quu|=1.887e+01, cond(Quu)=1.243e+05
    max|Quu|=1.886e+01, cond(Quu)=1.243e+05
    max|Quu|=1.886e+01, cond(Quu)=1.242e+05
    max|Quu|=1.886e+01, cond(Quu)=1.242e+05
    max|Quu|=1.886e+01, cond(Quu)=1.241e+05
    max|Quu|=1.886e+01, cond(Quu)=1.240e+05
    max|Quu|=1.886e+01, cond(Quu)=1.240e+05
    max|Quu|=1.886e+01, cond(Quu)=1.239e+05
    max|Quu|=1.886e+01, cond(Quu)=1.238e+05
    max|Quu|=1.886e+01, cond(Quu)=1.237e+05
    max|Quu|=1.886e+01, cond(Quu)=1.237e+05
    max|Quu|=1.886e+01, cond(Quu)=1.236e+05
    max|Quu|=1.886e+01, cond(Quu)=1.236e+05
    max|Quu|=1.886e+01, cond(Quu)=1.235e+05
Measured previous rollout {"cost": 50.58915432848144, "position_rmse": 0.13698318640799095}
Defect construction {"mean_absolute": 0.06276744126114826, "max_absolute": 2.3366216416432017, "max_timestep": 20, "max_state_dimension": 6, "max_state_name": "wheel_speed", "per_state_max_absolute": [0.026631392834062684, 0.013140134316059537, 0.006058072319456014, 0.06911810149544889, 0.019472660921637363, 0.16116457269848633, 2.3366216416432017, 1.4210854715202004e-14, 2.7755575615628914e-17]}
Defect reconstruction {"mean_absolute": 8.442140477432683e-19, "max_absolute": 5.551115123125783e-17, "max_timestep": 43, "max_state_dimension": 2, "max_state_name": "heading", "per_state_max_absolute": [2.710505431213761e-20, 1.734723475976807e-18, 5.551115123125783e-17, 1.734723475976807e-18, 0.0, 4.336808689942018e-19, 2.7755575615628914e-17, 0.0, 0.0]}
alpha=0 max |U_forward - U_old|: 3.730349362740526e-14
Unchanged control baseline {"unchanged_defect": {"cost": 50.58915432848144, "position_rmse": 0.13698318640799095}, "unchanged_nominal": {"cost": 55.16085105365835, "position_rmse": 0.1591482699846201}}
Alpha candidate {"alpha": 0.5, "defect": {"cost": 50.37465625270461, "position_rmse": 0.13662001408296165}, "nominal": {"cost": 53.92142506968693, "position_rmse": 0.15425642621426253}, "defect_improvement": 0.2144980757768309, "nominal_improvement": 1.2394259839714152}
Final selection {"status": "ACCEPT", "alpha": 0.5, "cost": 50.37465625270461, "reason": "Strictly lower defect-aware cost than unchanged-control prediction"}
STOP: candidate prepared; no actual rollout executed.
TRIAL {"trial": 6, "cost": 50.58915432848144, "position_rmse": 0.13698318640799095, "lateness_max": 0.002162808712455444, "selection": "ACCEPT", "update_seconds": 0.504486497000471}
Reset succeeded: [0. 0. 0. 0. 0. 0.]
    max|Quu|=1.002e+01, cond(Quu)=1.002e+05
    max|Quu|=1.415e+01, cond(Quu)=1.260e+05
    max|Quu|=1.705e+01, cond(Quu)=1.382e+05
    max|Quu|=1.825e+01, cond(Quu)=1.389e+05
    max|Quu|=1.863e+01, cond(Quu)=1.366e+05
    max|Quu|=1.875e+01, cond(Quu)=1.345e+05
    max|Quu|=1.878e+01, cond(Quu)=1.333e+05
    max|Quu|=1.879e+01, cond(Quu)=1.325e+05
    max|Quu|=1.880e+01, cond(Quu)=1.320e+05
    max|Quu|=1.880e+01, cond(Quu)=1.317e+05
    max|Quu|=1.881e+01, cond(Quu)=1.315e+05
    max|Quu|=1.881e+01, cond(Quu)=1.313e+05
    max|Quu|=1.882e+01, cond(Quu)=1.311e+05
    max|Quu|=1.882e+01, cond(Quu)=1.309e+05
    max|Quu|=1.883e+01, cond(Quu)=1.307e+05
    max|Quu|=1.884e+01, cond(Quu)=1.305e+05
    max|Quu|=1.885e+01, cond(Quu)=1.303e+05
    max|Quu|=1.886e+01, cond(Quu)=1.301e+05
    max|Quu|=1.887e+01, cond(Quu)=1.299e+05
    max|Quu|=1.888e+01, cond(Quu)=1.297e+05
    max|Quu|=1.889e+01, cond(Quu)=1.295e+05
    max|Quu|=1.890e+01, cond(Quu)=1.294e+05
    max|Quu|=1.891e+01, cond(Quu)=1.292e+05
    max|Quu|=1.893e+01, cond(Quu)=1.290e+05
    max|Quu|=1.894e+01, cond(Quu)=1.289e+05
    max|Quu|=1.896e+01, cond(Quu)=1.287e+05
    max|Quu|=1.897e+01, cond(Quu)=1.286e+05
    max|Quu|=1.899e+01, cond(Quu)=1.284e+05
    max|Quu|=1.900e+01, cond(Quu)=1.283e+05
    max|Quu|=1.902e+01, cond(Quu)=1.282e+05
    max|Quu|=1.904e+01, cond(Quu)=1.281e+05
    max|Quu|=1.906e+01, cond(Quu)=1.280e+05
    max|Quu|=1.908e+01, cond(Quu)=1.280e+05
    max|Quu|=1.910e+01, cond(Quu)=1.280e+05
    max|Quu|=1.912e+01, cond(Quu)=1.279e+05
    max|Quu|=1.914e+01, cond(Quu)=1.279e+05
    max|Quu|=1.917e+01, cond(Quu)=1.279e+05
    max|Quu|=1.919e+01, cond(Quu)=1.279e+05
    max|Quu|=1.921e+01, cond(Quu)=1.279e+05
    max|Quu|=1.923e+01, cond(Quu)=1.280e+05
    max|Quu|=1.925e+01, cond(Quu)=1.280e+05
    max|Quu|=1.928e+01, cond(Quu)=1.281e+05
    max|Quu|=1.930e+01, cond(Quu)=1.281e+05
    max|Quu|=1.932e+01, cond(Quu)=1.282e+05
    max|Quu|=1.935e+01, cond(Quu)=1.282e+05
    max|Quu|=1.937e+01, cond(Quu)=1.283e+05
    max|Quu|=1.939e+01, cond(Quu)=1.284e+05
    max|Quu|=1.941e+01, cond(Quu)=1.285e+05
    max|Quu|=1.943e+01, cond(Quu)=1.285e+05
    max|Quu|=1.945e+01, cond(Quu)=1.286e+05
    max|Quu|=1.947e+01, cond(Quu)=1.287e+05
    max|Quu|=1.949e+01, cond(Quu)=1.287e+05
    max|Quu|=1.951e+01, cond(Quu)=1.288e+05
    max|Quu|=1.953e+01, cond(Quu)=1.289e+05
    max|Quu|=1.955e+01, cond(Quu)=1.290e+05
    max|Quu|=1.956e+01, cond(Quu)=1.290e+05
    max|Quu|=1.958e+01, cond(Quu)=1.291e+05
    max|Quu|=1.959e+01, cond(Quu)=1.291e+05
    max|Quu|=1.960e+01, cond(Quu)=1.292e+05
    max|Quu|=1.961e+01, cond(Quu)=1.292e+05
    max|Quu|=1.962e+01, cond(Quu)=1.292e+05
    max|Quu|=1.963e+01, cond(Quu)=1.292e+05
    max|Quu|=1.963e+01, cond(Quu)=1.292e+05
    max|Quu|=1.964e+01, cond(Quu)=1.292e+05
    max|Quu|=1.965e+01, cond(Quu)=1.293e+05
    max|Quu|=1.966e+01, cond(Quu)=1.293e+05
    max|Quu|=1.966e+01, cond(Quu)=1.293e+05
    max|Quu|=1.966e+01, cond(Quu)=1.293e+05
    max|Quu|=1.966e+01, cond(Quu)=1.293e+05
    max|Quu|=1.966e+01, cond(Quu)=1.293e+05
    max|Quu|=1.965e+01, cond(Quu)=1.292e+05
    max|Quu|=1.964e+01, cond(Quu)=1.292e+05
    max|Quu|=1.963e+01, cond(Quu)=1.291e+05
    max|Quu|=1.961e+01, cond(Quu)=1.290e+05
    max|Quu|=1.959e+01, cond(Quu)=1.289e+05
    max|Quu|=1.957e+01, cond(Quu)=1.287e+05
    max|Quu|=1.955e+01, cond(Quu)=1.286e+05
    max|Quu|=1.953e+01, cond(Quu)=1.285e+05
    max|Quu|=1.951e+01, cond(Quu)=1.284e+05
    max|Quu|=1.948e+01, cond(Quu)=1.282e+05
    max|Quu|=1.945e+01, cond(Quu)=1.280e+05
    max|Quu|=1.943e+01, cond(Quu)=1.279e+05
    max|Quu|=1.940e+01, cond(Quu)=1.277e+05
    max|Quu|=1.936e+01, cond(Quu)=1.275e+05
    max|Quu|=1.932e+01, cond(Quu)=1.272e+05
    max|Quu|=1.928e+01, cond(Quu)=1.269e+05
    max|Quu|=1.924e+01, cond(Quu)=1.267e+05
    max|Quu|=1.919e+01, cond(Quu)=1.264e+05
    max|Quu|=1.915e+01, cond(Quu)=1.261e+05
    max|Quu|=1.911e+01, cond(Quu)=1.259e+05
    max|Quu|=1.907e+01, cond(Quu)=1.256e+05
    max|Quu|=1.903e+01, cond(Quu)=1.253e+05
    max|Quu|=1.899e+01, cond(Quu)=1.250e+05
    max|Quu|=1.895e+01, cond(Quu)=1.248e+05
    max|Quu|=1.891e+01, cond(Quu)=1.245e+05
    max|Quu|=1.889e+01, cond(Quu)=1.244e+05
    max|Quu|=1.887e+01, cond(Quu)=1.244e+05
    max|Quu|=1.887e+01, cond(Quu)=1.243e+05
    max|Quu|=1.886e+01, cond(Quu)=1.243e+05
    max|Quu|=1.886e+01, cond(Quu)=1.243e+05
    max|Quu|=1.886e+01, cond(Quu)=1.242e+05
    max|Quu|=1.886e+01, cond(Quu)=1.241e+05
    max|Quu|=1.886e+01, cond(Quu)=1.241e+05
    max|Quu|=1.886e+01, cond(Quu)=1.240e+05
    max|Quu|=1.886e+01, cond(Quu)=1.239e+05
    max|Quu|=1.886e+01, cond(Quu)=1.238e+05
    max|Quu|=1.886e+01, cond(Quu)=1.238e+05
    max|Quu|=1.886e+01, cond(Quu)=1.237e+05
    max|Quu|=1.886e+01, cond(Quu)=1.236e+05
    max|Quu|=1.886e+01, cond(Quu)=1.236e+05
    max|Quu|=1.886e+01, cond(Quu)=1.235e+05
Measured previous rollout {"cost": 50.85623326988188, "position_rmse": 0.14018933075589735}
Defect construction {"mean_absolute": 0.06282052597386652, "max_absolute": 2.341225673117222, "max_timestep": 15, "max_state_dimension": 6, "max_state_name": "wheel_speed", "per_state_max_absolute": [0.026698534403359453, 0.013142870715598165, 0.005760004837668559, 0.07015664929573578, 0.019453396870540957, 0.14606672465941717, 2.341225673117222, 1.4210854715202004e-14, 2.7755575615628914e-17]}
Defect reconstruction {"mean_absolute": 4.221791367499735e-18, "max_absolute": 4.440892098500626e-16, "max_timestep": 110, "max_state_dimension": 1, "max_state_name": "y", "per_state_max_absolute": [2.710505431213761e-20, 4.440892098500626e-16, 8.326672684688674e-17, 0.0, 0.0, 4.336808689942018e-19, 5.551115123125783e-17, 0.0, 0.0]}
alpha=0 max |U_forward - U_old|: 7.993605777301127e-15
Unchanged control baseline {"unchanged_defect": {"cost": 50.85623326988188, "position_rmse": 0.14018933075589735}, "unchanged_nominal": {"cost": 53.92142506968693, "position_rmse": 0.15425642621426253}}
Alpha candidate {"alpha": 0.5, "defect": {"cost": 50.83077656335328, "position_rmse": 0.13897037728786543}, "nominal": {"cost": 54.59085273864953, "position_rmse": 0.15662261879382702}, "defect_improvement": 0.025456706528601103, "nominal_improvement": -0.669427668962598}
Final selection {"status": "ACCEPT", "alpha": 0.5, "cost": 50.83077656335328, "reason": "Strictly lower defect-aware cost than unchanged-control prediction"}
STOP: candidate prepared; no actual rollout executed.
TRIAL {"trial": 7, "cost": 50.85623326988188, "position_rmse": 0.14018933075589735, "lateness_max": 0.0024205151457863394, "selection": "ACCEPT", "update_seconds": 0.4656830190033361}
Reset succeeded: [0. 0. 0. 0. 0. 0.]
    max|Quu|=1.002e+01, cond(Quu)=1.002e+05
    max|Quu|=1.415e+01, cond(Quu)=1.260e+05
    max|Quu|=1.705e+01, cond(Quu)=1.382e+05
    max|Quu|=1.825e+01, cond(Quu)=1.389e+05
    max|Quu|=1.863e+01, cond(Quu)=1.366e+05
    max|Quu|=1.875e+01, cond(Quu)=1.345e+05
    max|Quu|=1.878e+01, cond(Quu)=1.333e+05
    max|Quu|=1.879e+01, cond(Quu)=1.325e+05
    max|Quu|=1.880e+01, cond(Quu)=1.320e+05
    max|Quu|=1.880e+01, cond(Quu)=1.317e+05
    max|Quu|=1.881e+01, cond(Quu)=1.315e+05
    max|Quu|=1.881e+01, cond(Quu)=1.313e+05
    max|Quu|=1.882e+01, cond(Quu)=1.311e+05
    max|Quu|=1.882e+01, cond(Quu)=1.309e+05
    max|Quu|=1.883e+01, cond(Quu)=1.307e+05
    max|Quu|=1.884e+01, cond(Quu)=1.305e+05
    max|Quu|=1.885e+01, cond(Quu)=1.303e+05
    max|Quu|=1.886e+01, cond(Quu)=1.301e+05
    max|Quu|=1.887e+01, cond(Quu)=1.299e+05
    max|Quu|=1.888e+01, cond(Quu)=1.297e+05
    max|Quu|=1.889e+01, cond(Quu)=1.295e+05
    max|Quu|=1.890e+01, cond(Quu)=1.294e+05
    max|Quu|=1.891e+01, cond(Quu)=1.292e+05
    max|Quu|=1.893e+01, cond(Quu)=1.290e+05
    max|Quu|=1.894e+01, cond(Quu)=1.289e+05
    max|Quu|=1.896e+01, cond(Quu)=1.287e+05
    max|Quu|=1.897e+01, cond(Quu)=1.286e+05
    max|Quu|=1.899e+01, cond(Quu)=1.284e+05
    max|Quu|=1.900e+01, cond(Quu)=1.283e+05
    max|Quu|=1.902e+01, cond(Quu)=1.282e+05
    max|Quu|=1.904e+01, cond(Quu)=1.281e+05
    max|Quu|=1.906e+01, cond(Quu)=1.280e+05
    max|Quu|=1.908e+01, cond(Quu)=1.280e+05
    max|Quu|=1.910e+01, cond(Quu)=1.280e+05
    max|Quu|=1.912e+01, cond(Quu)=1.279e+05
    max|Quu|=1.914e+01, cond(Quu)=1.279e+05
    max|Quu|=1.917e+01, cond(Quu)=1.279e+05
    max|Quu|=1.919e+01, cond(Quu)=1.279e+05
    max|Quu|=1.921e+01, cond(Quu)=1.280e+05
    max|Quu|=1.923e+01, cond(Quu)=1.280e+05
    max|Quu|=1.925e+01, cond(Quu)=1.280e+05
    max|Quu|=1.928e+01, cond(Quu)=1.281e+05
    max|Quu|=1.930e+01, cond(Quu)=1.281e+05
    max|Quu|=1.932e+01, cond(Quu)=1.282e+05
    max|Quu|=1.935e+01, cond(Quu)=1.282e+05
    max|Quu|=1.937e+01, cond(Quu)=1.283e+05
    max|Quu|=1.939e+01, cond(Quu)=1.284e+05
    max|Quu|=1.941e+01, cond(Quu)=1.285e+05
    max|Quu|=1.943e+01, cond(Quu)=1.285e+05
    max|Quu|=1.945e+01, cond(Quu)=1.286e+05
    max|Quu|=1.947e+01, cond(Quu)=1.287e+05
    max|Quu|=1.949e+01, cond(Quu)=1.287e+05
    max|Quu|=1.951e+01, cond(Quu)=1.288e+05
    max|Quu|=1.953e+01, cond(Quu)=1.289e+05
    max|Quu|=1.955e+01, cond(Quu)=1.290e+05
    max|Quu|=1.956e+01, cond(Quu)=1.290e+05
    max|Quu|=1.958e+01, cond(Quu)=1.291e+05
    max|Quu|=1.959e+01, cond(Quu)=1.291e+05
    max|Quu|=1.960e+01, cond(Quu)=1.292e+05
    max|Quu|=1.961e+01, cond(Quu)=1.292e+05
    max|Quu|=1.962e+01, cond(Quu)=1.292e+05
    max|Quu|=1.963e+01, cond(Quu)=1.292e+05
    max|Quu|=1.963e+01, cond(Quu)=1.292e+05
    max|Quu|=1.964e+01, cond(Quu)=1.292e+05
    max|Quu|=1.965e+01, cond(Quu)=1.293e+05
    max|Quu|=1.966e+01, cond(Quu)=1.293e+05
    max|Quu|=1.966e+01, cond(Quu)=1.293e+05
    max|Quu|=1.966e+01, cond(Quu)=1.293e+05
    max|Quu|=1.966e+01, cond(Quu)=1.293e+05
    max|Quu|=1.966e+01, cond(Quu)=1.293e+05
    max|Quu|=1.965e+01, cond(Quu)=1.292e+05
    max|Quu|=1.964e+01, cond(Quu)=1.292e+05
    max|Quu|=1.963e+01, cond(Quu)=1.291e+05
    max|Quu|=1.962e+01, cond(Quu)=1.290e+05
    max|Quu|=1.959e+01, cond(Quu)=1.289e+05
    max|Quu|=1.957e+01, cond(Quu)=1.287e+05
    max|Quu|=1.955e+01, cond(Quu)=1.286e+05
    max|Quu|=1.953e+01, cond(Quu)=1.285e+05
    max|Quu|=1.951e+01, cond(Quu)=1.284e+05
    max|Quu|=1.949e+01, cond(Quu)=1.282e+05
    max|Quu|=1.946e+01, cond(Quu)=1.281e+05
    max|Quu|=1.943e+01, cond(Quu)=1.279e+05
    max|Quu|=1.940e+01, cond(Quu)=1.277e+05
    max|Quu|=1.937e+01, cond(Quu)=1.275e+05
    max|Quu|=1.933e+01, cond(Quu)=1.272e+05
    max|Quu|=1.929e+01, cond(Quu)=1.270e+05
    max|Quu|=1.924e+01, cond(Quu)=1.267e+05
    max|Quu|=1.920e+01, cond(Quu)=1.264e+05
    max|Quu|=1.915e+01, cond(Quu)=1.261e+05
    max|Quu|=1.911e+01, cond(Quu)=1.258e+05
    max|Quu|=1.907e+01, cond(Quu)=1.256e+05
    max|Quu|=1.903e+01, cond(Quu)=1.253e+05
    max|Quu|=1.899e+01, cond(Quu)=1.251e+05
    max|Quu|=1.895e+01, cond(Quu)=1.248e+05
    max|Quu|=1.892e+01, cond(Quu)=1.245e+05
    max|Quu|=1.889e+01, cond(Quu)=1.244e+05
    max|Quu|=1.887e+01, cond(Quu)=1.244e+05
    max|Quu|=1.887e+01, cond(Quu)=1.244e+05
    max|Quu|=1.886e+01, cond(Quu)=1.243e+05
    max|Quu|=1.886e+01, cond(Quu)=1.243e+05
    max|Quu|=1.886e+01, cond(Quu)=1.242e+05
    max|Quu|=1.886e+01, cond(Quu)=1.242e+05
    max|Quu|=1.886e+01, cond(Quu)=1.241e+05
    max|Quu|=1.886e+01, cond(Quu)=1.240e+05
    max|Quu|=1.886e+01, cond(Quu)=1.239e+05
    max|Quu|=1.886e+01, cond(Quu)=1.238e+05
    max|Quu|=1.886e+01, cond(Quu)=1.238e+05
    max|Quu|=1.886e+01, cond(Quu)=1.237e+05
    max|Quu|=1.886e+01, cond(Quu)=1.236e+05
    max|Quu|=1.886e+01, cond(Quu)=1.236e+05
    max|Quu|=1.886e+01, cond(Quu)=1.235e+05
Measured previous rollout {"cost": 50.74833599999196, "position_rmse": 0.13764956720184962}
Defect construction {"mean_absolute": 0.06325430983598292, "max_absolute": 2.3641866391158075, "max_timestep": 15, "max_state_dimension": 6, "max_state_name": "wheel_speed", "per_state_max_absolute": [0.026722872228653216, 0.01306107929062561, 0.006045077550124539, 0.06907411239498021, 0.019389302621423927, 0.1603748950301121, 2.3641866391158075, 1.4210854715202004e-14, 2.7755575615628914e-17]}
Defect reconstruction {"mean_absolute": 6.062359125692795e-18, "max_absolute": 4.440892098500626e-16, "max_timestep": 102, "max_state_dimension": 1, "max_state_name": "y", "per_state_max_absolute": [2.710505431213761e-20, 4.440892098500626e-16, 7.28583859910259e-17, 8.673617379884035e-19, 0.0, 4.336808689942018e-19, 2.7755575615628914e-17, 0.0, 0.0]}
alpha=0 max |U_forward - U_old|: 2.1316282072803006e-14
Unchanged control baseline {"unchanged_defect": {"cost": 50.748335999991966, "position_rmse": 0.13764956720184962}, "unchanged_nominal": {"cost": 54.59085273864953, "position_rmse": 0.15662261879382702}}
Alpha candidate {"alpha": 0.5, "defect": {"cost": 50.71008520112623, "position_rmse": 0.13795455404771664}, "nominal": {"cost": 53.96412700191299, "position_rmse": 0.1544024849363694}, "defect_improvement": 0.03825079886573235, "nominal_improvement": 0.6267257367365389}
Final selection {"status": "ACCEPT", "alpha": 0.5, "cost": 50.71008520112623, "reason": "Strictly lower defect-aware cost than unchanged-control prediction"}
STOP: candidate prepared; no actual rollout executed.
TRIAL {"trial": 8, "cost": 50.74833599999196, "position_rmse": 0.13764956720184962, "lateness_max": 0.0026666747144190595, "selection": "ACCEPT", "update_seconds": 0.4688022540030943}
Reset succeeded: [0. 0. 0. 0. 0. 0.]
    max|Quu|=1.002e+01, cond(Quu)=1.002e+05
    max|Quu|=1.415e+01, cond(Quu)=1.260e+05
    max|Quu|=1.705e+01, cond(Quu)=1.382e+05
    max|Quu|=1.825e+01, cond(Quu)=1.389e+05
    max|Quu|=1.863e+01, cond(Quu)=1.366e+05
    max|Quu|=1.875e+01, cond(Quu)=1.345e+05
    max|Quu|=1.878e+01, cond(Quu)=1.333e+05
    max|Quu|=1.879e+01, cond(Quu)=1.325e+05
    max|Quu|=1.880e+01, cond(Quu)=1.320e+05
    max|Quu|=1.880e+01, cond(Quu)=1.317e+05
    max|Quu|=1.881e+01, cond(Quu)=1.315e+05
    max|Quu|=1.881e+01, cond(Quu)=1.313e+05
    max|Quu|=1.882e+01, cond(Quu)=1.311e+05
    max|Quu|=1.882e+01, cond(Quu)=1.309e+05
    max|Quu|=1.883e+01, cond(Quu)=1.307e+05
    max|Quu|=1.884e+01, cond(Quu)=1.305e+05
    max|Quu|=1.885e+01, cond(Quu)=1.303e+05
    max|Quu|=1.886e+01, cond(Quu)=1.301e+05
    max|Quu|=1.887e+01, cond(Quu)=1.299e+05
    max|Quu|=1.888e+01, cond(Quu)=1.297e+05
    max|Quu|=1.889e+01, cond(Quu)=1.295e+05
    max|Quu|=1.890e+01, cond(Quu)=1.294e+05
    max|Quu|=1.891e+01, cond(Quu)=1.292e+05
    max|Quu|=1.893e+01, cond(Quu)=1.290e+05
    max|Quu|=1.894e+01, cond(Quu)=1.289e+05
    max|Quu|=1.896e+01, cond(Quu)=1.287e+05
    max|Quu|=1.897e+01, cond(Quu)=1.286e+05
    max|Quu|=1.899e+01, cond(Quu)=1.284e+05
    max|Quu|=1.900e+01, cond(Quu)=1.283e+05
    max|Quu|=1.902e+01, cond(Quu)=1.282e+05
    max|Quu|=1.904e+01, cond(Quu)=1.281e+05
    max|Quu|=1.906e+01, cond(Quu)=1.280e+05
    max|Quu|=1.908e+01, cond(Quu)=1.280e+05
    max|Quu|=1.910e+01, cond(Quu)=1.280e+05
    max|Quu|=1.912e+01, cond(Quu)=1.279e+05
    max|Quu|=1.914e+01, cond(Quu)=1.279e+05
    max|Quu|=1.917e+01, cond(Quu)=1.279e+05
    max|Quu|=1.919e+01, cond(Quu)=1.279e+05
    max|Quu|=1.921e+01, cond(Quu)=1.279e+05
    max|Quu|=1.923e+01, cond(Quu)=1.280e+05
    max|Quu|=1.925e+01, cond(Quu)=1.280e+05
    max|Quu|=1.928e+01, cond(Quu)=1.281e+05
    max|Quu|=1.930e+01, cond(Quu)=1.281e+05
    max|Quu|=1.932e+01, cond(Quu)=1.282e+05
    max|Quu|=1.935e+01, cond(Quu)=1.282e+05
    max|Quu|=1.937e+01, cond(Quu)=1.283e+05
    max|Quu|=1.939e+01, cond(Quu)=1.284e+05
    max|Quu|=1.941e+01, cond(Quu)=1.285e+05
    max|Quu|=1.943e+01, cond(Quu)=1.285e+05
    max|Quu|=1.945e+01, cond(Quu)=1.286e+05
    max|Quu|=1.947e+01, cond(Quu)=1.287e+05
    max|Quu|=1.949e+01, cond(Quu)=1.287e+05
    max|Quu|=1.951e+01, cond(Quu)=1.288e+05
    max|Quu|=1.953e+01, cond(Quu)=1.289e+05
    max|Quu|=1.955e+01, cond(Quu)=1.290e+05
    max|Quu|=1.956e+01, cond(Quu)=1.290e+05
    max|Quu|=1.958e+01, cond(Quu)=1.291e+05
    max|Quu|=1.959e+01, cond(Quu)=1.291e+05
    max|Quu|=1.960e+01, cond(Quu)=1.292e+05
    max|Quu|=1.961e+01, cond(Quu)=1.292e+05
    max|Quu|=1.962e+01, cond(Quu)=1.292e+05
    max|Quu|=1.963e+01, cond(Quu)=1.292e+05
    max|Quu|=1.963e+01, cond(Quu)=1.292e+05
    max|Quu|=1.964e+01, cond(Quu)=1.292e+05
    max|Quu|=1.965e+01, cond(Quu)=1.293e+05
    max|Quu|=1.966e+01, cond(Quu)=1.293e+05
    max|Quu|=1.966e+01, cond(Quu)=1.293e+05
    max|Quu|=1.966e+01, cond(Quu)=1.293e+05
    max|Quu|=1.966e+01, cond(Quu)=1.293e+05
    max|Quu|=1.966e+01, cond(Quu)=1.293e+05
    max|Quu|=1.965e+01, cond(Quu)=1.292e+05
    max|Quu|=1.964e+01, cond(Quu)=1.292e+05
    max|Quu|=1.963e+01, cond(Quu)=1.291e+05
    max|Quu|=1.961e+01, cond(Quu)=1.290e+05
    max|Quu|=1.960e+01, cond(Quu)=1.289e+05
    max|Quu|=1.957e+01, cond(Quu)=1.287e+05
    max|Quu|=1.955e+01, cond(Quu)=1.286e+05
    max|Quu|=1.953e+01, cond(Quu)=1.285e+05
    max|Quu|=1.951e+01, cond(Quu)=1.284e+05
    max|Quu|=1.948e+01, cond(Quu)=1.282e+05
    max|Quu|=1.946e+01, cond(Quu)=1.281e+05
    max|Quu|=1.943e+01, cond(Quu)=1.279e+05
    max|Quu|=1.940e+01, cond(Quu)=1.277e+05
    max|Quu|=1.937e+01, cond(Quu)=1.275e+05
    max|Quu|=1.933e+01, cond(Quu)=1.272e+05
    max|Quu|=1.928e+01, cond(Quu)=1.270e+05
    max|Quu|=1.924e+01, cond(Quu)=1.267e+05
    max|Quu|=1.919e+01, cond(Quu)=1.264e+05
    max|Quu|=1.915e+01, cond(Quu)=1.261e+05
    max|Quu|=1.911e+01, cond(Quu)=1.259e+05
    max|Quu|=1.907e+01, cond(Quu)=1.256e+05
    max|Quu|=1.903e+01, cond(Quu)=1.253e+05
    max|Quu|=1.899e+01, cond(Quu)=1.250e+05
    max|Quu|=1.895e+01, cond(Quu)=1.248e+05
    max|Quu|=1.891e+01, cond(Quu)=1.245e+05
    max|Quu|=1.889e+01, cond(Quu)=1.244e+05
    max|Quu|=1.887e+01, cond(Quu)=1.244e+05
    max|Quu|=1.887e+01, cond(Quu)=1.243e+05
    max|Quu|=1.886e+01, cond(Quu)=1.243e+05
    max|Quu|=1.886e+01, cond(Quu)=1.243e+05
    max|Quu|=1.886e+01, cond(Quu)=1.242e+05
    max|Quu|=1.886e+01, cond(Quu)=1.241e+05
    max|Quu|=1.886e+01, cond(Quu)=1.241e+05
    max|Quu|=1.886e+01, cond(Quu)=1.240e+05
    max|Quu|=1.886e+01, cond(Quu)=1.239e+05
    max|Quu|=1.886e+01, cond(Quu)=1.238e+05
    max|Quu|=1.886e+01, cond(Quu)=1.238e+05
    max|Quu|=1.886e+01, cond(Quu)=1.237e+05
    max|Quu|=1.886e+01, cond(Quu)=1.236e+05
    max|Quu|=1.886e+01, cond(Quu)=1.236e+05
    max|Quu|=1.886e+01, cond(Quu)=1.235e+05
Measured previous rollout {"cost": 50.788031115290636, "position_rmse": 0.13892732210351308}
Defect construction {"mean_absolute": 0.06294589418749941, "max_absolute": 2.3376985435630644, "max_timestep": 15, "max_state_dimension": 6, "max_state_name": "wheel_speed", "per_state_max_absolute": [0.026715718854871007, 0.013235238304199592, 0.005533237448163281, 0.07054804607136034, 0.019275275291781687, 0.14620347386057192, 2.3376985435630644, 1.4210854715202004e-14, 2.7755575615628914e-17]}
Defect reconstruction {"mean_absolute": 1.2193091612942524e-17, "max_absolute": 4.440892098500626e-16, "max_timestep": 107, "max_state_dimension": 1, "max_state_name": "y", "per_state_max_absolute": [3.3881317890172014e-21, 4.440892098500626e-16, 9.020562075079397e-17, 1.734723475976807e-18, 0.0, 2.168404344971009e-19, 6.938893903907228e-18, 0.0, 0.0]}
alpha=0 max |U_forward - U_old|: 1.0227929614359255e-13
Unchanged control baseline {"unchanged_defect": {"cost": 50.78803111529063, "position_rmse": 0.13892732210351308}, "unchanged_nominal": {"cost": 53.96412700191299, "position_rmse": 0.1544024849363694}}
Alpha candidate {"alpha": 0.5, "defect": {"cost": 50.778145800699505, "position_rmse": 0.13831460079830218}, "nominal": {"cost": 54.385617047859, "position_rmse": 0.1558969538971744}, "defect_improvement": 0.009885314591123517, "nominal_improvement": -0.42149004594600825}
Final selection {"status": "ACCEPT", "alpha": 0.5, "cost": 50.778145800699505, "reason": "Strictly lower defect-aware cost than unchanged-control prediction"}
STOP: candidate prepared; no actual rollout executed.
TRIAL {"trial": 9, "cost": 50.788031115290636, "position_rmse": 0.13892732210351308, "lateness_max": 0.0020633730018744245, "selection": "ACCEPT", "update_seconds": 0.4664890590029245}
Reset succeeded: [0. 0. 0. 0. 0. 0.]
    max|Quu|=1.002e+01, cond(Quu)=1.002e+05
    max|Quu|=1.415e+01, cond(Quu)=1.260e+05
    max|Quu|=1.705e+01, cond(Quu)=1.382e+05
    max|Quu|=1.825e+01, cond(Quu)=1.389e+05
    max|Quu|=1.863e+01, cond(Quu)=1.366e+05
    max|Quu|=1.875e+01, cond(Quu)=1.345e+05
    max|Quu|=1.878e+01, cond(Quu)=1.333e+05
    max|Quu|=1.879e+01, cond(Quu)=1.325e+05
    max|Quu|=1.880e+01, cond(Quu)=1.320e+05
    max|Quu|=1.880e+01, cond(Quu)=1.317e+05
    max|Quu|=1.881e+01, cond(Quu)=1.315e+05
    max|Quu|=1.881e+01, cond(Quu)=1.313e+05
    max|Quu|=1.882e+01, cond(Quu)=1.311e+05
    max|Quu|=1.882e+01, cond(Quu)=1.309e+05
    max|Quu|=1.883e+01, cond(Quu)=1.307e+05
    max|Quu|=1.884e+01, cond(Quu)=1.305e+05
    max|Quu|=1.885e+01, cond(Quu)=1.303e+05
    max|Quu|=1.886e+01, cond(Quu)=1.301e+05
    max|Quu|=1.887e+01, cond(Quu)=1.299e+05
    max|Quu|=1.888e+01, cond(Quu)=1.297e+05
    max|Quu|=1.889e+01, cond(Quu)=1.295e+05
    max|Quu|=1.890e+01, cond(Quu)=1.294e+05
    max|Quu|=1.891e+01, cond(Quu)=1.292e+05
    max|Quu|=1.893e+01, cond(Quu)=1.290e+05
    max|Quu|=1.894e+01, cond(Quu)=1.289e+05
    max|Quu|=1.896e+01, cond(Quu)=1.287e+05
    max|Quu|=1.897e+01, cond(Quu)=1.286e+05
    max|Quu|=1.899e+01, cond(Quu)=1.284e+05
    max|Quu|=1.900e+01, cond(Quu)=1.283e+05
    max|Quu|=1.902e+01, cond(Quu)=1.282e+05
    max|Quu|=1.904e+01, cond(Quu)=1.281e+05
    max|Quu|=1.906e+01, cond(Quu)=1.280e+05
    max|Quu|=1.908e+01, cond(Quu)=1.280e+05
    max|Quu|=1.910e+01, cond(Quu)=1.280e+05
    max|Quu|=1.912e+01, cond(Quu)=1.279e+05
    max|Quu|=1.914e+01, cond(Quu)=1.279e+05
    max|Quu|=1.917e+01, cond(Quu)=1.279e+05
    max|Quu|=1.919e+01, cond(Quu)=1.279e+05
    max|Quu|=1.921e+01, cond(Quu)=1.280e+05
    max|Quu|=1.923e+01, cond(Quu)=1.280e+05
    max|Quu|=1.925e+01, cond(Quu)=1.280e+05
    max|Quu|=1.928e+01, cond(Quu)=1.281e+05
    max|Quu|=1.930e+01, cond(Quu)=1.281e+05
    max|Quu|=1.932e+01, cond(Quu)=1.282e+05
    max|Quu|=1.935e+01, cond(Quu)=1.282e+05
    max|Quu|=1.937e+01, cond(Quu)=1.283e+05
    max|Quu|=1.939e+01, cond(Quu)=1.284e+05
    max|Quu|=1.941e+01, cond(Quu)=1.285e+05
    max|Quu|=1.943e+01, cond(Quu)=1.285e+05
    max|Quu|=1.945e+01, cond(Quu)=1.286e+05
    max|Quu|=1.947e+01, cond(Quu)=1.287e+05
    max|Quu|=1.949e+01, cond(Quu)=1.287e+05
    max|Quu|=1.951e+01, cond(Quu)=1.288e+05
    max|Quu|=1.952e+01, cond(Quu)=1.289e+05
    max|Quu|=1.954e+01, cond(Quu)=1.290e+05
    max|Quu|=1.956e+01, cond(Quu)=1.290e+05
    max|Quu|=1.958e+01, cond(Quu)=1.291e+05
    max|Quu|=1.959e+01, cond(Quu)=1.291e+05
    max|Quu|=1.960e+01, cond(Quu)=1.292e+05
    max|Quu|=1.961e+01, cond(Quu)=1.292e+05
    max|Quu|=1.962e+01, cond(Quu)=1.292e+05
    max|Quu|=1.963e+01, cond(Quu)=1.292e+05
    max|Quu|=1.963e+01, cond(Quu)=1.292e+05
    max|Quu|=1.964e+01, cond(Quu)=1.292e+05
    max|Quu|=1.965e+01, cond(Quu)=1.293e+05
    max|Quu|=1.966e+01, cond(Quu)=1.293e+05
    max|Quu|=1.966e+01, cond(Quu)=1.293e+05
    max|Quu|=1.966e+01, cond(Quu)=1.293e+05
    max|Quu|=1.966e+01, cond(Quu)=1.293e+05
    max|Quu|=1.966e+01, cond(Quu)=1.293e+05
    max|Quu|=1.965e+01, cond(Quu)=1.292e+05
    max|Quu|=1.964e+01, cond(Quu)=1.292e+05
    max|Quu|=1.963e+01, cond(Quu)=1.291e+05
    max|Quu|=1.962e+01, cond(Quu)=1.290e+05
    max|Quu|=1.960e+01, cond(Quu)=1.289e+05
    max|Quu|=1.957e+01, cond(Quu)=1.287e+05
    max|Quu|=1.955e+01, cond(Quu)=1.286e+05
    max|Quu|=1.953e+01, cond(Quu)=1.285e+05
    max|Quu|=1.951e+01, cond(Quu)=1.284e+05
    max|Quu|=1.948e+01, cond(Quu)=1.282e+05
    max|Quu|=1.946e+01, cond(Quu)=1.281e+05
    max|Quu|=1.943e+01, cond(Quu)=1.279e+05
    max|Quu|=1.940e+01, cond(Quu)=1.277e+05
    max|Quu|=1.936e+01, cond(Quu)=1.275e+05
    max|Quu|=1.932e+01, cond(Quu)=1.272e+05
    max|Quu|=1.928e+01, cond(Quu)=1.269e+05
    max|Quu|=1.924e+01, cond(Quu)=1.267e+05
    max|Quu|=1.920e+01, cond(Quu)=1.264e+05
    max|Quu|=1.916e+01, cond(Quu)=1.261e+05
    max|Quu|=1.911e+01, cond(Quu)=1.259e+05
    max|Quu|=1.907e+01, cond(Quu)=1.256e+05
    max|Quu|=1.903e+01, cond(Quu)=1.253e+05
    max|Quu|=1.899e+01, cond(Quu)=1.250e+05
    max|Quu|=1.895e+01, cond(Quu)=1.247e+05
    max|Quu|=1.891e+01, cond(Quu)=1.245e+05
    max|Quu|=1.889e+01, cond(Quu)=1.245e+05
    max|Quu|=1.887e+01, cond(Quu)=1.244e+05
    max|Quu|=1.887e+01, cond(Quu)=1.244e+05
    max|Quu|=1.886e+01, cond(Quu)=1.243e+05
    max|Quu|=1.886e+01, cond(Quu)=1.243e+05
    max|Quu|=1.886e+01, cond(Quu)=1.242e+05
    max|Quu|=1.886e+01, cond(Quu)=1.241e+05
    max|Quu|=1.886e+01, cond(Quu)=1.241e+05
    max|Quu|=1.886e+01, cond(Quu)=1.240e+05
    max|Quu|=1.886e+01, cond(Quu)=1.239e+05
    max|Quu|=1.886e+01, cond(Quu)=1.238e+05
    max|Quu|=1.886e+01, cond(Quu)=1.238e+05
    max|Quu|=1.886e+01, cond(Quu)=1.237e+05
    max|Quu|=1.886e+01, cond(Quu)=1.236e+05
    max|Quu|=1.886e+01, cond(Quu)=1.236e+05
    max|Quu|=1.886e+01, cond(Quu)=1.235e+05
Measured previous rollout {"cost": 51.17547185852243, "position_rmse": 0.1408522436335756}
Defect construction {"mean_absolute": 0.0635336526648117, "max_absolute": 2.358178376926368, "max_timestep": 16, "max_state_dimension": 6, "max_state_name": "wheel_speed", "per_state_max_absolute": [0.03278232330838371, 0.012999083337410289, 0.005557121451196856, 0.07060788825144676, 0.01920371522941684, 0.15960633193105994, 2.358178376926368, 1.4210854715202004e-14, 2.7755575615628914e-17]}
Defect reconstruction {"mean_absolute": 1.5743593555151046e-17, "max_absolute": 4.440892098500626e-16, "max_timestep": 5, "max_state_dimension": 6, "max_state_name": "wheel_speed", "per_state_max_absolute": [0.0, 2.220446049250313e-16, 1.1102230246251565e-16, 3.469446951953614e-18, 0.0, 4.336808689942018e-19, 4.440892098500626e-16, 0.0, 0.0]}
alpha=0 max |U_forward - U_old|: 1.176836406102666e-13
Unchanged control baseline {"unchanged_defect": {"cost": 51.17547185852243, "position_rmse": 0.14085224363357562}, "unchanged_nominal": {"cost": 54.385617047859, "position_rmse": 0.1558969538971744}}
Alpha candidate {"alpha": 0.5, "defect": {"cost": 50.96097152293572, "position_rmse": 0.13871695581257734}, "nominal": {"cost": 55.902173128096436, "position_rmse": 0.16122632920495975}, "defect_improvement": 0.21450033558670611, "nominal_improvement": -1.5165560802374358}
Final selection {"status": "ACCEPT", "alpha": 0.5, "cost": 50.96097152293572, "reason": "Strictly lower defect-aware cost than unchanged-control prediction"}
STOP: candidate prepared; no actual rollout executed.
TRIAL {"trial": 10, "cost": 51.17547185852243, "position_rmse": 0.1408522436335756, "lateness_max": 0.0018759107151709031, "selection": "ACCEPT", "update_seconds": 0.44381232999876374}
