Reset succeeded: [0. 0. 0. 0. 0. 0.]
TRIAL {"trial": 0, "cost": 196.92021034155246, "position_rmse": 0.275550693282, "lateness_max": 0.002594581001176266, "rate_hz": 40.00067257004504, "period_ms_min": 23.402236998663284, "period_ms_max": 27.22231700317934, "rejected": false, "qu_scale": 1.0, "predicted_cost": 25.030722345295807, "qp": "box", "du_norm": 364.86997350817603, "update_seconds": 0.05488852400230826}
Reset succeeded: [0. 0. 0. 0. 0. 0.]
TRIAL {"trial": 1, "cost": 65.26006185291115, "position_rmse": 0.15511154339951966, "lateness_max": 0.0013453220017254353, "rate_hz": 39.99677999253257, "period_ms_min": 23.956176999490708, "period_ms_max": 25.97001799949794, "rejected": false, "qu_scale": 1.0, "predicted_cost": 31.285180459197115, "qp": "box", "du_norm": 91.65208430748095, "update_seconds": 0.06940597799984971}
Reset succeeded: [0. 0. 0. 0. 0. 0.]
TRIAL {"trial": 2, "cost": 65.0446940636346, "position_rmse": 0.15078298992837366, "lateness_max": 0.001367837998259347, "rate_hz": 39.99901682413417, "period_ms_min": 24.018744999921182, "period_ms_max": 26.046152001072187, "rejected": false, "qu_scale": 1.0, "predicted_cost": 33.86945877560548, "qp": "box", "du_norm": 31.943498125408958, "update_seconds": 0.04698620999988634}
Reset succeeded: [0. 0. 0. 0. 0. 0.]
TRIAL {"trial": 3, "cost": 64.01976671554183, "position_rmse": 0.14742873182677504, "lateness_max": 0.001322181004070444, "rate_hz": 39.99625010393907, "period_ms_min": 24.01778499915963, "period_ms_max": 25.989376998040825, "rejected": false, "qu_scale": 1.0, "predicted_cost": 33.790214289653505, "qp": "box", "du_norm": 13.65714904716335, "update_seconds": 0.05327615100031835}
Reset succeeded: [0. 0. 0. 0. 0. 0.]
TRIAL {"trial": 4, "cost": 64.76913322733998, "position_rmse": 0.14669850669528967, "lateness_max": 0.0013364229998842347, "rate_hz": 39.995066360960024, "period_ms_min": 24.109598001814447, "period_ms_max": 25.804633998632198, "rejected": false, "qu_scale": 1.0, "predicted_cost": 34.1395714623868, "qp": "box", "du_norm": 6.496624032222852, "update_seconds": 0.0533352050006215}
Reset succeeded: [0. 0. 0. 0. 0. 0.]
TRIAL {"trial": 5, "cost": 64.62280279550419, "position_rmse": 0.1498662995641505, "lateness_max": 0.0017305030014540534, "rate_hz": 39.994426122808484, "period_ms_min": 23.835887001041556, "period_ms_max": 26.281531998392893, "rejected": false, "qu_scale": 1.0, "predicted_cost": 33.79711192651012, "qp": "box", "du_norm": 3.489410628551372, "update_seconds": 0.049968115003139246}
Reset succeeded: [0. 0. 0. 0. 0. 0.]
TRIAL {"trial": 6, "cost": 64.78513649964005, "position_rmse": 0.14663319881317582, "lateness_max": 0.0019774680004047696, "rate_hz": 39.996954149409966, "period_ms_min": 23.529407000751235, "period_ms_max": 26.422171999001876, "rejected": false, "qu_scale": 1.0, "predicted_cost": 34.12792639839711, "qp": "box", "du_norm": 2.4060295637169733, "update_seconds": 0.05238426199866808}
Reset succeeded: [0. 0. 0. 0. 0. 0.]
TRIAL {"trial": 7, "cost": 63.34461188614638, "position_rmse": 0.14431705693948466, "lateness_max": 0.003758963997825049, "rate_hz": 39.997400765726915, "period_ms_min": 21.839876000740333, "period_ms_max": 28.137147000961704, "rejected": false, "qu_scale": 1.0, "predicted_cost": 32.56833619694075, "qp": "box", "du_norm": 4.823280741843507, "update_seconds": 0.0517120900003647}
Reset succeeded: [0. 0. 0. 0. 0. 0.]
TRIAL {"trial": 8, "cost": 64.33582128772606, "position_rmse": 0.14820755209132666, "lateness_max": 0.001428035000571981, "rate_hz": 39.99857112404658, "period_ms_min": 24.045015998126473, "period_ms_max": 26.11537000120734, "rejected": false, "qu_scale": 1.0, "predicted_cost": 33.950092084382796, "qp": "box", "du_norm": 3.5450525910089175, "update_seconds": 0.05761651300053927}
Reset succeeded: [0. 0. 0. 0. 0. 0.]
TRIAL {"trial": 9, "cost": 62.907587245302224, "position_rmse": 0.1428277412787749, "lateness_max": 0.00338241899953573, "rate_hz": 39.99549761160815, "period_ms_min": 22.039237002900336, "period_ms_max": 27.707249999366468, "rejected": false, "qu_scale": 1.0, "predicted_cost": 33.08077170442616, "qp": "box", "du_norm": 2.5855782052716205, "update_seconds": 0.051756847999058664}
Reset succeeded: [0. 0. 0. 0. 0. 0.]
TRIAL {"trial": 10, "cost": 64.06944681384326, "position_rmse": 0.14675375768325746, "lateness_max": 0.003073313997447258, "rate_hz": 39.99706431703317, "period_ms_min": 22.47027200064622, "period_ms_max": 27.70355800021207, "rejected": false, "qu_scale": 1.0, "predicted_cost": 33.89608954865968, "qp": "box", "du_norm": 3.284772840832313, "update_seconds": 0.03195329300069716}
Reset succeeded: [0. 0. 0. 0. 0. 0.]
TRIAL {"trial": 11, "cost": 64.49416567710135, "position_rmse": 0.1496464091071055, "lateness_max": 0.001590931999089662, "rate_hz": 39.99500198333663, "period_ms_min": 23.76541199919302, "period_ms_max": 26.073404002090683, "rejected": true, "qu_scale": 4.0, "predicted_cost": 33.06308945874994, "qp": "box", "du_norm": 1.9818482919651714, "update_seconds": 0.052960618002543924}
Reset succeeded: [0. 0. 0. 0. 0. 0.]
    max|Quu|=1.001e+01, cond(Quu)=1.001e+05
    max|Quu|=1.318e+01, cond(Quu)=1.205e+05
    max|Quu|=1.557e+01, cond(Quu)=1.319e+05
    max|Quu|=1.673e+01, cond(Quu)=1.341e+05
    max|Quu|=1.718e+01, cond(Quu)=1.327e+05
    max|Quu|=1.733e+01, cond(Quu)=1.310e+05
    max|Quu|=1.739e+01, cond(Quu)=1.297e+05
    max|Quu|=1.741e+01, cond(Quu)=1.288e+05
    max|Quu|=1.741e+01, cond(Quu)=1.283e+05
    max|Quu|=1.742e+01, cond(Quu)=1.279e+05
    max|Quu|=1.742e+01, cond(Quu)=1.277e+05
    max|Quu|=1.743e+01, cond(Quu)=1.275e+05
    max|Quu|=1.743e+01, cond(Quu)=1.273e+05
    max|Quu|=1.744e+01, cond(Quu)=1.272e+05
    max|Quu|=1.744e+01, cond(Quu)=1.271e+05
    max|Quu|=1.745e+01, cond(Quu)=1.270e+05
    max|Quu|=1.746e+01, cond(Quu)=1.268e+05
    max|Quu|=1.746e+01, cond(Quu)=1.267e+05
    max|Quu|=1.747e+01, cond(Quu)=1.266e+05
    max|Quu|=1.748e+01, cond(Quu)=1.265e+05
    max|Quu|=1.749e+01, cond(Quu)=1.264e+05
    max|Quu|=1.750e+01, cond(Quu)=1.263e+05
    max|Quu|=1.751e+01, cond(Quu)=1.261e+05
    max|Quu|=1.753e+01, cond(Quu)=1.260e+05
    max|Quu|=1.754e+01, cond(Quu)=1.260e+05
    max|Quu|=1.755e+01, cond(Quu)=1.259e+05
    max|Quu|=1.757e+01, cond(Quu)=1.258e+05
    max|Quu|=1.758e+01, cond(Quu)=1.257e+05
    max|Quu|=1.760e+01, cond(Quu)=1.256e+05
    max|Quu|=1.761e+01, cond(Quu)=1.255e+05
    max|Quu|=1.762e+01, cond(Quu)=1.255e+05
    max|Quu|=1.764e+01, cond(Quu)=1.254e+05
    max|Quu|=1.765e+01, cond(Quu)=1.253e+05
    max|Quu|=1.767e+01, cond(Quu)=1.253e+05
    max|Quu|=1.769e+01, cond(Quu)=1.252e+05
    max|Quu|=1.770e+01, cond(Quu)=1.252e+05
    max|Quu|=1.772e+01, cond(Quu)=1.252e+05
    max|Quu|=1.774e+01, cond(Quu)=1.252e+05
    max|Quu|=1.776e+01, cond(Quu)=1.252e+05
    max|Quu|=1.778e+01, cond(Quu)=1.252e+05
    max|Quu|=1.780e+01, cond(Quu)=1.252e+05
    max|Quu|=1.782e+01, cond(Quu)=1.252e+05
    max|Quu|=1.784e+01, cond(Quu)=1.253e+05
    max|Quu|=1.786e+01, cond(Quu)=1.253e+05
    max|Quu|=1.787e+01, cond(Quu)=1.253e+05
    max|Quu|=1.789e+01, cond(Quu)=1.253e+05
    max|Quu|=1.791e+01, cond(Quu)=1.253e+05
    max|Quu|=1.792e+01, cond(Quu)=1.254e+05
    max|Quu|=1.794e+01, cond(Quu)=1.254e+05
    max|Quu|=1.795e+01, cond(Quu)=1.255e+05
    max|Quu|=1.797e+01, cond(Quu)=1.255e+05
    max|Quu|=1.798e+01, cond(Quu)=1.255e+05
    max|Quu|=1.799e+01, cond(Quu)=1.255e+05
    max|Quu|=1.800e+01, cond(Quu)=1.256e+05
    max|Quu|=1.802e+01, cond(Quu)=1.256e+05
    max|Quu|=1.802e+01, cond(Quu)=1.256e+05
    max|Quu|=1.803e+01, cond(Quu)=1.256e+05
    max|Quu|=1.804e+01, cond(Quu)=1.256e+05
    max|Quu|=1.805e+01, cond(Quu)=1.256e+05
    max|Quu|=1.805e+01, cond(Quu)=1.256e+05
    max|Quu|=1.806e+01, cond(Quu)=1.256e+05
    max|Quu|=1.806e+01, cond(Quu)=1.255e+05
    max|Quu|=1.806e+01, cond(Quu)=1.255e+05
    max|Quu|=1.807e+01, cond(Quu)=1.255e+05
    max|Quu|=1.807e+01, cond(Quu)=1.255e+05
    max|Quu|=1.807e+01, cond(Quu)=1.255e+05
    max|Quu|=1.807e+01, cond(Quu)=1.254e+05
    max|Quu|=1.807e+01, cond(Quu)=1.254e+05
    max|Quu|=1.806e+01, cond(Quu)=1.253e+05
    max|Quu|=1.806e+01, cond(Quu)=1.253e+05
    max|Quu|=1.805e+01, cond(Quu)=1.252e+05
    max|Quu|=1.805e+01, cond(Quu)=1.252e+05
    max|Quu|=1.804e+01, cond(Quu)=1.251e+05
    max|Quu|=1.804e+01, cond(Quu)=1.250e+05
    max|Quu|=1.803e+01, cond(Quu)=1.250e+05
    max|Quu|=1.802e+01, cond(Quu)=1.249e+05
    max|Quu|=1.801e+01, cond(Quu)=1.248e+05
    max|Quu|=1.800e+01, cond(Quu)=1.247e+05
    max|Quu|=1.799e+01, cond(Quu)=1.247e+05
    max|Quu|=1.798e+01, cond(Quu)=1.246e+05
    max|Quu|=1.797e+01, cond(Quu)=1.245e+05
    max|Quu|=1.796e+01, cond(Quu)=1.244e+05
    max|Quu|=1.795e+01, cond(Quu)=1.243e+05
    max|Quu|=1.793e+01, cond(Quu)=1.242e+05
    max|Quu|=1.792e+01, cond(Quu)=1.241e+05
    max|Quu|=1.791e+01, cond(Quu)=1.241e+05
    max|Quu|=1.789e+01, cond(Quu)=1.239e+05
    max|Quu|=1.787e+01, cond(Quu)=1.238e+05
    max|Quu|=1.786e+01, cond(Quu)=1.237e+05
    max|Quu|=1.784e+01, cond(Quu)=1.236e+05
    max|Quu|=1.783e+01, cond(Quu)=1.235e+05
    max|Quu|=1.781e+01, cond(Quu)=1.234e+05
    max|Quu|=1.779e+01, cond(Quu)=1.233e+05
    max|Quu|=1.777e+01, cond(Quu)=1.231e+05
    max|Quu|=1.775e+01, cond(Quu)=1.230e+05
    max|Quu|=1.773e+01, cond(Quu)=1.229e+05
    max|Quu|=1.772e+01, cond(Quu)=1.228e+05
    max|Quu|=1.770e+01, cond(Quu)=1.226e+05
    max|Quu|=1.768e+01, cond(Quu)=1.225e+05
    max|Quu|=1.766e+01, cond(Quu)=1.224e+05
    max|Quu|=1.764e+01, cond(Quu)=1.222e+05
    max|Quu|=1.762e+01, cond(Quu)=1.221e+05
    max|Quu|=1.760e+01, cond(Quu)=1.220e+05
    max|Quu|=1.758e+01, cond(Quu)=1.218e+05
    max|Quu|=1.756e+01, cond(Quu)=1.217e+05
    max|Quu|=1.754e+01, cond(Quu)=1.215e+05
    max|Quu|=1.752e+01, cond(Quu)=1.214e+05
    max|Quu|=1.750e+01, cond(Quu)=1.212e+05
    max|Quu|=1.749e+01, cond(Quu)=1.211e+05
    max|Quu|=1.748e+01, cond(Quu)=1.211e+05
    max|Quu|=1.747e+01, cond(Quu)=1.210e+05
    max|Quu|=1.746e+01, cond(Quu)=1.210e+05
    max|Quu|=1.746e+01, cond(Quu)=1.210e+05
    max|Quu|=1.746e+01, cond(Quu)=1.209e+05
    max|Quu|=1.746e+01, cond(Quu)=1.209e+05
    max|Quu|=1.746e+01, cond(Quu)=1.209e+05
    max|Quu|=1.746e+01, cond(Quu)=1.209e+05
    max|Quu|=1.746e+01, cond(Quu)=1.208e+05
    max|Quu|=1.746e+01, cond(Quu)=1.208e+05
    max|Quu|=1.746e+01, cond(Quu)=1.208e+05
    max|Quu|=1.746e+01, cond(Quu)=1.207e+05
    max|Quu|=1.746e+01, cond(Quu)=1.207e+05
    max|Quu|=1.746e+01, cond(Quu)=1.206e+05
    max|Quu|=1.746e+01, cond(Quu)=1.206e+05
    max|Quu|=1.746e+01, cond(Quu)=1.206e+05
    max|Quu|=1.746e+01, cond(Quu)=1.205e+05
    max|Quu|=1.746e+01, cond(Quu)=1.205e+05
Measured previous rollout {"cost": 197.56680753626233, "position_rmse": 0.27727117815471103}
Defect construction {"mean_absolute": 0.04512110504080186, "max_absolute": 1.4256813775959798, "max_timestep": 5, "max_state_dimension": 6, "max_state_name": "wheel_speed", "per_state_max_absolute": [0.017452722215918648, 0.008199627187771119, 0.0056960173398628855, 0.07256781298199382, 0.0185311866817549, 0.1308926205014642, 1.4256813775959798, 1.4210854715202004e-14, 2.7755575615628914e-17]}
Defect reconstruction {"mean_absolute": 3.937051600776099e-18, "max_absolute": 4.440892098500626e-16, "max_timestep": 5, "max_state_dimension": 6, "max_state_name": "wheel_speed", "per_state_max_absolute": [2.168404344971009e-19, 5.551115123125783e-17, 1.1102230246251565e-16, 6.505213034913027e-19, 1.734723475976807e-18, 6.938893903907228e-18, 4.440892098500626e-16, 0.0, 0.0]}
alpha=0 max |U_forward - U_old|: 2.120525977034049e-14
Unchanged control baseline {"unchanged_defect": {"cost": 197.56680753626233, "position_rmse": 0.27727117815471103}, "unchanged_nominal": {"cost": 145.0144101285801, "position_rmse": 0.17111118526276575}}
Alpha candidate {"alpha": 0.5, "defect": {"cost": 90.96520333878104, "position_rmse": 0.19630343191813956}, "nominal": {"cost": 73.7337485084213, "position_rmse": 0.1609422998852997}, "defect_improvement": 106.6016041974813, "nominal_improvement": 71.2806616201588}
Final selection {"status": "ACCEPT", "alpha": 0.5, "cost": 90.96520333878104, "reason": "Strictly lower defect-aware cost than unchanged-control prediction"}
STOP: candidate prepared; no actual rollout executed.
TRIAL {"trial": 0, "cost": 197.56680753626233, "position_rmse": 0.27727117815471103, "lateness_max": 0.001989245996810496, "rate_hz": 39.99921195205706, "period_ms_min": 23.49877300002845, "period_ms_max": 26.473854999494506, "selection": "ACCEPT", "update_seconds": 0.5360671790003835}
Reset succeeded: [0. 0. 0. 0. 0. 0.]
    max|Quu|=1.001e+01, cond(Quu)=1.001e+05
    max|Quu|=1.318e+01, cond(Quu)=1.204e+05
    max|Quu|=1.557e+01, cond(Quu)=1.319e+05
    max|Quu|=1.673e+01, cond(Quu)=1.340e+05
    max|Quu|=1.717e+01, cond(Quu)=1.327e+05
    max|Quu|=1.733e+01, cond(Quu)=1.309e+05
    max|Quu|=1.738e+01, cond(Quu)=1.296e+05
    max|Quu|=1.740e+01, cond(Quu)=1.288e+05
    max|Quu|=1.741e+01, cond(Quu)=1.282e+05
    max|Quu|=1.741e+01, cond(Quu)=1.279e+05
    max|Quu|=1.742e+01, cond(Quu)=1.276e+05
    max|Quu|=1.742e+01, cond(Quu)=1.274e+05
    max|Quu|=1.742e+01, cond(Quu)=1.273e+05
    max|Quu|=1.743e+01, cond(Quu)=1.271e+05
    max|Quu|=1.743e+01, cond(Quu)=1.270e+05
    max|Quu|=1.744e+01, cond(Quu)=1.269e+05
    max|Quu|=1.744e+01, cond(Quu)=1.267e+05
    max|Quu|=1.745e+01, cond(Quu)=1.266e+05
    max|Quu|=1.746e+01, cond(Quu)=1.265e+05
    max|Quu|=1.746e+01, cond(Quu)=1.264e+05
    max|Quu|=1.747e+01, cond(Quu)=1.262e+05
    max|Quu|=1.748e+01, cond(Quu)=1.261e+05
    max|Quu|=1.749e+01, cond(Quu)=1.260e+05
    max|Quu|=1.750e+01, cond(Quu)=1.259e+05
    max|Quu|=1.751e+01, cond(Quu)=1.257e+05
    max|Quu|=1.752e+01, cond(Quu)=1.256e+05
    max|Quu|=1.753e+01, cond(Quu)=1.255e+05
    max|Quu|=1.755e+01, cond(Quu)=1.254e+05
    max|Quu|=1.756e+01, cond(Quu)=1.253e+05
    max|Quu|=1.757e+01, cond(Quu)=1.252e+05
    max|Quu|=1.758e+01, cond(Quu)=1.251e+05
    max|Quu|=1.759e+01, cond(Quu)=1.250e+05
    max|Quu|=1.761e+01, cond(Quu)=1.250e+05
    max|Quu|=1.762e+01, cond(Quu)=1.249e+05
    max|Quu|=1.764e+01, cond(Quu)=1.249e+05
    max|Quu|=1.765e+01, cond(Quu)=1.248e+05
    max|Quu|=1.767e+01, cond(Quu)=1.248e+05
    max|Quu|=1.769e+01, cond(Quu)=1.248e+05
    max|Quu|=1.770e+01, cond(Quu)=1.248e+05
    max|Quu|=1.772e+01, cond(Quu)=1.248e+05
    max|Quu|=1.774e+01, cond(Quu)=1.248e+05
    max|Quu|=1.776e+01, cond(Quu)=1.248e+05
    max|Quu|=1.778e+01, cond(Quu)=1.248e+05
    max|Quu|=1.779e+01, cond(Quu)=1.248e+05
    max|Quu|=1.781e+01, cond(Quu)=1.248e+05
    max|Quu|=1.783e+01, cond(Quu)=1.249e+05
    max|Quu|=1.784e+01, cond(Quu)=1.249e+05
    max|Quu|=1.786e+01, cond(Quu)=1.249e+05
    max|Quu|=1.788e+01, cond(Quu)=1.250e+05
    max|Quu|=1.790e+01, cond(Quu)=1.250e+05
    max|Quu|=1.791e+01, cond(Quu)=1.251e+05
    max|Quu|=1.793e+01, cond(Quu)=1.251e+05
    max|Quu|=1.794e+01, cond(Quu)=1.252e+05
    max|Quu|=1.796e+01, cond(Quu)=1.252e+05
    max|Quu|=1.797e+01, cond(Quu)=1.252e+05
    max|Quu|=1.798e+01, cond(Quu)=1.253e+05
    max|Quu|=1.800e+01, cond(Quu)=1.253e+05
    max|Quu|=1.801e+01, cond(Quu)=1.253e+05
    max|Quu|=1.802e+01, cond(Quu)=1.254e+05
    max|Quu|=1.803e+01, cond(Quu)=1.254e+05
    max|Quu|=1.803e+01, cond(Quu)=1.254e+05
    max|Quu|=1.804e+01, cond(Quu)=1.254e+05
    max|Quu|=1.805e+01, cond(Quu)=1.255e+05
    max|Quu|=1.806e+01, cond(Quu)=1.255e+05
    max|Quu|=1.807e+01, cond(Quu)=1.255e+05
    max|Quu|=1.807e+01, cond(Quu)=1.255e+05
    max|Quu|=1.807e+01, cond(Quu)=1.255e+05
    max|Quu|=1.808e+01, cond(Quu)=1.254e+05
    max|Quu|=1.808e+01, cond(Quu)=1.254e+05
    max|Quu|=1.808e+01, cond(Quu)=1.254e+05
    max|Quu|=1.807e+01, cond(Quu)=1.253e+05
    max|Quu|=1.807e+01, cond(Quu)=1.253e+05
    max|Quu|=1.807e+01, cond(Quu)=1.253e+05
    max|Quu|=1.807e+01, cond(Quu)=1.252e+05
    max|Quu|=1.806e+01, cond(Quu)=1.252e+05
    max|Quu|=1.806e+01, cond(Quu)=1.251e+05
    max|Quu|=1.805e+01, cond(Quu)=1.251e+05
    max|Quu|=1.805e+01, cond(Quu)=1.251e+05
    max|Quu|=1.804e+01, cond(Quu)=1.250e+05
    max|Quu|=1.803e+01, cond(Quu)=1.250e+05
    max|Quu|=1.803e+01, cond(Quu)=1.249e+05
    max|Quu|=1.802e+01, cond(Quu)=1.248e+05
    max|Quu|=1.801e+01, cond(Quu)=1.248e+05
    max|Quu|=1.800e+01, cond(Quu)=1.247e+05
    max|Quu|=1.799e+01, cond(Quu)=1.246e+05
    max|Quu|=1.797e+01, cond(Quu)=1.245e+05
    max|Quu|=1.796e+01, cond(Quu)=1.244e+05
    max|Quu|=1.795e+01, cond(Quu)=1.244e+05
    max|Quu|=1.793e+01, cond(Quu)=1.242e+05
    max|Quu|=1.792e+01, cond(Quu)=1.241e+05
    max|Quu|=1.790e+01, cond(Quu)=1.240e+05
    max|Quu|=1.788e+01, cond(Quu)=1.239e+05
    max|Quu|=1.786e+01, cond(Quu)=1.238e+05
    max|Quu|=1.784e+01, cond(Quu)=1.236e+05
    max|Quu|=1.782e+01, cond(Quu)=1.235e+05
    max|Quu|=1.779e+01, cond(Quu)=1.233e+05
    max|Quu|=1.777e+01, cond(Quu)=1.232e+05
    max|Quu|=1.775e+01, cond(Quu)=1.230e+05
    max|Quu|=1.772e+01, cond(Quu)=1.228e+05
    max|Quu|=1.770e+01, cond(Quu)=1.227e+05
    max|Quu|=1.767e+01, cond(Quu)=1.225e+05
    max|Quu|=1.765e+01, cond(Quu)=1.223e+05
    max|Quu|=1.762e+01, cond(Quu)=1.222e+05
    max|Quu|=1.760e+01, cond(Quu)=1.220e+05
    max|Quu|=1.757e+01, cond(Quu)=1.218e+05
    max|Quu|=1.755e+01, cond(Quu)=1.217e+05
    max|Quu|=1.753e+01, cond(Quu)=1.215e+05
    max|Quu|=1.751e+01, cond(Quu)=1.214e+05
    max|Quu|=1.749e+01, cond(Quu)=1.212e+05
    max|Quu|=1.748e+01, cond(Quu)=1.212e+05
    max|Quu|=1.747e+01, cond(Quu)=1.211e+05
    max|Quu|=1.746e+01, cond(Quu)=1.211e+05
    max|Quu|=1.746e+01, cond(Quu)=1.211e+05
    max|Quu|=1.746e+01, cond(Quu)=1.211e+05
    max|Quu|=1.746e+01, cond(Quu)=1.210e+05
    max|Quu|=1.746e+01, cond(Quu)=1.210e+05
    max|Quu|=1.746e+01, cond(Quu)=1.209e+05
    max|Quu|=1.746e+01, cond(Quu)=1.209e+05
    max|Quu|=1.746e+01, cond(Quu)=1.209e+05
    max|Quu|=1.746e+01, cond(Quu)=1.208e+05
    max|Quu|=1.746e+01, cond(Quu)=1.208e+05
    max|Quu|=1.746e+01, cond(Quu)=1.207e+05
    max|Quu|=1.746e+01, cond(Quu)=1.207e+05
    max|Quu|=1.746e+01, cond(Quu)=1.206e+05
    max|Quu|=1.746e+01, cond(Quu)=1.206e+05
    max|Quu|=1.746e+01, cond(Quu)=1.205e+05
    max|Quu|=1.746e+01, cond(Quu)=1.205e+05
Measured previous rollout {"cost": 116.32578145187402, "position_rmse": 0.2607104596722598}
Defect construction {"mean_absolute": 0.04811681756326123, "max_absolute": 1.643006814986574, "max_timestep": 18, "max_state_dimension": 6, "max_state_name": "wheel_speed", "per_state_max_absolute": [0.016325674132497525, 0.007713711575456972, 0.005711419452157446, 0.061285030419027275, 0.01789465201853868, 0.12935193617370078, 1.643006814986574, 1.4210854715202004e-14, 2.7755575615628914e-17]}
Defect reconstruction {"mean_absolute": 1.1291259655356402e-17, "max_absolute": 1.7763568394002505e-15, "max_timestep": 9, "max_state_dimension": 6, "max_state_name": "wheel_speed", "per_state_max_absolute": [5.929230630780102e-21, 1.0842021724855044e-19, 8.326672684688674e-17, 8.673617379884035e-19, 8.673617379884035e-19, 2.7755575615628914e-17, 1.7763568394002505e-15, 0.0, 0.0]}
alpha=0 max |U_forward - U_old|: 1.0658141036401503e-14
Unchanged control baseline {"unchanged_defect": {"cost": 116.32578145187402, "position_rmse": 0.2607104596722598}, "unchanged_nominal": {"cost": 73.7337485084213, "position_rmse": 0.1609422998852997}}
Alpha candidate {"alpha": 0.5, "defect": {"cost": 76.18377940864329, "position_rmse": 0.19495129808744968}, "nominal": {"cost": 73.58552753298025, "position_rmse": 0.19699276214119849}, "defect_improvement": 40.14200204323073, "nominal_improvement": 0.14822097544104906}
Final selection {"status": "ACCEPT", "alpha": 0.5, "cost": 76.18377940864329, "reason": "Strictly lower defect-aware cost than unchanged-control prediction"}
STOP: candidate prepared; no actual rollout executed.
TRIAL {"trial": 1, "cost": 116.32578145187402, "position_rmse": 0.2607104596722598, "lateness_max": 0.002601567000965588, "rate_hz": 39.993083951577816, "period_ms_min": 23.28540999951656, "period_ms_max": 27.016298001399264, "selection": "ACCEPT", "update_seconds": 0.4762770460001775}
Reset succeeded: [0. 0. 0. 0. 0. 0.]
    max|Quu|=1.001e+01, cond(Quu)=1.001e+05
    max|Quu|=1.317e+01, cond(Quu)=1.204e+05
    max|Quu|=1.556e+01, cond(Quu)=1.318e+05
    max|Quu|=1.672e+01, cond(Quu)=1.340e+05
    max|Quu|=1.717e+01, cond(Quu)=1.327e+05
    max|Quu|=1.732e+01, cond(Quu)=1.309e+05
    max|Quu|=1.738e+01, cond(Quu)=1.296e+05
    max|Quu|=1.740e+01, cond(Quu)=1.287e+05
    max|Quu|=1.741e+01, cond(Quu)=1.282e+05
    max|Quu|=1.741e+01, cond(Quu)=1.278e+05
    max|Quu|=1.741e+01, cond(Quu)=1.276e+05
    max|Quu|=1.742e+01, cond(Quu)=1.274e+05
    max|Quu|=1.742e+01, cond(Quu)=1.273e+05
    max|Quu|=1.742e+01, cond(Quu)=1.271e+05
    max|Quu|=1.743e+01, cond(Quu)=1.270e+05
    max|Quu|=1.743e+01, cond(Quu)=1.268e+05
    max|Quu|=1.744e+01, cond(Quu)=1.267e+05
    max|Quu|=1.744e+01, cond(Quu)=1.266e+05
    max|Quu|=1.745e+01, cond(Quu)=1.264e+05
    max|Quu|=1.746e+01, cond(Quu)=1.263e+05
    max|Quu|=1.746e+01, cond(Quu)=1.262e+05
    max|Quu|=1.747e+01, cond(Quu)=1.260e+05
    max|Quu|=1.748e+01, cond(Quu)=1.259e+05
    max|Quu|=1.749e+01, cond(Quu)=1.258e+05
    max|Quu|=1.750e+01, cond(Quu)=1.256e+05
    max|Quu|=1.751e+01, cond(Quu)=1.255e+05
    max|Quu|=1.752e+01, cond(Quu)=1.254e+05
    max|Quu|=1.753e+01, cond(Quu)=1.253e+05
    max|Quu|=1.754e+01, cond(Quu)=1.252e+05
    max|Quu|=1.755e+01, cond(Quu)=1.251e+05
    max|Quu|=1.756e+01, cond(Quu)=1.250e+05
    max|Quu|=1.757e+01, cond(Quu)=1.249e+05
    max|Quu|=1.759e+01, cond(Quu)=1.248e+05
    max|Quu|=1.760e+01, cond(Quu)=1.247e+05
    max|Quu|=1.761e+01, cond(Quu)=1.247e+05
    max|Quu|=1.763e+01, cond(Quu)=1.246e+05
    max|Quu|=1.764e+01, cond(Quu)=1.246e+05
    max|Quu|=1.766e+01, cond(Quu)=1.246e+05
    max|Quu|=1.767e+01, cond(Quu)=1.245e+05
    max|Quu|=1.769e+01, cond(Quu)=1.245e+05
    max|Quu|=1.771e+01, cond(Quu)=1.245e+05
    max|Quu|=1.773e+01, cond(Quu)=1.245e+05
    max|Quu|=1.774e+01, cond(Quu)=1.245e+05
    max|Quu|=1.776e+01, cond(Quu)=1.246e+05
    max|Quu|=1.778e+01, cond(Quu)=1.246e+05
    max|Quu|=1.779e+01, cond(Quu)=1.246e+05
    max|Quu|=1.781e+01, cond(Quu)=1.246e+05
    max|Quu|=1.783e+01, cond(Quu)=1.247e+05
    max|Quu|=1.784e+01, cond(Quu)=1.247e+05
    max|Quu|=1.786e+01, cond(Quu)=1.248e+05
    max|Quu|=1.788e+01, cond(Quu)=1.248e+05
    max|Quu|=1.789e+01, cond(Quu)=1.249e+05
    max|Quu|=1.791e+01, cond(Quu)=1.249e+05
    max|Quu|=1.792e+01, cond(Quu)=1.250e+05
    max|Quu|=1.794e+01, cond(Quu)=1.250e+05
    max|Quu|=1.795e+01, cond(Quu)=1.251e+05
    max|Quu|=1.797e+01, cond(Quu)=1.251e+05
    max|Quu|=1.798e+01, cond(Quu)=1.252e+05
    max|Quu|=1.800e+01, cond(Quu)=1.252e+05
    max|Quu|=1.801e+01, cond(Quu)=1.252e+05
    max|Quu|=1.802e+01, cond(Quu)=1.253e+05
    max|Quu|=1.803e+01, cond(Quu)=1.253e+05
    max|Quu|=1.804e+01, cond(Quu)=1.254e+05
    max|Quu|=1.805e+01, cond(Quu)=1.254e+05
    max|Quu|=1.806e+01, cond(Quu)=1.254e+05
    max|Quu|=1.807e+01, cond(Quu)=1.254e+05
    max|Quu|=1.807e+01, cond(Quu)=1.254e+05
    max|Quu|=1.808e+01, cond(Quu)=1.254e+05
    max|Quu|=1.808e+01, cond(Quu)=1.254e+05
    max|Quu|=1.808e+01, cond(Quu)=1.254e+05
    max|Quu|=1.808e+01, cond(Quu)=1.254e+05
    max|Quu|=1.808e+01, cond(Quu)=1.254e+05
    max|Quu|=1.808e+01, cond(Quu)=1.253e+05
    max|Quu|=1.808e+01, cond(Quu)=1.253e+05
    max|Quu|=1.808e+01, cond(Quu)=1.253e+05
    max|Quu|=1.808e+01, cond(Quu)=1.253e+05
    max|Quu|=1.808e+01, cond(Quu)=1.253e+05
    max|Quu|=1.808e+01, cond(Quu)=1.253e+05
    max|Quu|=1.808e+01, cond(Quu)=1.253e+05
    max|Quu|=1.808e+01, cond(Quu)=1.252e+05
    max|Quu|=1.807e+01, cond(Quu)=1.252e+05
    max|Quu|=1.806e+01, cond(Quu)=1.251e+05
    max|Quu|=1.805e+01, cond(Quu)=1.250e+05
    max|Quu|=1.804e+01, cond(Quu)=1.249e+05
    max|Quu|=1.802e+01, cond(Quu)=1.248e+05
    max|Quu|=1.801e+01, cond(Quu)=1.247e+05
    max|Quu|=1.799e+01, cond(Quu)=1.247e+05
    max|Quu|=1.798e+01, cond(Quu)=1.246e+05
    max|Quu|=1.796e+01, cond(Quu)=1.245e+05
    max|Quu|=1.795e+01, cond(Quu)=1.244e+05
    max|Quu|=1.793e+01, cond(Quu)=1.243e+05
    max|Quu|=1.791e+01, cond(Quu)=1.241e+05
    max|Quu|=1.789e+01, cond(Quu)=1.240e+05
    max|Quu|=1.787e+01, cond(Quu)=1.239e+05
    max|Quu|=1.784e+01, cond(Quu)=1.237e+05
    max|Quu|=1.782e+01, cond(Quu)=1.235e+05
    max|Quu|=1.780e+01, cond(Quu)=1.234e+05
    max|Quu|=1.777e+01, cond(Quu)=1.232e+05
    max|Quu|=1.774e+01, cond(Quu)=1.230e+05
    max|Quu|=1.771e+01, cond(Quu)=1.228e+05
    max|Quu|=1.769e+01, cond(Quu)=1.226e+05
    max|Quu|=1.766e+01, cond(Quu)=1.225e+05
    max|Quu|=1.763e+01, cond(Quu)=1.223e+05
    max|Quu|=1.761e+01, cond(Quu)=1.221e+05
    max|Quu|=1.758e+01, cond(Quu)=1.219e+05
    max|Quu|=1.755e+01, cond(Quu)=1.217e+05
    max|Quu|=1.753e+01, cond(Quu)=1.216e+05
    max|Quu|=1.751e+01, cond(Quu)=1.214e+05
    max|Quu|=1.749e+01, cond(Quu)=1.213e+05
    max|Quu|=1.747e+01, cond(Quu)=1.212e+05
    max|Quu|=1.747e+01, cond(Quu)=1.212e+05
    max|Quu|=1.746e+01, cond(Quu)=1.212e+05
    max|Quu|=1.746e+01, cond(Quu)=1.211e+05
    max|Quu|=1.746e+01, cond(Quu)=1.211e+05
    max|Quu|=1.746e+01, cond(Quu)=1.211e+05
    max|Quu|=1.746e+01, cond(Quu)=1.210e+05
    max|Quu|=1.746e+01, cond(Quu)=1.210e+05
    max|Quu|=1.746e+01, cond(Quu)=1.209e+05
    max|Quu|=1.746e+01, cond(Quu)=1.209e+05
    max|Quu|=1.746e+01, cond(Quu)=1.208e+05
    max|Quu|=1.746e+01, cond(Quu)=1.208e+05
    max|Quu|=1.746e+01, cond(Quu)=1.207e+05
    max|Quu|=1.746e+01, cond(Quu)=1.207e+05
    max|Quu|=1.746e+01, cond(Quu)=1.206e+05
    max|Quu|=1.746e+01, cond(Quu)=1.206e+05
    max|Quu|=1.746e+01, cond(Quu)=1.205e+05
    max|Quu|=1.746e+01, cond(Quu)=1.205e+05
Measured previous rollout {"cost": 71.53388883825627, "position_rmse": 0.173842251634701}
Defect construction {"mean_absolute": 0.05590544295599091, "max_absolute": 1.857073504941102, "max_timestep": 19, "max_state_dimension": 6, "max_state_name": "wheel_speed", "per_state_max_absolute": [0.016114532155553807, 0.008359715086489805, 0.0054951686343351624, 0.0579992777463767, 0.018511320173584308, 0.12750971410394535, 1.857073504941102, 1.4210854715202004e-14, 2.7755575615628914e-17]}
Defect reconstruction {"mean_absolute": 2.1529699451577992e-17, "max_absolute": 4.440892098500626e-16, "max_timestep": 74, "max_state_dimension": 0, "max_state_name": "x", "per_state_max_absolute": [4.440892098500626e-16, 4.440892098500626e-16, 1.1102230246251565e-16, 3.469446951953614e-18, 8.673617379884035e-19, 2.7755575615628914e-17, 2.7755575615628914e-17, 0.0, 0.0]}
alpha=0 max |U_forward - U_old|: 1.304512053934559e-13
Unchanged control baseline {"unchanged_defect": {"cost": 71.53388883825627, "position_rmse": 0.17384225163470096}, "unchanged_nominal": {"cost": 73.58552753298025, "position_rmse": 0.19699276214119849}}
Alpha candidate {"alpha": 0.5, "defect": {"cost": 64.69327422063384, "position_rmse": 0.1580843400380805}, "nominal": {"cost": 74.86679018650098, "position_rmse": 0.2020833980423924}, "defect_improvement": 6.840614617622435, "nominal_improvement": -1.2812626535207272}
Final selection {"status": "ACCEPT", "alpha": 0.5, "cost": 64.69327422063384, "reason": "Strictly lower defect-aware cost than unchanged-control prediction"}
STOP: candidate prepared; no actual rollout executed.
TRIAL {"trial": 2, "cost": 71.53388883825627, "position_rmse": 0.173842251634701, "lateness_max": 0.001985422997677233, "rate_hz": 39.98740942464223, "period_ms_min": 23.51367300070706, "period_ms_max": 26.24793599898112, "selection": "ACCEPT", "update_seconds": 0.49707139000020106}
Reset succeeded: [0. 0. 0. 0. 0. 0.]
    max|Quu|=1.001e+01, cond(Quu)=1.001e+05
    max|Quu|=1.317e+01, cond(Quu)=1.204e+05
    max|Quu|=1.556e+01, cond(Quu)=1.318e+05
    max|Quu|=1.672e+01, cond(Quu)=1.340e+05
    max|Quu|=1.717e+01, cond(Quu)=1.326e+05
    max|Quu|=1.732e+01, cond(Quu)=1.309e+05
    max|Quu|=1.738e+01, cond(Quu)=1.296e+05
    max|Quu|=1.740e+01, cond(Quu)=1.287e+05
    max|Quu|=1.740e+01, cond(Quu)=1.282e+05
    max|Quu|=1.741e+01, cond(Quu)=1.278e+05
    max|Quu|=1.741e+01, cond(Quu)=1.276e+05
    max|Quu|=1.742e+01, cond(Quu)=1.274e+05
    max|Quu|=1.742e+01, cond(Quu)=1.272e+05
    max|Quu|=1.742e+01, cond(Quu)=1.271e+05
    max|Quu|=1.743e+01, cond(Quu)=1.270e+05
    max|Quu|=1.743e+01, cond(Quu)=1.268e+05
    max|Quu|=1.744e+01, cond(Quu)=1.267e+05
    max|Quu|=1.744e+01, cond(Quu)=1.265e+05
    max|Quu|=1.745e+01, cond(Quu)=1.264e+05
    max|Quu|=1.745e+01, cond(Quu)=1.263e+05
    max|Quu|=1.746e+01, cond(Quu)=1.261e+05
    max|Quu|=1.747e+01, cond(Quu)=1.260e+05
    max|Quu|=1.747e+01, cond(Quu)=1.259e+05
    max|Quu|=1.748e+01, cond(Quu)=1.257e+05
    max|Quu|=1.749e+01, cond(Quu)=1.256e+05
    max|Quu|=1.750e+01, cond(Quu)=1.255e+05
    max|Quu|=1.751e+01, cond(Quu)=1.254e+05
    max|Quu|=1.752e+01, cond(Quu)=1.252e+05
    max|Quu|=1.753e+01, cond(Quu)=1.251e+05
    max|Quu|=1.754e+01, cond(Quu)=1.250e+05
    max|Quu|=1.755e+01, cond(Quu)=1.249e+05
    max|Quu|=1.756e+01, cond(Quu)=1.248e+05
    max|Quu|=1.758e+01, cond(Quu)=1.247e+05
    max|Quu|=1.759e+01, cond(Quu)=1.246e+05
    max|Quu|=1.760e+01, cond(Quu)=1.246e+05
    max|Quu|=1.762e+01, cond(Quu)=1.245e+05
    max|Quu|=1.763e+01, cond(Quu)=1.245e+05
    max|Quu|=1.765e+01, cond(Quu)=1.245e+05
    max|Quu|=1.766e+01, cond(Quu)=1.244e+05
    max|Quu|=1.768e+01, cond(Quu)=1.244e+05
    max|Quu|=1.769e+01, cond(Quu)=1.244e+05
    max|Quu|=1.771e+01, cond(Quu)=1.244e+05
    max|Quu|=1.773e+01, cond(Quu)=1.244e+05
    max|Quu|=1.774e+01, cond(Quu)=1.244e+05
    max|Quu|=1.776e+01, cond(Quu)=1.245e+05
    max|Quu|=1.777e+01, cond(Quu)=1.245e+05
    max|Quu|=1.779e+01, cond(Quu)=1.245e+05
    max|Quu|=1.781e+01, cond(Quu)=1.245e+05
    max|Quu|=1.782e+01, cond(Quu)=1.246e+05
    max|Quu|=1.784e+01, cond(Quu)=1.246e+05
    max|Quu|=1.786e+01, cond(Quu)=1.247e+05
    max|Quu|=1.787e+01, cond(Quu)=1.247e+05
    max|Quu|=1.789e+01, cond(Quu)=1.248e+05
    max|Quu|=1.791e+01, cond(Quu)=1.248e+05
    max|Quu|=1.792e+01, cond(Quu)=1.249e+05
    max|Quu|=1.794e+01, cond(Quu)=1.249e+05
    max|Quu|=1.795e+01, cond(Quu)=1.250e+05
    max|Quu|=1.797e+01, cond(Quu)=1.250e+05
    max|Quu|=1.798e+01, cond(Quu)=1.251e+05
    max|Quu|=1.799e+01, cond(Quu)=1.251e+05
    max|Quu|=1.801e+01, cond(Quu)=1.252e+05
    max|Quu|=1.802e+01, cond(Quu)=1.252e+05
    max|Quu|=1.803e+01, cond(Quu)=1.253e+05
    max|Quu|=1.804e+01, cond(Quu)=1.253e+05
    max|Quu|=1.805e+01, cond(Quu)=1.254e+05
    max|Quu|=1.806e+01, cond(Quu)=1.254e+05
    max|Quu|=1.807e+01, cond(Quu)=1.254e+05
    max|Quu|=1.807e+01, cond(Quu)=1.254e+05
    max|Quu|=1.808e+01, cond(Quu)=1.254e+05
    max|Quu|=1.808e+01, cond(Quu)=1.254e+05
    max|Quu|=1.808e+01, cond(Quu)=1.254e+05
    max|Quu|=1.808e+01, cond(Quu)=1.254e+05
    max|Quu|=1.809e+01, cond(Quu)=1.254e+05
    max|Quu|=1.809e+01, cond(Quu)=1.254e+05
    max|Quu|=1.809e+01, cond(Quu)=1.254e+05
    max|Quu|=1.810e+01, cond(Quu)=1.254e+05
    max|Quu|=1.810e+01, cond(Quu)=1.254e+05
    max|Quu|=1.810e+01, cond(Quu)=1.254e+05
    max|Quu|=1.810e+01, cond(Quu)=1.254e+05
    max|Quu|=1.809e+01, cond(Quu)=1.253e+05
    max|Quu|=1.809e+01, cond(Quu)=1.253e+05
    max|Quu|=1.808e+01, cond(Quu)=1.252e+05
    max|Quu|=1.807e+01, cond(Quu)=1.252e+05
    max|Quu|=1.806e+01, cond(Quu)=1.251e+05
    max|Quu|=1.805e+01, cond(Quu)=1.250e+05
    max|Quu|=1.803e+01, cond(Quu)=1.249e+05
    max|Quu|=1.801e+01, cond(Quu)=1.248e+05
    max|Quu|=1.800e+01, cond(Quu)=1.247e+05
    max|Quu|=1.798e+01, cond(Quu)=1.246e+05
    max|Quu|=1.796e+01, cond(Quu)=1.245e+05
    max|Quu|=1.795e+01, cond(Quu)=1.244e+05
    max|Quu|=1.793e+01, cond(Quu)=1.243e+05
    max|Quu|=1.791e+01, cond(Quu)=1.241e+05
    max|Quu|=1.788e+01, cond(Quu)=1.240e+05
    max|Quu|=1.786e+01, cond(Quu)=1.238e+05
    max|Quu|=1.784e+01, cond(Quu)=1.237e+05
    max|Quu|=1.781e+01, cond(Quu)=1.235e+05
    max|Quu|=1.778e+01, cond(Quu)=1.233e+05
    max|Quu|=1.776e+01, cond(Quu)=1.231e+05
    max|Quu|=1.773e+01, cond(Quu)=1.230e+05
    max|Quu|=1.770e+01, cond(Quu)=1.227e+05
    max|Quu|=1.767e+01, cond(Quu)=1.225e+05
    max|Quu|=1.764e+01, cond(Quu)=1.224e+05
    max|Quu|=1.762e+01, cond(Quu)=1.222e+05
    max|Quu|=1.759e+01, cond(Quu)=1.220e+05
    max|Quu|=1.756e+01, cond(Quu)=1.218e+05
    max|Quu|=1.754e+01, cond(Quu)=1.216e+05
    max|Quu|=1.751e+01, cond(Quu)=1.215e+05
    max|Quu|=1.749e+01, cond(Quu)=1.213e+05
    max|Quu|=1.748e+01, cond(Quu)=1.212e+05
    max|Quu|=1.747e+01, cond(Quu)=1.212e+05
    max|Quu|=1.746e+01, cond(Quu)=1.212e+05
    max|Quu|=1.746e+01, cond(Quu)=1.211e+05
    max|Quu|=1.746e+01, cond(Quu)=1.211e+05
    max|Quu|=1.746e+01, cond(Quu)=1.211e+05
    max|Quu|=1.746e+01, cond(Quu)=1.210e+05
    max|Quu|=1.746e+01, cond(Quu)=1.210e+05
    max|Quu|=1.746e+01, cond(Quu)=1.209e+05
    max|Quu|=1.746e+01, cond(Quu)=1.209e+05
    max|Quu|=1.746e+01, cond(Quu)=1.208e+05
    max|Quu|=1.746e+01, cond(Quu)=1.208e+05
    max|Quu|=1.746e+01, cond(Quu)=1.207e+05
    max|Quu|=1.746e+01, cond(Quu)=1.206e+05
    max|Quu|=1.746e+01, cond(Quu)=1.206e+05
    max|Quu|=1.746e+01, cond(Quu)=1.206e+05
    max|Quu|=1.746e+01, cond(Quu)=1.205e+05
    max|Quu|=1.746e+01, cond(Quu)=1.205e+05
Measured previous rollout {"cost": 68.15342266100225, "position_rmse": 0.1668436418803978}
Defect construction {"mean_absolute": 0.060180484057190516, "max_absolute": 2.012831375103861, "max_timestep": 20, "max_state_dimension": 6, "max_state_name": "wheel_speed", "per_state_max_absolute": [0.016128931487485065, 0.00875637391152606, 0.005487238088395907, 0.06106373597172432, 0.018290306621445908, 0.12733641006800236, 2.012831375103861, 1.4210854715202004e-14, 2.7755575615628914e-17]}
Defect reconstruction {"mean_absolute": 2.2874506530409553e-17, "max_absolute": 4.440892098500626e-16, "max_timestep": 106, "max_state_dimension": 1, "max_state_name": "y", "per_state_max_absolute": [4.336808689942018e-19, 4.440892098500626e-16, 1.6653345369377348e-16, 1.3877787807814457e-17, 0.0, 2.8189256484623115e-18, 1.0408340855860843e-17, 0.0, 0.0]}
alpha=0 max |U_forward - U_old|: 3.730349362740526e-14
Unchanged control baseline {"unchanged_defect": {"cost": 68.15342266100228, "position_rmse": 0.16684364188039788}, "unchanged_nominal": {"cost": 74.86679018650098, "position_rmse": 0.2020833980423924}}
Alpha candidate {"alpha": 0.5, "defect": {"cost": 62.9651014329679, "position_rmse": 0.15098032903246283}, "nominal": {"cost": 68.1441422574421, "position_rmse": 0.18152271304092152}, "defect_improvement": 5.188321228034383, "nominal_improvement": 6.72264792905888}
Final selection {"status": "ACCEPT", "alpha": 0.5, "cost": 62.9651014329679, "reason": "Strictly lower defect-aware cost than unchanged-control prediction"}
STOP: candidate prepared; no actual rollout executed.
TRIAL {"trial": 3, "cost": 68.15342266100225, "position_rmse": 0.1668436418803978, "lateness_max": 0.001668482000241056, "rate_hz": 39.99751072000701, "period_ms_min": 23.895266000181437, "period_ms_max": 26.234941000438994, "selection": "ACCEPT", "update_seconds": 0.45976797600087593}
Reset succeeded: [0. 0. 0. 0. 0. 0.]
    max|Quu|=1.001e+01, cond(Quu)=1.001e+05
    max|Quu|=1.317e+01, cond(Quu)=1.204e+05
    max|Quu|=1.556e+01, cond(Quu)=1.318e+05
    max|Quu|=1.672e+01, cond(Quu)=1.340e+05
    max|Quu|=1.717e+01, cond(Quu)=1.326e+05
    max|Quu|=1.732e+01, cond(Quu)=1.309e+05
    max|Quu|=1.738e+01, cond(Quu)=1.296e+05
    max|Quu|=1.740e+01, cond(Quu)=1.287e+05
    max|Quu|=1.740e+01, cond(Quu)=1.282e+05
    max|Quu|=1.741e+01, cond(Quu)=1.278e+05
    max|Quu|=1.741e+01, cond(Quu)=1.276e+05
    max|Quu|=1.741e+01, cond(Quu)=1.274e+05
    max|Quu|=1.742e+01, cond(Quu)=1.272e+05
    max|Quu|=1.742e+01, cond(Quu)=1.271e+05
    max|Quu|=1.743e+01, cond(Quu)=1.269e+05
    max|Quu|=1.743e+01, cond(Quu)=1.268e+05
    max|Quu|=1.743e+01, cond(Quu)=1.267e+05
    max|Quu|=1.744e+01, cond(Quu)=1.265e+05
    max|Quu|=1.744e+01, cond(Quu)=1.264e+05
    max|Quu|=1.745e+01, cond(Quu)=1.263e+05
    max|Quu|=1.746e+01, cond(Quu)=1.261e+05
    max|Quu|=1.746e+01, cond(Quu)=1.260e+05
    max|Quu|=1.747e+01, cond(Quu)=1.258e+05
    max|Quu|=1.748e+01, cond(Quu)=1.257e+05
    max|Quu|=1.749e+01, cond(Quu)=1.256e+05
    max|Quu|=1.750e+01, cond(Quu)=1.255e+05
    max|Quu|=1.751e+01, cond(Quu)=1.253e+05
    max|Quu|=1.752e+01, cond(Quu)=1.252e+05
    max|Quu|=1.753e+01, cond(Quu)=1.251e+05
    max|Quu|=1.754e+01, cond(Quu)=1.250e+05
    max|Quu|=1.755e+01, cond(Quu)=1.249e+05
    max|Quu|=1.756e+01, cond(Quu)=1.248e+05
    max|Quu|=1.757e+01, cond(Quu)=1.247e+05
    max|Quu|=1.758e+01, cond(Quu)=1.246e+05
    max|Quu|=1.760e+01, cond(Quu)=1.245e+05
    max|Quu|=1.761e+01, cond(Quu)=1.245e+05
    max|Quu|=1.762e+01, cond(Quu)=1.244e+05
    max|Quu|=1.764e+01, cond(Quu)=1.244e+05
    max|Quu|=1.765e+01, cond(Quu)=1.244e+05
    max|Quu|=1.767e+01, cond(Quu)=1.244e+05
    max|Quu|=1.769e+01, cond(Quu)=1.244e+05
    max|Quu|=1.770e+01, cond(Quu)=1.244e+05
    max|Quu|=1.772e+01, cond(Quu)=1.244e+05
    max|Quu|=1.774e+01, cond(Quu)=1.244e+05
    max|Quu|=1.775e+01, cond(Quu)=1.244e+05
    max|Quu|=1.777e+01, cond(Quu)=1.244e+05
    max|Quu|=1.778e+01, cond(Quu)=1.244e+05
    max|Quu|=1.780e+01, cond(Quu)=1.245e+05
    max|Quu|=1.782e+01, cond(Quu)=1.245e+05
    max|Quu|=1.783e+01, cond(Quu)=1.246e+05
    max|Quu|=1.785e+01, cond(Quu)=1.246e+05
    max|Quu|=1.786e+01, cond(Quu)=1.247e+05
    max|Quu|=1.788e+01, cond(Quu)=1.247e+05
    max|Quu|=1.790e+01, cond(Quu)=1.248e+05
    max|Quu|=1.791e+01, cond(Quu)=1.248e+05
    max|Quu|=1.793e+01, cond(Quu)=1.249e+05
    max|Quu|=1.794e+01, cond(Quu)=1.249e+05
    max|Quu|=1.796e+01, cond(Quu)=1.250e+05
    max|Quu|=1.797e+01, cond(Quu)=1.250e+05
    max|Quu|=1.798e+01, cond(Quu)=1.251e+05
    max|Quu|=1.800e+01, cond(Quu)=1.251e+05
    max|Quu|=1.801e+01, cond(Quu)=1.252e+05
    max|Quu|=1.802e+01, cond(Quu)=1.252e+05
    max|Quu|=1.804e+01, cond(Quu)=1.253e+05
    max|Quu|=1.805e+01, cond(Quu)=1.253e+05
    max|Quu|=1.806e+01, cond(Quu)=1.254e+05
    max|Quu|=1.806e+01, cond(Quu)=1.254e+05
    max|Quu|=1.807e+01, cond(Quu)=1.254e+05
    max|Quu|=1.808e+01, cond(Quu)=1.254e+05
    max|Quu|=1.808e+01, cond(Quu)=1.254e+05
    max|Quu|=1.808e+01, cond(Quu)=1.254e+05
    max|Quu|=1.808e+01, cond(Quu)=1.254e+05
    max|Quu|=1.809e+01, cond(Quu)=1.254e+05
    max|Quu|=1.809e+01, cond(Quu)=1.254e+05
    max|Quu|=1.809e+01, cond(Quu)=1.254e+05
    max|Quu|=1.809e+01, cond(Quu)=1.254e+05
    max|Quu|=1.810e+01, cond(Quu)=1.254e+05
    max|Quu|=1.810e+01, cond(Quu)=1.254e+05
    max|Quu|=1.810e+01, cond(Quu)=1.254e+05
    max|Quu|=1.810e+01, cond(Quu)=1.254e+05
    max|Quu|=1.809e+01, cond(Quu)=1.254e+05
    max|Quu|=1.809e+01, cond(Quu)=1.253e+05
    max|Quu|=1.808e+01, cond(Quu)=1.252e+05
    max|Quu|=1.806e+01, cond(Quu)=1.251e+05
    max|Quu|=1.805e+01, cond(Quu)=1.250e+05
    max|Quu|=1.803e+01, cond(Quu)=1.249e+05
    max|Quu|=1.802e+01, cond(Quu)=1.248e+05
    max|Quu|=1.800e+01, cond(Quu)=1.248e+05
    max|Quu|=1.799e+01, cond(Quu)=1.247e+05
    max|Quu|=1.797e+01, cond(Quu)=1.246e+05
    max|Quu|=1.796e+01, cond(Quu)=1.245e+05
    max|Quu|=1.794e+01, cond(Quu)=1.243e+05
    max|Quu|=1.792e+01, cond(Quu)=1.242e+05
    max|Quu|=1.789e+01, cond(Quu)=1.241e+05
    max|Quu|=1.787e+01, cond(Quu)=1.239e+05
    max|Quu|=1.784e+01, cond(Quu)=1.237e+05
    max|Quu|=1.782e+01, cond(Quu)=1.235e+05
    max|Quu|=1.779e+01, cond(Quu)=1.234e+05
    max|Quu|=1.776e+01, cond(Quu)=1.232e+05
    max|Quu|=1.773e+01, cond(Quu)=1.230e+05
    max|Quu|=1.770e+01, cond(Quu)=1.228e+05
    max|Quu|=1.767e+01, cond(Quu)=1.226e+05
    max|Quu|=1.764e+01, cond(Quu)=1.224e+05
    max|Quu|=1.762e+01, cond(Quu)=1.222e+05
    max|Quu|=1.759e+01, cond(Quu)=1.220e+05
    max|Quu|=1.756e+01, cond(Quu)=1.218e+05
    max|Quu|=1.753e+01, cond(Quu)=1.216e+05
    max|Quu|=1.751e+01, cond(Quu)=1.215e+05
    max|Quu|=1.749e+01, cond(Quu)=1.214e+05
    max|Quu|=1.748e+01, cond(Quu)=1.213e+05
    max|Quu|=1.747e+01, cond(Quu)=1.212e+05
    max|Quu|=1.746e+01, cond(Quu)=1.212e+05
    max|Quu|=1.746e+01, cond(Quu)=1.212e+05
    max|Quu|=1.746e+01, cond(Quu)=1.211e+05
    max|Quu|=1.746e+01, cond(Quu)=1.211e+05
    max|Quu|=1.746e+01, cond(Quu)=1.210e+05
    max|Quu|=1.746e+01, cond(Quu)=1.210e+05
    max|Quu|=1.746e+01, cond(Quu)=1.209e+05
    max|Quu|=1.746e+01, cond(Quu)=1.209e+05
    max|Quu|=1.746e+01, cond(Quu)=1.208e+05
    max|Quu|=1.746e+01, cond(Quu)=1.208e+05
    max|Quu|=1.746e+01, cond(Quu)=1.207e+05
    max|Quu|=1.746e+01, cond(Quu)=1.207e+05
    max|Quu|=1.746e+01, cond(Quu)=1.206e+05
    max|Quu|=1.746e+01, cond(Quu)=1.206e+05
    max|Quu|=1.746e+01, cond(Quu)=1.205e+05
    max|Quu|=1.746e+01, cond(Quu)=1.205e+05
Measured previous rollout {"cost": 63.529618646978804, "position_rmse": 0.15220206090753804}
Defect construction {"mean_absolute": 0.06173977036543617, "max_absolute": 2.0848671220310138, "max_timestep": 19, "max_state_dimension": 6, "max_state_name": "wheel_speed", "per_state_max_absolute": [0.016239804933052326, 0.008445882521539438, 0.0054405022970099035, 0.0632160096918053, 0.01758390411860816, 0.133339939512491, 2.0848671220310138, 1.4210854715202004e-14, 2.7755575615628914e-17]}
Defect reconstruction {"mean_absolute": 1.6420292397073913e-17, "max_absolute": 8.881784197001252e-16, "max_timestep": 122, "max_state_dimension": 1, "max_state_name": "y", "per_state_max_absolute": [5.421010862427522e-20, 8.881784197001252e-16, 1.1102230246251565e-16, 1.734723475976807e-18, 0.0, 1.5178830414797062e-18, 2.7755575615628914e-17, 0.0, 0.0]}
alpha=0 max |U_forward - U_old|: 1.4210854715202004e-13
Unchanged control baseline {"unchanged_defect": {"cost": 63.529618646978776, "position_rmse": 0.152202060907538}, "unchanged_nominal": {"cost": 68.1441422574421, "position_rmse": 0.18152271304092152}}
Alpha candidate {"alpha": 0.5, "defect": {"cost": 62.58129192506647, "position_rmse": 0.1480542623112816}, "nominal": {"cost": 67.13755102851776, "position_rmse": 0.17631230759571337}, "defect_improvement": 0.9483267219123022, "nominal_improvement": 1.0065912289243357}
Final selection {"status": "ACCEPT", "alpha": 0.5, "cost": 62.58129192506647, "reason": "Strictly lower defect-aware cost than unchanged-control prediction"}
STOP: candidate prepared; no actual rollout executed.
TRIAL {"trial": 4, "cost": 63.529618646978804, "position_rmse": 0.15220206090753804, "lateness_max": 0.0020332509993750136, "rate_hz": 39.99726860556948, "period_ms_min": 23.493546999816317, "period_ms_max": 26.685685999837006, "selection": "ACCEPT", "update_seconds": 0.49573459600287606}
Reset succeeded: [0. 0. 0. 0. 0. 0.]
    max|Quu|=1.001e+01, cond(Quu)=1.001e+05
    max|Quu|=1.317e+01, cond(Quu)=1.204e+05
    max|Quu|=1.556e+01, cond(Quu)=1.318e+05
    max|Quu|=1.672e+01, cond(Quu)=1.340e+05
    max|Quu|=1.717e+01, cond(Quu)=1.326e+05
    max|Quu|=1.732e+01, cond(Quu)=1.309e+05
    max|Quu|=1.738e+01, cond(Quu)=1.296e+05
    max|Quu|=1.740e+01, cond(Quu)=1.287e+05
    max|Quu|=1.740e+01, cond(Quu)=1.282e+05
    max|Quu|=1.741e+01, cond(Quu)=1.278e+05
    max|Quu|=1.741e+01, cond(Quu)=1.276e+05
    max|Quu|=1.741e+01, cond(Quu)=1.274e+05
    max|Quu|=1.742e+01, cond(Quu)=1.272e+05
    max|Quu|=1.742e+01, cond(Quu)=1.271e+05
    max|Quu|=1.742e+01, cond(Quu)=1.269e+05
    max|Quu|=1.743e+01, cond(Quu)=1.268e+05
    max|Quu|=1.743e+01, cond(Quu)=1.267e+05
    max|Quu|=1.744e+01, cond(Quu)=1.265e+05
    max|Quu|=1.744e+01, cond(Quu)=1.264e+05
    max|Quu|=1.745e+01, cond(Quu)=1.262e+05
    max|Quu|=1.746e+01, cond(Quu)=1.261e+05
    max|Quu|=1.746e+01, cond(Quu)=1.260e+05
    max|Quu|=1.747e+01, cond(Quu)=1.258e+05
    max|Quu|=1.748e+01, cond(Quu)=1.257e+05
    max|Quu|=1.749e+01, cond(Quu)=1.256e+05
    max|Quu|=1.750e+01, cond(Quu)=1.254e+05
    max|Quu|=1.751e+01, cond(Quu)=1.253e+05
    max|Quu|=1.752e+01, cond(Quu)=1.252e+05
    max|Quu|=1.753e+01, cond(Quu)=1.251e+05
    max|Quu|=1.754e+01, cond(Quu)=1.250e+05
    max|Quu|=1.755e+01, cond(Quu)=1.249e+05
    max|Quu|=1.756e+01, cond(Quu)=1.248e+05
    max|Quu|=1.757e+01, cond(Quu)=1.247e+05
    max|Quu|=1.758e+01, cond(Quu)=1.246e+05
    max|Quu|=1.759e+01, cond(Quu)=1.245e+05
    max|Quu|=1.761e+01, cond(Quu)=1.245e+05
    max|Quu|=1.762e+01, cond(Quu)=1.244e+05
    max|Quu|=1.764e+01, cond(Quu)=1.244e+05
    max|Quu|=1.765e+01, cond(Quu)=1.244e+05
    max|Quu|=1.767e+01, cond(Quu)=1.243e+05
    max|Quu|=1.768e+01, cond(Quu)=1.243e+05
    max|Quu|=1.770e+01, cond(Quu)=1.243e+05
    max|Quu|=1.771e+01, cond(Quu)=1.243e+05
    max|Quu|=1.773e+01, cond(Quu)=1.243e+05
    max|Quu|=1.775e+01, cond(Quu)=1.244e+05
    max|Quu|=1.776e+01, cond(Quu)=1.244e+05
    max|Quu|=1.778e+01, cond(Quu)=1.244e+05
    max|Quu|=1.779e+01, cond(Quu)=1.244e+05
    max|Quu|=1.781e+01, cond(Quu)=1.245e+05
    max|Quu|=1.783e+01, cond(Quu)=1.245e+05
    max|Quu|=1.784e+01, cond(Quu)=1.246e+05
    max|Quu|=1.786e+01, cond(Quu)=1.246e+05
    max|Quu|=1.787e+01, cond(Quu)=1.247e+05
    max|Quu|=1.789e+01, cond(Quu)=1.247e+05
    max|Quu|=1.791e+01, cond(Quu)=1.248e+05
    max|Quu|=1.792e+01, cond(Quu)=1.248e+05
    max|Quu|=1.794e+01, cond(Quu)=1.249e+05
    max|Quu|=1.795e+01, cond(Quu)=1.249e+05
    max|Quu|=1.796e+01, cond(Quu)=1.250e+05
    max|Quu|=1.798e+01, cond(Quu)=1.250e+05
    max|Quu|=1.799e+01, cond(Quu)=1.251e+05
    max|Quu|=1.801e+01, cond(Quu)=1.252e+05
    max|Quu|=1.802e+01, cond(Quu)=1.252e+05
    max|Quu|=1.803e+01, cond(Quu)=1.253e+05
    max|Quu|=1.804e+01, cond(Quu)=1.253e+05
    max|Quu|=1.805e+01, cond(Quu)=1.253e+05
    max|Quu|=1.806e+01, cond(Quu)=1.254e+05
    max|Quu|=1.807e+01, cond(Quu)=1.254e+05
    max|Quu|=1.807e+01, cond(Quu)=1.254e+05
    max|Quu|=1.808e+01, cond(Quu)=1.254e+05
    max|Quu|=1.808e+01, cond(Quu)=1.254e+05
    max|Quu|=1.808e+01, cond(Quu)=1.254e+05
    max|Quu|=1.809e+01, cond(Quu)=1.254e+05
    max|Quu|=1.809e+01, cond(Quu)=1.254e+05
    max|Quu|=1.809e+01, cond(Quu)=1.254e+05
    max|Quu|=1.810e+01, cond(Quu)=1.254e+05
    max|Quu|=1.810e+01, cond(Quu)=1.254e+05
    max|Quu|=1.810e+01, cond(Quu)=1.254e+05
    max|Quu|=1.810e+01, cond(Quu)=1.254e+05
    max|Quu|=1.810e+01, cond(Quu)=1.254e+05
    max|Quu|=1.810e+01, cond(Quu)=1.254e+05
    max|Quu|=1.809e+01, cond(Quu)=1.253e+05
    max|Quu|=1.808e+01, cond(Quu)=1.253e+05
    max|Quu|=1.807e+01, cond(Quu)=1.252e+05
    max|Quu|=1.806e+01, cond(Quu)=1.251e+05
    max|Quu|=1.804e+01, cond(Quu)=1.250e+05
    max|Quu|=1.802e+01, cond(Quu)=1.249e+05
    max|Quu|=1.801e+01, cond(Quu)=1.248e+05
    max|Quu|=1.799e+01, cond(Quu)=1.247e+05
    max|Quu|=1.798e+01, cond(Quu)=1.246e+05
    max|Quu|=1.796e+01, cond(Quu)=1.245e+05
    max|Quu|=1.794e+01, cond(Quu)=1.244e+05
    max|Quu|=1.792e+01, cond(Quu)=1.242e+05
    max|Quu|=1.790e+01, cond(Quu)=1.241e+05
    max|Quu|=1.787e+01, cond(Quu)=1.239e+05
    max|Quu|=1.785e+01, cond(Quu)=1.238e+05
    max|Quu|=1.782e+01, cond(Quu)=1.236e+05
    max|Quu|=1.779e+01, cond(Quu)=1.234e+05
    max|Quu|=1.776e+01, cond(Quu)=1.232e+05
    max|Quu|=1.773e+01, cond(Quu)=1.230e+05
    max|Quu|=1.770e+01, cond(Quu)=1.228e+05
    max|Quu|=1.767e+01, cond(Quu)=1.226e+05
    max|Quu|=1.765e+01, cond(Quu)=1.224e+05
    max|Quu|=1.762e+01, cond(Quu)=1.222e+05
    max|Quu|=1.759e+01, cond(Quu)=1.220e+05
    max|Quu|=1.756e+01, cond(Quu)=1.218e+05
    max|Quu|=1.754e+01, cond(Quu)=1.216e+05
    max|Quu|=1.751e+01, cond(Quu)=1.215e+05
    max|Quu|=1.749e+01, cond(Quu)=1.213e+05
    max|Quu|=1.748e+01, cond(Quu)=1.213e+05
    max|Quu|=1.747e+01, cond(Quu)=1.212e+05
    max|Quu|=1.746e+01, cond(Quu)=1.212e+05
    max|Quu|=1.746e+01, cond(Quu)=1.212e+05
    max|Quu|=1.746e+01, cond(Quu)=1.212e+05
    max|Quu|=1.746e+01, cond(Quu)=1.211e+05
    max|Quu|=1.746e+01, cond(Quu)=1.211e+05
    max|Quu|=1.746e+01, cond(Quu)=1.210e+05
    max|Quu|=1.746e+01, cond(Quu)=1.210e+05
    max|Quu|=1.746e+01, cond(Quu)=1.209e+05
    max|Quu|=1.746e+01, cond(Quu)=1.208e+05
    max|Quu|=1.746e+01, cond(Quu)=1.208e+05
    max|Quu|=1.746e+01, cond(Quu)=1.207e+05
    max|Quu|=1.746e+01, cond(Quu)=1.207e+05
    max|Quu|=1.746e+01, cond(Quu)=1.206e+05
    max|Quu|=1.746e+01, cond(Quu)=1.206e+05
    max|Quu|=1.746e+01, cond(Quu)=1.205e+05
    max|Quu|=1.746e+01, cond(Quu)=1.205e+05
Measured previous rollout {"cost": 64.02931615067092, "position_rmse": 0.1529991268079341}
Defect construction {"mean_absolute": 0.06272508370650896, "max_absolute": 2.0707143657911544, "max_timestep": 19, "max_state_dimension": 6, "max_state_name": "wheel_speed", "per_state_max_absolute": [0.01622562752853618, 0.008534222732410224, 0.005508085047363914, 0.06386589826073852, 0.017503061406608945, 0.12994246350123545, 2.0707143657911544, 1.4210854715202004e-14, 2.7755575615628914e-17]}
Defect reconstruction {"mean_absolute": 1.720907105778021e-17, "max_absolute": 4.440892098500626e-16, "max_timestep": 5, "max_state_dimension": 6, "max_state_name": "wheel_speed", "per_state_max_absolute": [2.541098841762901e-21, 4.440892098500626e-16, 1.700029006457271e-16, 2.168404344971009e-19, 0.0, 6.505213034913027e-19, 4.440892098500626e-16, 0.0, 0.0]}
alpha=0 max |U_forward - U_old|: 4.263256414560601e-14
Unchanged control baseline {"unchanged_defect": {"cost": 64.02931615067092, "position_rmse": 0.15299912680793407}, "unchanged_nominal": {"cost": 67.13755102851776, "position_rmse": 0.17631230759571337}}
Alpha candidate {"alpha": 0.5, "defect": {"cost": 62.955599878122015, "position_rmse": 0.1483235656491351}, "nominal": {"cost": 65.79509326488592, "position_rmse": 0.1715137455972545}, "defect_improvement": 1.0737162725489071, "nominal_improvement": 1.3424577636318418}
Final selection {"status": "ACCEPT", "alpha": 0.5, "cost": 62.955599878122015, "reason": "Strictly lower defect-aware cost than unchanged-control prediction"}
STOP: candidate prepared; no actual rollout executed.
TRIAL {"trial": 5, "cost": 64.02931615067092, "position_rmse": 0.1529991268079341, "lateness_max": 0.0024930190011218656, "rate_hz": 39.9903234208565, "period_ms_min": 22.98038099979749, "period_ms_max": 26.78965900122421, "selection": "ACCEPT", "update_seconds": 0.5276224129993352}
Reset succeeded: [0. 0. 0. 0. 0. 0.]
    max|Quu|=1.001e+01, cond(Quu)=1.001e+05
    max|Quu|=1.317e+01, cond(Quu)=1.204e+05
    max|Quu|=1.556e+01, cond(Quu)=1.318e+05
    max|Quu|=1.672e+01, cond(Quu)=1.340e+05
    max|Quu|=1.717e+01, cond(Quu)=1.326e+05
    max|Quu|=1.732e+01, cond(Quu)=1.309e+05
    max|Quu|=1.738e+01, cond(Quu)=1.296e+05
    max|Quu|=1.740e+01, cond(Quu)=1.287e+05
    max|Quu|=1.740e+01, cond(Quu)=1.282e+05
    max|Quu|=1.741e+01, cond(Quu)=1.278e+05
    max|Quu|=1.741e+01, cond(Quu)=1.276e+05
    max|Quu|=1.741e+01, cond(Quu)=1.274e+05
    max|Quu|=1.742e+01, cond(Quu)=1.272e+05
    max|Quu|=1.742e+01, cond(Quu)=1.271e+05
    max|Quu|=1.742e+01, cond(Quu)=1.269e+05
    max|Quu|=1.743e+01, cond(Quu)=1.268e+05
    max|Quu|=1.743e+01, cond(Quu)=1.267e+05
    max|Quu|=1.744e+01, cond(Quu)=1.265e+05
    max|Quu|=1.744e+01, cond(Quu)=1.264e+05
    max|Quu|=1.745e+01, cond(Quu)=1.262e+05
    max|Quu|=1.746e+01, cond(Quu)=1.261e+05
    max|Quu|=1.746e+01, cond(Quu)=1.260e+05
    max|Quu|=1.747e+01, cond(Quu)=1.258e+05
    max|Quu|=1.748e+01, cond(Quu)=1.257e+05
    max|Quu|=1.749e+01, cond(Quu)=1.256e+05
    max|Quu|=1.750e+01, cond(Quu)=1.254e+05
    max|Quu|=1.751e+01, cond(Quu)=1.253e+05
    max|Quu|=1.752e+01, cond(Quu)=1.252e+05
    max|Quu|=1.753e+01, cond(Quu)=1.251e+05
    max|Quu|=1.754e+01, cond(Quu)=1.250e+05
    max|Quu|=1.755e+01, cond(Quu)=1.249e+05
    max|Quu|=1.756e+01, cond(Quu)=1.248e+05
    max|Quu|=1.757e+01, cond(Quu)=1.247e+05
    max|Quu|=1.758e+01, cond(Quu)=1.246e+05
    max|Quu|=1.759e+01, cond(Quu)=1.245e+05
    max|Quu|=1.761e+01, cond(Quu)=1.245e+05
    max|Quu|=1.762e+01, cond(Quu)=1.244e+05
    max|Quu|=1.763e+01, cond(Quu)=1.244e+05
    max|Quu|=1.765e+01, cond(Quu)=1.244e+05
    max|Quu|=1.767e+01, cond(Quu)=1.243e+05
    max|Quu|=1.768e+01, cond(Quu)=1.243e+05
    max|Quu|=1.770e+01, cond(Quu)=1.243e+05
    max|Quu|=1.771e+01, cond(Quu)=1.243e+05
    max|Quu|=1.773e+01, cond(Quu)=1.243e+05
    max|Quu|=1.774e+01, cond(Quu)=1.243e+05
    max|Quu|=1.776e+01, cond(Quu)=1.244e+05
    max|Quu|=1.777e+01, cond(Quu)=1.244e+05
    max|Quu|=1.779e+01, cond(Quu)=1.244e+05
    max|Quu|=1.781e+01, cond(Quu)=1.245e+05
    max|Quu|=1.783e+01, cond(Quu)=1.245e+05
    max|Quu|=1.784e+01, cond(Quu)=1.246e+05
    max|Quu|=1.786e+01, cond(Quu)=1.246e+05
    max|Quu|=1.787e+01, cond(Quu)=1.247e+05
    max|Quu|=1.789e+01, cond(Quu)=1.247e+05
    max|Quu|=1.790e+01, cond(Quu)=1.248e+05
    max|Quu|=1.792e+01, cond(Quu)=1.248e+05
    max|Quu|=1.793e+01, cond(Quu)=1.249e+05
    max|Quu|=1.795e+01, cond(Quu)=1.249e+05
    max|Quu|=1.796e+01, cond(Quu)=1.250e+05
    max|Quu|=1.798e+01, cond(Quu)=1.250e+05
    max|Quu|=1.799e+01, cond(Quu)=1.251e+05
    max|Quu|=1.800e+01, cond(Quu)=1.251e+05
    max|Quu|=1.802e+01, cond(Quu)=1.252e+05
    max|Quu|=1.803e+01, cond(Quu)=1.252e+05
    max|Quu|=1.804e+01, cond(Quu)=1.253e+05
    max|Quu|=1.805e+01, cond(Quu)=1.253e+05
    max|Quu|=1.806e+01, cond(Quu)=1.254e+05
    max|Quu|=1.807e+01, cond(Quu)=1.254e+05
    max|Quu|=1.807e+01, cond(Quu)=1.254e+05
    max|Quu|=1.808e+01, cond(Quu)=1.254e+05
    max|Quu|=1.808e+01, cond(Quu)=1.254e+05
    max|Quu|=1.808e+01, cond(Quu)=1.254e+05
    max|Quu|=1.809e+01, cond(Quu)=1.254e+05
    max|Quu|=1.809e+01, cond(Quu)=1.254e+05
    max|Quu|=1.809e+01, cond(Quu)=1.254e+05
    max|Quu|=1.809e+01, cond(Quu)=1.254e+05
    max|Quu|=1.810e+01, cond(Quu)=1.254e+05
    max|Quu|=1.810e+01, cond(Quu)=1.254e+05
    max|Quu|=1.810e+01, cond(Quu)=1.254e+05
    max|Quu|=1.810e+01, cond(Quu)=1.254e+05
    max|Quu|=1.810e+01, cond(Quu)=1.254e+05
    max|Quu|=1.809e+01, cond(Quu)=1.253e+05
    max|Quu|=1.808e+01, cond(Quu)=1.253e+05
    max|Quu|=1.807e+01, cond(Quu)=1.252e+05
    max|Quu|=1.805e+01, cond(Quu)=1.251e+05
    max|Quu|=1.804e+01, cond(Quu)=1.250e+05
    max|Quu|=1.803e+01, cond(Quu)=1.249e+05
    max|Quu|=1.801e+01, cond(Quu)=1.248e+05
    max|Quu|=1.800e+01, cond(Quu)=1.247e+05
    max|Quu|=1.798e+01, cond(Quu)=1.246e+05
    max|Quu|=1.797e+01, cond(Quu)=1.245e+05
    max|Quu|=1.795e+01, cond(Quu)=1.244e+05
    max|Quu|=1.793e+01, cond(Quu)=1.243e+05
    max|Quu|=1.791e+01, cond(Quu)=1.241e+05
    max|Quu|=1.788e+01, cond(Quu)=1.240e+05
    max|Quu|=1.785e+01, cond(Quu)=1.238e+05
    max|Quu|=1.783e+01, cond(Quu)=1.236e+05
    max|Quu|=1.780e+01, cond(Quu)=1.234e+05
    max|Quu|=1.777e+01, cond(Quu)=1.232e+05
    max|Quu|=1.774e+01, cond(Quu)=1.230e+05
    max|Quu|=1.771e+01, cond(Quu)=1.228e+05
    max|Quu|=1.768e+01, cond(Quu)=1.226e+05
    max|Quu|=1.765e+01, cond(Quu)=1.224e+05
    max|Quu|=1.762e+01, cond(Quu)=1.222e+05
    max|Quu|=1.760e+01, cond(Quu)=1.220e+05
    max|Quu|=1.757e+01, cond(Quu)=1.218e+05
    max|Quu|=1.754e+01, cond(Quu)=1.216e+05
    max|Quu|=1.751e+01, cond(Quu)=1.215e+05
    max|Quu|=1.749e+01, cond(Quu)=1.214e+05
    max|Quu|=1.748e+01, cond(Quu)=1.213e+05
    max|Quu|=1.747e+01, cond(Quu)=1.212e+05
    max|Quu|=1.746e+01, cond(Quu)=1.212e+05
    max|Quu|=1.746e+01, cond(Quu)=1.212e+05
    max|Quu|=1.746e+01, cond(Quu)=1.211e+05
    max|Quu|=1.746e+01, cond(Quu)=1.211e+05
    max|Quu|=1.746e+01, cond(Quu)=1.211e+05
    max|Quu|=1.746e+01, cond(Quu)=1.210e+05
    max|Quu|=1.746e+01, cond(Quu)=1.209e+05
    max|Quu|=1.746e+01, cond(Quu)=1.209e+05
    max|Quu|=1.746e+01, cond(Quu)=1.208e+05
    max|Quu|=1.746e+01, cond(Quu)=1.208e+05
    max|Quu|=1.746e+01, cond(Quu)=1.207e+05
    max|Quu|=1.746e+01, cond(Quu)=1.207e+05
    max|Quu|=1.746e+01, cond(Quu)=1.206e+05
    max|Quu|=1.746e+01, cond(Quu)=1.206e+05
    max|Quu|=1.746e+01, cond(Quu)=1.205e+05
    max|Quu|=1.746e+01, cond(Quu)=1.205e+05
Measured previous rollout {"cost": 61.80760284962855, "position_rmse": 0.14367625123220043}
Defect construction {"mean_absolute": 0.0630980875736599, "max_absolute": 2.130056465595853, "max_timestep": 19, "max_state_dimension": 6, "max_state_name": "wheel_speed", "per_state_max_absolute": [0.016266732878545298, 0.00832389892612051, 0.005273674176069693, 0.06439404926464798, 0.017066853537200707, 0.13109488991970242, 2.130056465595853, 1.4210854715202004e-14, 2.7755575615628914e-17]}
Defect reconstruction {"mean_absolute": 1.206933377175565e-17, "max_absolute": 4.440892098500626e-16, "max_timestep": 112, "max_state_dimension": 1, "max_state_name": "y", "per_state_max_absolute": [3.469446951953614e-18, 4.440892098500626e-16, 1.1102230246251565e-16, 1.734723475976807e-18, 0.0, 8.131516293641283e-19, 2.7755575615628914e-17, 0.0, 0.0]}
alpha=0 max |U_forward - U_old|: 3.774758283725532e-14
Unchanged control baseline {"unchanged_defect": {"cost": 61.807602849628566, "position_rmse": 0.14367625123220046}, "unchanged_nominal": {"cost": 65.79509326488592, "position_rmse": 0.1715137455972545}}
Alpha candidate {"alpha": 0.5, "defect": {"cost": 61.77885208776354, "position_rmse": 0.14350386971770748}, "nominal": {"cost": 65.74790249984225, "position_rmse": 0.17111773196985278}, "defect_improvement": 0.028750761865026675, "nominal_improvement": 0.04719076504366626}
Final selection {"status": "ACCEPT", "alpha": 0.5, "cost": 61.77885208776354, "reason": "Strictly lower defect-aware cost than unchanged-control prediction"}
STOP: candidate prepared; no actual rollout executed.
TRIAL {"trial": 6, "cost": 61.80760284962855, "position_rmse": 0.1436762512322004, "lateness_max": 0.0013981259980937466, "rate_hz": 39.9989680901002, "period_ms_min": 23.993956001504557, "period_ms_max": 25.99503800229286, "selection": "ACCEPT", "update_seconds": 0.4934507100006158}
Reset succeeded: [0. 0. 0. 0. 0. 0.]
    max|Quu|=1.001e+01, cond(Quu)=1.001e+05
    max|Quu|=1.317e+01, cond(Quu)=1.204e+05
    max|Quu|=1.556e+01, cond(Quu)=1.318e+05
    max|Quu|=1.672e+01, cond(Quu)=1.340e+05
    max|Quu|=1.717e+01, cond(Quu)=1.326e+05
    max|Quu|=1.732e+01, cond(Quu)=1.309e+05
    max|Quu|=1.738e+01, cond(Quu)=1.296e+05
    max|Quu|=1.740e+01, cond(Quu)=1.287e+05
    max|Quu|=1.740e+01, cond(Quu)=1.282e+05
    max|Quu|=1.741e+01, cond(Quu)=1.278e+05
    max|Quu|=1.741e+01, cond(Quu)=1.276e+05
    max|Quu|=1.741e+01, cond(Quu)=1.274e+05
    max|Quu|=1.742e+01, cond(Quu)=1.272e+05
    max|Quu|=1.742e+01, cond(Quu)=1.271e+05
    max|Quu|=1.742e+01, cond(Quu)=1.269e+05
    max|Quu|=1.743e+01, cond(Quu)=1.268e+05
    max|Quu|=1.743e+01, cond(Quu)=1.267e+05
    max|Quu|=1.744e+01, cond(Quu)=1.265e+05
    max|Quu|=1.744e+01, cond(Quu)=1.264e+05
    max|Quu|=1.745e+01, cond(Quu)=1.262e+05
    max|Quu|=1.746e+01, cond(Quu)=1.261e+05
    max|Quu|=1.746e+01, cond(Quu)=1.260e+05
    max|Quu|=1.747e+01, cond(Quu)=1.258e+05
    max|Quu|=1.748e+01, cond(Quu)=1.257e+05
    max|Quu|=1.749e+01, cond(Quu)=1.256e+05
    max|Quu|=1.750e+01, cond(Quu)=1.254e+05
    max|Quu|=1.751e+01, cond(Quu)=1.253e+05
    max|Quu|=1.752e+01, cond(Quu)=1.252e+05
    max|Quu|=1.753e+01, cond(Quu)=1.251e+05
    max|Quu|=1.754e+01, cond(Quu)=1.250e+05
    max|Quu|=1.755e+01, cond(Quu)=1.249e+05
    max|Quu|=1.756e+01, cond(Quu)=1.248e+05
    max|Quu|=1.757e+01, cond(Quu)=1.247e+05
    max|Quu|=1.758e+01, cond(Quu)=1.246e+05
    max|Quu|=1.759e+01, cond(Quu)=1.245e+05
    max|Quu|=1.761e+01, cond(Quu)=1.245e+05
    max|Quu|=1.762e+01, cond(Quu)=1.244e+05
    max|Quu|=1.763e+01, cond(Quu)=1.244e+05
    max|Quu|=1.765e+01, cond(Quu)=1.243e+05
    max|Quu|=1.767e+01, cond(Quu)=1.243e+05
    max|Quu|=1.768e+01, cond(Quu)=1.243e+05
    max|Quu|=1.770e+01, cond(Quu)=1.243e+05
    max|Quu|=1.771e+01, cond(Quu)=1.243e+05
    max|Quu|=1.773e+01, cond(Quu)=1.243e+05
    max|Quu|=1.774e+01, cond(Quu)=1.243e+05
    max|Quu|=1.776e+01, cond(Quu)=1.244e+05
    max|Quu|=1.777e+01, cond(Quu)=1.244e+05
    max|Quu|=1.779e+01, cond(Quu)=1.244e+05
    max|Quu|=1.781e+01, cond(Quu)=1.245e+05
    max|Quu|=1.782e+01, cond(Quu)=1.245e+05
    max|Quu|=1.784e+01, cond(Quu)=1.246e+05
    max|Quu|=1.786e+01, cond(Quu)=1.246e+05
    max|Quu|=1.787e+01, cond(Quu)=1.247e+05
    max|Quu|=1.789e+01, cond(Quu)=1.247e+05
    max|Quu|=1.790e+01, cond(Quu)=1.248e+05
    max|Quu|=1.792e+01, cond(Quu)=1.248e+05
    max|Quu|=1.793e+01, cond(Quu)=1.249e+05
    max|Quu|=1.795e+01, cond(Quu)=1.249e+05
    max|Quu|=1.796e+01, cond(Quu)=1.250e+05
    max|Quu|=1.797e+01, cond(Quu)=1.250e+05
    max|Quu|=1.799e+01, cond(Quu)=1.251e+05
    max|Quu|=1.800e+01, cond(Quu)=1.251e+05
    max|Quu|=1.802e+01, cond(Quu)=1.252e+05
    max|Quu|=1.803e+01, cond(Quu)=1.252e+05
    max|Quu|=1.804e+01, cond(Quu)=1.253e+05
    max|Quu|=1.805e+01, cond(Quu)=1.253e+05
    max|Quu|=1.806e+01, cond(Quu)=1.253e+05
    max|Quu|=1.807e+01, cond(Quu)=1.254e+05
    max|Quu|=1.807e+01, cond(Quu)=1.254e+05
    max|Quu|=1.808e+01, cond(Quu)=1.254e+05
    max|Quu|=1.808e+01, cond(Quu)=1.254e+05
    max|Quu|=1.808e+01, cond(Quu)=1.254e+05
    max|Quu|=1.809e+01, cond(Quu)=1.254e+05
    max|Quu|=1.809e+01, cond(Quu)=1.254e+05
    max|Quu|=1.809e+01, cond(Quu)=1.254e+05
    max|Quu|=1.809e+01, cond(Quu)=1.254e+05
    max|Quu|=1.810e+01, cond(Quu)=1.254e+05
    max|Quu|=1.810e+01, cond(Quu)=1.254e+05
    max|Quu|=1.810e+01, cond(Quu)=1.254e+05
    max|Quu|=1.810e+01, cond(Quu)=1.254e+05
    max|Quu|=1.810e+01, cond(Quu)=1.254e+05
    max|Quu|=1.809e+01, cond(Quu)=1.253e+05
    max|Quu|=1.808e+01, cond(Quu)=1.253e+05
    max|Quu|=1.807e+01, cond(Quu)=1.252e+05
    max|Quu|=1.806e+01, cond(Quu)=1.251e+05
    max|Quu|=1.804e+01, cond(Quu)=1.250e+05
    max|Quu|=1.803e+01, cond(Quu)=1.249e+05
    max|Quu|=1.801e+01, cond(Quu)=1.248e+05
    max|Quu|=1.800e+01, cond(Quu)=1.247e+05
    max|Quu|=1.798e+01, cond(Quu)=1.246e+05
    max|Quu|=1.797e+01, cond(Quu)=1.245e+05
    max|Quu|=1.795e+01, cond(Quu)=1.244e+05
    max|Quu|=1.793e+01, cond(Quu)=1.243e+05
    max|Quu|=1.790e+01, cond(Quu)=1.241e+05
    max|Quu|=1.788e+01, cond(Quu)=1.240e+05
    max|Quu|=1.785e+01, cond(Quu)=1.238e+05
    max|Quu|=1.783e+01, cond(Quu)=1.236e+05
    max|Quu|=1.780e+01, cond(Quu)=1.234e+05
    max|Quu|=1.777e+01, cond(Quu)=1.232e+05
    max|Quu|=1.774e+01, cond(Quu)=1.230e+05
    max|Quu|=1.771e+01, cond(Quu)=1.228e+05
    max|Quu|=1.768e+01, cond(Quu)=1.226e+05
    max|Quu|=1.765e+01, cond(Quu)=1.224e+05
    max|Quu|=1.762e+01, cond(Quu)=1.222e+05
    max|Quu|=1.760e+01, cond(Quu)=1.220e+05
    max|Quu|=1.757e+01, cond(Quu)=1.218e+05
    max|Quu|=1.754e+01, cond(Quu)=1.216e+05
    max|Quu|=1.751e+01, cond(Quu)=1.215e+05
    max|Quu|=1.749e+01, cond(Quu)=1.214e+05
    max|Quu|=1.748e+01, cond(Quu)=1.213e+05
    max|Quu|=1.747e+01, cond(Quu)=1.212e+05
    max|Quu|=1.746e+01, cond(Quu)=1.212e+05
    max|Quu|=1.746e+01, cond(Quu)=1.212e+05
    max|Quu|=1.746e+01, cond(Quu)=1.211e+05
    max|Quu|=1.746e+01, cond(Quu)=1.211e+05
    max|Quu|=1.746e+01, cond(Quu)=1.211e+05
    max|Quu|=1.746e+01, cond(Quu)=1.210e+05
    max|Quu|=1.746e+01, cond(Quu)=1.209e+05
    max|Quu|=1.746e+01, cond(Quu)=1.209e+05
    max|Quu|=1.746e+01, cond(Quu)=1.208e+05
    max|Quu|=1.746e+01, cond(Quu)=1.208e+05
    max|Quu|=1.746e+01, cond(Quu)=1.207e+05
    max|Quu|=1.746e+01, cond(Quu)=1.207e+05
    max|Quu|=1.746e+01, cond(Quu)=1.206e+05
    max|Quu|=1.746e+01, cond(Quu)=1.206e+05
    max|Quu|=1.746e+01, cond(Quu)=1.205e+05
    max|Quu|=1.746e+01, cond(Quu)=1.205e+05
Measured previous rollout {"cost": 61.853561936549156, "position_rmse": 0.14347763201039077}
Defect construction {"mean_absolute": 0.0630672722308797, "max_absolute": 2.13637192668957, "max_timestep": 19, "max_state_dimension": 6, "max_state_name": "wheel_speed", "per_state_max_absolute": [0.016266017913512787, 0.008307432809458115, 0.005271615209509695, 0.06457804069626638, 0.017025230576536324, 0.13086569888223554, 2.13637192668957, 1.4210854715202004e-14, 2.7755575615628914e-17]}
Defect reconstruction {"mean_absolute": 1.4014340161969066e-17, "max_absolute": 8.881784197001252e-16, "max_timestep": 114, "max_state_dimension": 1, "max_state_name": "y", "per_state_max_absolute": [6.938893903907228e-18, 8.881784197001252e-16, 1.1102230246251565e-16, 2.7755575615628914e-17, 4.336808689942018e-19, 1.5178830414797062e-18, 5.551115123125783e-17, 0.0, 0.0]}
alpha=0 max |U_forward - U_old|: 1.900701818158268e-13
Unchanged control baseline {"unchanged_defect": {"cost": 61.85356193654917, "position_rmse": 0.14347763201039082}, "unchanged_nominal": {"cost": 65.74790249984225, "position_rmse": 0.17111773196985278}}
Alpha candidate {"alpha": 0.5, "defect": {"cost": 61.82715465940008, "position_rmse": 0.1435214416077423}, "nominal": {"cost": 65.5627237743734, "position_rmse": 0.16980358857609432}, "defect_improvement": 0.02640727714909019, "nominal_improvement": 0.18517872546885883}
Final selection {"status": "ACCEPT", "alpha": 0.5, "cost": 61.82715465940008, "reason": "Strictly lower defect-aware cost than unchanged-control prediction"}
STOP: candidate prepared; no actual rollout executed.
TRIAL {"trial": 7, "cost": 61.853561936549156, "position_rmse": 0.14347763201039077, "lateness_max": 0.002963290000479901, "rate_hz": 39.98924599040087, "period_ms_min": 22.47919900037232, "period_ms_max": 27.05026300100144, "selection": "ACCEPT", "update_seconds": 0.4714628379988426}
Reset succeeded: [0. 0. 0. 0. 0. 0.]
    max|Quu|=1.001e+01, cond(Quu)=1.001e+05
    max|Quu|=1.317e+01, cond(Quu)=1.204e+05
    max|Quu|=1.556e+01, cond(Quu)=1.318e+05
    max|Quu|=1.672e+01, cond(Quu)=1.340e+05
    max|Quu|=1.717e+01, cond(Quu)=1.326e+05
    max|Quu|=1.732e+01, cond(Quu)=1.309e+05
    max|Quu|=1.738e+01, cond(Quu)=1.296e+05
    max|Quu|=1.740e+01, cond(Quu)=1.287e+05
    max|Quu|=1.740e+01, cond(Quu)=1.282e+05
    max|Quu|=1.741e+01, cond(Quu)=1.278e+05
    max|Quu|=1.741e+01, cond(Quu)=1.276e+05
    max|Quu|=1.741e+01, cond(Quu)=1.274e+05
    max|Quu|=1.742e+01, cond(Quu)=1.272e+05
    max|Quu|=1.742e+01, cond(Quu)=1.271e+05
    max|Quu|=1.742e+01, cond(Quu)=1.269e+05
    max|Quu|=1.743e+01, cond(Quu)=1.268e+05
    max|Quu|=1.743e+01, cond(Quu)=1.267e+05
    max|Quu|=1.744e+01, cond(Quu)=1.265e+05
    max|Quu|=1.744e+01, cond(Quu)=1.264e+05
    max|Quu|=1.745e+01, cond(Quu)=1.262e+05
    max|Quu|=1.746e+01, cond(Quu)=1.261e+05
    max|Quu|=1.746e+01, cond(Quu)=1.260e+05
    max|Quu|=1.747e+01, cond(Quu)=1.258e+05
    max|Quu|=1.748e+01, cond(Quu)=1.257e+05
    max|Quu|=1.749e+01, cond(Quu)=1.256e+05
    max|Quu|=1.750e+01, cond(Quu)=1.254e+05
    max|Quu|=1.751e+01, cond(Quu)=1.253e+05
    max|Quu|=1.752e+01, cond(Quu)=1.252e+05
    max|Quu|=1.753e+01, cond(Quu)=1.251e+05
    max|Quu|=1.754e+01, cond(Quu)=1.250e+05
    max|Quu|=1.755e+01, cond(Quu)=1.249e+05
    max|Quu|=1.756e+01, cond(Quu)=1.248e+05
    max|Quu|=1.757e+01, cond(Quu)=1.247e+05
    max|Quu|=1.758e+01, cond(Quu)=1.246e+05
    max|Quu|=1.759e+01, cond(Quu)=1.245e+05
    max|Quu|=1.760e+01, cond(Quu)=1.245e+05
    max|Quu|=1.762e+01, cond(Quu)=1.244e+05
    max|Quu|=1.763e+01, cond(Quu)=1.244e+05
    max|Quu|=1.765e+01, cond(Quu)=1.243e+05
    max|Quu|=1.766e+01, cond(Quu)=1.243e+05
    max|Quu|=1.768e+01, cond(Quu)=1.243e+05
    max|Quu|=1.770e+01, cond(Quu)=1.243e+05
    max|Quu|=1.771e+01, cond(Quu)=1.243e+05
    max|Quu|=1.773e+01, cond(Quu)=1.243e+05
    max|Quu|=1.774e+01, cond(Quu)=1.243e+05
    max|Quu|=1.776e+01, cond(Quu)=1.243e+05
    max|Quu|=1.777e+01, cond(Quu)=1.244e+05
    max|Quu|=1.779e+01, cond(Quu)=1.244e+05
    max|Quu|=1.781e+01, cond(Quu)=1.245e+05
    max|Quu|=1.782e+01, cond(Quu)=1.245e+05
    max|Quu|=1.784e+01, cond(Quu)=1.245e+05
    max|Quu|=1.786e+01, cond(Quu)=1.246e+05
    max|Quu|=1.787e+01, cond(Quu)=1.246e+05
    max|Quu|=1.789e+01, cond(Quu)=1.247e+05
    max|Quu|=1.790e+01, cond(Quu)=1.247e+05
    max|Quu|=1.792e+01, cond(Quu)=1.248e+05
    max|Quu|=1.793e+01, cond(Quu)=1.249e+05
    max|Quu|=1.795e+01, cond(Quu)=1.249e+05
    max|Quu|=1.796e+01, cond(Quu)=1.250e+05
    max|Quu|=1.797e+01, cond(Quu)=1.250e+05
    max|Quu|=1.799e+01, cond(Quu)=1.251e+05
    max|Quu|=1.800e+01, cond(Quu)=1.251e+05
    max|Quu|=1.801e+01, cond(Quu)=1.252e+05
    max|Quu|=1.803e+01, cond(Quu)=1.252e+05
    max|Quu|=1.804e+01, cond(Quu)=1.253e+05
    max|Quu|=1.805e+01, cond(Quu)=1.253e+05
    max|Quu|=1.806e+01, cond(Quu)=1.253e+05
    max|Quu|=1.807e+01, cond(Quu)=1.254e+05
    max|Quu|=1.807e+01, cond(Quu)=1.254e+05
    max|Quu|=1.808e+01, cond(Quu)=1.254e+05
    max|Quu|=1.808e+01, cond(Quu)=1.254e+05
    max|Quu|=1.808e+01, cond(Quu)=1.254e+05
    max|Quu|=1.809e+01, cond(Quu)=1.254e+05
    max|Quu|=1.809e+01, cond(Quu)=1.254e+05
    max|Quu|=1.809e+01, cond(Quu)=1.254e+05
    max|Quu|=1.809e+01, cond(Quu)=1.254e+05
    max|Quu|=1.810e+01, cond(Quu)=1.254e+05
    max|Quu|=1.810e+01, cond(Quu)=1.254e+05
    max|Quu|=1.811e+01, cond(Quu)=1.254e+05
    max|Quu|=1.810e+01, cond(Quu)=1.254e+05
    max|Quu|=1.810e+01, cond(Quu)=1.254e+05
    max|Quu|=1.809e+01, cond(Quu)=1.253e+05
    max|Quu|=1.808e+01, cond(Quu)=1.253e+05
    max|Quu|=1.807e+01, cond(Quu)=1.252e+05
    max|Quu|=1.805e+01, cond(Quu)=1.251e+05
    max|Quu|=1.804e+01, cond(Quu)=1.250e+05
    max|Quu|=1.803e+01, cond(Quu)=1.249e+05
    max|Quu|=1.801e+01, cond(Quu)=1.248e+05
    max|Quu|=1.800e+01, cond(Quu)=1.247e+05
    max|Quu|=1.798e+01, cond(Quu)=1.246e+05
    max|Quu|=1.797e+01, cond(Quu)=1.245e+05
    max|Quu|=1.795e+01, cond(Quu)=1.244e+05
    max|Quu|=1.793e+01, cond(Quu)=1.243e+05
    max|Quu|=1.790e+01, cond(Quu)=1.241e+05
    max|Quu|=1.788e+01, cond(Quu)=1.240e+05
    max|Quu|=1.785e+01, cond(Quu)=1.238e+05
    max|Quu|=1.783e+01, cond(Quu)=1.236e+05
    max|Quu|=1.780e+01, cond(Quu)=1.234e+05
    max|Quu|=1.777e+01, cond(Quu)=1.232e+05
    max|Quu|=1.774e+01, cond(Quu)=1.230e+05
    max|Quu|=1.771e+01, cond(Quu)=1.228e+05
    max|Quu|=1.768e+01, cond(Quu)=1.226e+05
    max|Quu|=1.765e+01, cond(Quu)=1.224e+05
    max|Quu|=1.762e+01, cond(Quu)=1.222e+05
    max|Quu|=1.759e+01, cond(Quu)=1.220e+05
    max|Quu|=1.756e+01, cond(Quu)=1.218e+05
    max|Quu|=1.754e+01, cond(Quu)=1.216e+05
    max|Quu|=1.751e+01, cond(Quu)=1.215e+05
    max|Quu|=1.749e+01, cond(Quu)=1.213e+05
    max|Quu|=1.748e+01, cond(Quu)=1.213e+05
    max|Quu|=1.747e+01, cond(Quu)=1.212e+05
    max|Quu|=1.746e+01, cond(Quu)=1.212e+05
    max|Quu|=1.746e+01, cond(Quu)=1.212e+05
    max|Quu|=1.746e+01, cond(Quu)=1.212e+05
    max|Quu|=1.746e+01, cond(Quu)=1.211e+05
    max|Quu|=1.746e+01, cond(Quu)=1.211e+05
    max|Quu|=1.746e+01, cond(Quu)=1.210e+05
    max|Quu|=1.746e+01, cond(Quu)=1.210e+05
    max|Quu|=1.746e+01, cond(Quu)=1.209e+05
    max|Quu|=1.746e+01, cond(Quu)=1.208e+05
    max|Quu|=1.746e+01, cond(Quu)=1.208e+05
    max|Quu|=1.746e+01, cond(Quu)=1.207e+05
    max|Quu|=1.746e+01, cond(Quu)=1.207e+05
    max|Quu|=1.746e+01, cond(Quu)=1.206e+05
    max|Quu|=1.746e+01, cond(Quu)=1.206e+05
    max|Quu|=1.746e+01, cond(Quu)=1.205e+05
    max|Quu|=1.746e+01, cond(Quu)=1.205e+05
Measured previous rollout {"cost": 62.4961663897908, "position_rmse": 0.14657799165757254}
Defect construction {"mean_absolute": 0.06338992395769935, "max_absolute": 2.09446853450239, "max_timestep": 18, "max_state_dimension": 6, "max_state_name": "wheel_speed", "per_state_max_absolute": [0.016259808865904724, 0.008297610438735226, 0.005272084522128018, 0.06466022589499731, 0.017002163188105553, 0.13069385517283366, 2.09446853450239, 1.4210854715202004e-14, 2.7755575615628914e-17]}
Defect reconstruction {"mean_absolute": 2.219485229337996e-17, "max_absolute": 8.881784197001252e-16, "max_timestep": 124, "max_state_dimension": 1, "max_state_name": "y", "per_state_max_absolute": [3.3881317890172014e-21, 8.881784197001252e-16, 1.6653345369377348e-16, 0.0, 0.0, 6.505213034913027e-19, 2.220446049250313e-16, 0.0, 0.0]}
alpha=0 max |U_forward - U_old|: 7.549516567451064e-14
Unchanged control baseline {"unchanged_defect": {"cost": 62.49616638979079, "position_rmse": 0.14657799165757254}, "unchanged_nominal": {"cost": 65.5627237743734, "position_rmse": 0.16980358857609432}}
Alpha candidate {"alpha": 0.5, "defect": {"cost": 62.45995158491935, "position_rmse": 0.1461262237269828}, "nominal": {"cost": 65.50367384636687, "position_rmse": 0.16957837875318033}, "defect_improvement": 0.03621480487143458, "nominal_improvement": 0.059049928006530195}
Final selection {"status": "ACCEPT", "alpha": 0.5, "cost": 62.45995158491935, "reason": "Strictly lower defect-aware cost than unchanged-control prediction"}
STOP: candidate prepared; no actual rollout executed.
TRIAL {"trial": 8, "cost": 62.4961663897908, "position_rmse": 0.14657799165757254, "lateness_max": 0.00162051799998153, "rate_hz": 40.00201480627247, "period_ms_min": 23.758102997817332, "period_ms_max": 26.196466998953838, "selection": "ACCEPT", "update_seconds": 0.5334090050018858}
Reset succeeded: [0. 0. 0. 0. 0. 0.]
    max|Quu|=1.001e+01, cond(Quu)=1.001e+05
    max|Quu|=1.317e+01, cond(Quu)=1.204e+05
    max|Quu|=1.556e+01, cond(Quu)=1.318e+05
    max|Quu|=1.672e+01, cond(Quu)=1.340e+05
    max|Quu|=1.717e+01, cond(Quu)=1.326e+05
    max|Quu|=1.732e+01, cond(Quu)=1.309e+05
    max|Quu|=1.738e+01, cond(Quu)=1.296e+05
    max|Quu|=1.740e+01, cond(Quu)=1.287e+05
    max|Quu|=1.740e+01, cond(Quu)=1.282e+05
    max|Quu|=1.741e+01, cond(Quu)=1.278e+05
    max|Quu|=1.741e+01, cond(Quu)=1.276e+05
    max|Quu|=1.741e+01, cond(Quu)=1.274e+05
    max|Quu|=1.742e+01, cond(Quu)=1.272e+05
    max|Quu|=1.742e+01, cond(Quu)=1.271e+05
    max|Quu|=1.742e+01, cond(Quu)=1.269e+05
    max|Quu|=1.743e+01, cond(Quu)=1.268e+05
    max|Quu|=1.743e+01, cond(Quu)=1.267e+05
    max|Quu|=1.744e+01, cond(Quu)=1.265e+05
    max|Quu|=1.744e+01, cond(Quu)=1.264e+05
    max|Quu|=1.745e+01, cond(Quu)=1.262e+05
    max|Quu|=1.746e+01, cond(Quu)=1.261e+05
    max|Quu|=1.746e+01, cond(Quu)=1.260e+05
    max|Quu|=1.747e+01, cond(Quu)=1.258e+05
    max|Quu|=1.748e+01, cond(Quu)=1.257e+05
    max|Quu|=1.749e+01, cond(Quu)=1.256e+05
    max|Quu|=1.750e+01, cond(Quu)=1.254e+05
    max|Quu|=1.751e+01, cond(Quu)=1.253e+05
    max|Quu|=1.752e+01, cond(Quu)=1.252e+05
    max|Quu|=1.753e+01, cond(Quu)=1.251e+05
    max|Quu|=1.754e+01, cond(Quu)=1.250e+05
    max|Quu|=1.755e+01, cond(Quu)=1.249e+05
    max|Quu|=1.756e+01, cond(Quu)=1.248e+05
    max|Quu|=1.757e+01, cond(Quu)=1.247e+05
    max|Quu|=1.758e+01, cond(Quu)=1.246e+05
    max|Quu|=1.759e+01, cond(Quu)=1.245e+05
    max|Quu|=1.761e+01, cond(Quu)=1.245e+05
    max|Quu|=1.762e+01, cond(Quu)=1.244e+05
    max|Quu|=1.763e+01, cond(Quu)=1.244e+05
    max|Quu|=1.765e+01, cond(Quu)=1.243e+05
    max|Quu|=1.766e+01, cond(Quu)=1.243e+05
    max|Quu|=1.768e+01, cond(Quu)=1.243e+05
    max|Quu|=1.770e+01, cond(Quu)=1.243e+05
    max|Quu|=1.771e+01, cond(Quu)=1.243e+05
    max|Quu|=1.773e+01, cond(Quu)=1.243e+05
    max|Quu|=1.774e+01, cond(Quu)=1.243e+05
    max|Quu|=1.776e+01, cond(Quu)=1.243e+05
    max|Quu|=1.777e+01, cond(Quu)=1.244e+05
    max|Quu|=1.779e+01, cond(Quu)=1.244e+05
    max|Quu|=1.781e+01, cond(Quu)=1.245e+05
    max|Quu|=1.782e+01, cond(Quu)=1.245e+05
    max|Quu|=1.784e+01, cond(Quu)=1.245e+05
    max|Quu|=1.786e+01, cond(Quu)=1.246e+05
    max|Quu|=1.787e+01, cond(Quu)=1.246e+05
    max|Quu|=1.789e+01, cond(Quu)=1.247e+05
    max|Quu|=1.790e+01, cond(Quu)=1.247e+05
    max|Quu|=1.792e+01, cond(Quu)=1.248e+05
    max|Quu|=1.793e+01, cond(Quu)=1.249e+05
    max|Quu|=1.795e+01, cond(Quu)=1.249e+05
    max|Quu|=1.796e+01, cond(Quu)=1.250e+05
    max|Quu|=1.797e+01, cond(Quu)=1.250e+05
    max|Quu|=1.798e+01, cond(Quu)=1.251e+05
    max|Quu|=1.800e+01, cond(Quu)=1.251e+05
    max|Quu|=1.801e+01, cond(Quu)=1.252e+05
    max|Quu|=1.803e+01, cond(Quu)=1.252e+05
    max|Quu|=1.804e+01, cond(Quu)=1.253e+05
    max|Quu|=1.805e+01, cond(Quu)=1.253e+05
    max|Quu|=1.806e+01, cond(Quu)=1.253e+05
    max|Quu|=1.806e+01, cond(Quu)=1.254e+05
    max|Quu|=1.807e+01, cond(Quu)=1.254e+05
    max|Quu|=1.808e+01, cond(Quu)=1.254e+05
    max|Quu|=1.808e+01, cond(Quu)=1.254e+05
    max|Quu|=1.808e+01, cond(Quu)=1.254e+05
    max|Quu|=1.808e+01, cond(Quu)=1.254e+05
    max|Quu|=1.809e+01, cond(Quu)=1.254e+05
    max|Quu|=1.809e+01, cond(Quu)=1.254e+05
    max|Quu|=1.810e+01, cond(Quu)=1.254e+05
    max|Quu|=1.810e+01, cond(Quu)=1.254e+05
    max|Quu|=1.811e+01, cond(Quu)=1.254e+05
    max|Quu|=1.811e+01, cond(Quu)=1.254e+05
    max|Quu|=1.810e+01, cond(Quu)=1.254e+05
    max|Quu|=1.810e+01, cond(Quu)=1.254e+05
    max|Quu|=1.809e+01, cond(Quu)=1.253e+05
    max|Quu|=1.808e+01, cond(Quu)=1.253e+05
    max|Quu|=1.807e+01, cond(Quu)=1.252e+05
    max|Quu|=1.805e+01, cond(Quu)=1.251e+05
    max|Quu|=1.804e+01, cond(Quu)=1.250e+05
    max|Quu|=1.803e+01, cond(Quu)=1.249e+05
    max|Quu|=1.801e+01, cond(Quu)=1.248e+05
    max|Quu|=1.800e+01, cond(Quu)=1.247e+05
    max|Quu|=1.799e+01, cond(Quu)=1.246e+05
    max|Quu|=1.797e+01, cond(Quu)=1.245e+05
    max|Quu|=1.795e+01, cond(Quu)=1.244e+05
    max|Quu|=1.793e+01, cond(Quu)=1.243e+05
    max|Quu|=1.791e+01, cond(Quu)=1.241e+05
    max|Quu|=1.788e+01, cond(Quu)=1.240e+05
    max|Quu|=1.786e+01, cond(Quu)=1.238e+05
    max|Quu|=1.783e+01, cond(Quu)=1.236e+05
    max|Quu|=1.780e+01, cond(Quu)=1.234e+05
    max|Quu|=1.777e+01, cond(Quu)=1.232e+05
    max|Quu|=1.774e+01, cond(Quu)=1.230e+05
    max|Quu|=1.771e+01, cond(Quu)=1.228e+05
    max|Quu|=1.768e+01, cond(Quu)=1.226e+05
    max|Quu|=1.765e+01, cond(Quu)=1.224e+05
    max|Quu|=1.762e+01, cond(Quu)=1.222e+05
    max|Quu|=1.760e+01, cond(Quu)=1.220e+05
    max|Quu|=1.757e+01, cond(Quu)=1.218e+05
    max|Quu|=1.754e+01, cond(Quu)=1.216e+05
    max|Quu|=1.751e+01, cond(Quu)=1.215e+05
    max|Quu|=1.749e+01, cond(Quu)=1.214e+05
    max|Quu|=1.748e+01, cond(Quu)=1.213e+05
    max|Quu|=1.747e+01, cond(Quu)=1.212e+05
    max|Quu|=1.746e+01, cond(Quu)=1.212e+05
    max|Quu|=1.746e+01, cond(Quu)=1.212e+05
    max|Quu|=1.746e+01, cond(Quu)=1.212e+05
    max|Quu|=1.746e+01, cond(Quu)=1.211e+05
    max|Quu|=1.746e+01, cond(Quu)=1.211e+05
    max|Quu|=1.746e+01, cond(Quu)=1.210e+05
    max|Quu|=1.746e+01, cond(Quu)=1.210e+05
    max|Quu|=1.746e+01, cond(Quu)=1.209e+05
    max|Quu|=1.746e+01, cond(Quu)=1.208e+05
    max|Quu|=1.746e+01, cond(Quu)=1.208e+05
    max|Quu|=1.746e+01, cond(Quu)=1.207e+05
    max|Quu|=1.746e+01, cond(Quu)=1.207e+05
    max|Quu|=1.746e+01, cond(Quu)=1.206e+05
    max|Quu|=1.746e+01, cond(Quu)=1.206e+05
    max|Quu|=1.746e+01, cond(Quu)=1.205e+05
    max|Quu|=1.746e+01, cond(Quu)=1.205e+05
Measured previous rollout {"cost": 61.40111383455499, "position_rmse": 0.14161979527366675}
Defect construction {"mean_absolute": 0.0634699145316797, "max_absolute": 2.1419732255501778, "max_timestep": 19, "max_state_dimension": 6, "max_state_name": "wheel_speed", "per_state_max_absolute": [0.016262677378202195, 0.00835795610447343, 0.0054519218920625065, 0.06472272637502785, 0.016948608222145525, 0.13259967564781383, 2.1419732255501778, 1.4210854715202004e-14, 2.7755575615628914e-17]}
Defect reconstruction {"mean_absolute": 6.800200714418376e-18, "max_absolute": 8.881784197001252e-16, "max_timestep": 127, "max_state_dimension": 1, "max_state_name": "y", "per_state_max_absolute": [5.082197683525802e-21, 8.881784197001252e-16, 1.942890293094024e-16, 8.673617379884035e-19, 5.963111948670274e-19, 1.3877787807814457e-17, 2.220446049250313e-16, 0.0, 0.0]}
alpha=0 max |U_forward - U_old|: 2.6201263381153694e-14
Unchanged control baseline {"unchanged_defect": {"cost": 61.401113834555005, "position_rmse": 0.14161979527366675}, "unchanged_nominal": {"cost": 65.50367384636687, "position_rmse": 0.16957837875318033}}
Alpha candidate {"alpha": 0.5, "defect": {"cost": 61.391947672844516, "position_rmse": 0.14211390918429115}, "nominal": {"cost": 65.3082837281975, "position_rmse": 0.16928602587601968}, "defect_improvement": 0.009166161710489007, "nominal_improvement": 0.1953901181693709}
Final selection {"status": "ACCEPT", "alpha": 0.5, "cost": 61.391947672844516, "reason": "Strictly lower defect-aware cost than unchanged-control prediction"}
STOP: candidate prepared; no actual rollout executed.
TRIAL {"trial": 9, "cost": 61.40111383455499, "position_rmse": 0.14161979527366678, "lateness_max": 0.0019421610013523605, "rate_hz": 40.00045159873058, "period_ms_min": 23.52866000001086, "period_ms_max": 26.403541000036057, "selection": "ACCEPT", "update_seconds": 0.5113824290019693}
Reset succeeded: [0. 0. 0. 0. 0. 0.]
    max|Quu|=1.001e+01, cond(Quu)=1.001e+05
    max|Quu|=1.317e+01, cond(Quu)=1.204e+05
    max|Quu|=1.556e+01, cond(Quu)=1.318e+05
    max|Quu|=1.672e+01, cond(Quu)=1.340e+05
    max|Quu|=1.717e+01, cond(Quu)=1.326e+05
    max|Quu|=1.732e+01, cond(Quu)=1.309e+05
    max|Quu|=1.738e+01, cond(Quu)=1.296e+05
    max|Quu|=1.740e+01, cond(Quu)=1.287e+05
    max|Quu|=1.740e+01, cond(Quu)=1.282e+05
    max|Quu|=1.741e+01, cond(Quu)=1.278e+05
    max|Quu|=1.741e+01, cond(Quu)=1.276e+05
    max|Quu|=1.741e+01, cond(Quu)=1.274e+05
    max|Quu|=1.742e+01, cond(Quu)=1.272e+05
    max|Quu|=1.742e+01, cond(Quu)=1.271e+05
    max|Quu|=1.742e+01, cond(Quu)=1.269e+05
    max|Quu|=1.743e+01, cond(Quu)=1.268e+05
    max|Quu|=1.743e+01, cond(Quu)=1.267e+05
    max|Quu|=1.744e+01, cond(Quu)=1.265e+05
    max|Quu|=1.744e+01, cond(Quu)=1.264e+05
    max|Quu|=1.745e+01, cond(Quu)=1.262e+05
    max|Quu|=1.746e+01, cond(Quu)=1.261e+05
    max|Quu|=1.746e+01, cond(Quu)=1.260e+05
    max|Quu|=1.747e+01, cond(Quu)=1.258e+05
    max|Quu|=1.748e+01, cond(Quu)=1.257e+05
    max|Quu|=1.749e+01, cond(Quu)=1.256e+05
    max|Quu|=1.750e+01, cond(Quu)=1.254e+05
    max|Quu|=1.751e+01, cond(Quu)=1.253e+05
    max|Quu|=1.752e+01, cond(Quu)=1.252e+05
    max|Quu|=1.753e+01, cond(Quu)=1.251e+05
    max|Quu|=1.754e+01, cond(Quu)=1.250e+05
    max|Quu|=1.755e+01, cond(Quu)=1.249e+05
    max|Quu|=1.756e+01, cond(Quu)=1.248e+05
    max|Quu|=1.757e+01, cond(Quu)=1.247e+05
    max|Quu|=1.758e+01, cond(Quu)=1.246e+05
    max|Quu|=1.759e+01, cond(Quu)=1.245e+05
    max|Quu|=1.761e+01, cond(Quu)=1.245e+05
    max|Quu|=1.762e+01, cond(Quu)=1.244e+05
    max|Quu|=1.763e+01, cond(Quu)=1.244e+05
    max|Quu|=1.765e+01, cond(Quu)=1.243e+05
    max|Quu|=1.766e+01, cond(Quu)=1.243e+05
    max|Quu|=1.768e+01, cond(Quu)=1.243e+05
    max|Quu|=1.770e+01, cond(Quu)=1.243e+05
    max|Quu|=1.771e+01, cond(Quu)=1.243e+05
    max|Quu|=1.773e+01, cond(Quu)=1.243e+05
    max|Quu|=1.774e+01, cond(Quu)=1.243e+05
    max|Quu|=1.776e+01, cond(Quu)=1.243e+05
    max|Quu|=1.777e+01, cond(Quu)=1.244e+05
    max|Quu|=1.779e+01, cond(Quu)=1.244e+05
    max|Quu|=1.781e+01, cond(Quu)=1.245e+05
    max|Quu|=1.782e+01, cond(Quu)=1.245e+05
    max|Quu|=1.784e+01, cond(Quu)=1.245e+05
    max|Quu|=1.786e+01, cond(Quu)=1.246e+05
    max|Quu|=1.787e+01, cond(Quu)=1.246e+05
    max|Quu|=1.789e+01, cond(Quu)=1.247e+05
    max|Quu|=1.790e+01, cond(Quu)=1.247e+05
    max|Quu|=1.792e+01, cond(Quu)=1.248e+05
    max|Quu|=1.793e+01, cond(Quu)=1.249e+05
    max|Quu|=1.795e+01, cond(Quu)=1.249e+05
    max|Quu|=1.796e+01, cond(Quu)=1.250e+05
    max|Quu|=1.797e+01, cond(Quu)=1.250e+05
    max|Quu|=1.799e+01, cond(Quu)=1.251e+05
    max|Quu|=1.800e+01, cond(Quu)=1.251e+05
    max|Quu|=1.801e+01, cond(Quu)=1.252e+05
    max|Quu|=1.803e+01, cond(Quu)=1.252e+05
    max|Quu|=1.804e+01, cond(Quu)=1.253e+05
    max|Quu|=1.805e+01, cond(Quu)=1.253e+05
    max|Quu|=1.806e+01, cond(Quu)=1.253e+05
    max|Quu|=1.807e+01, cond(Quu)=1.254e+05
    max|Quu|=1.807e+01, cond(Quu)=1.254e+05
    max|Quu|=1.808e+01, cond(Quu)=1.254e+05
    max|Quu|=1.808e+01, cond(Quu)=1.254e+05
    max|Quu|=1.808e+01, cond(Quu)=1.254e+05
    max|Quu|=1.809e+01, cond(Quu)=1.254e+05
    max|Quu|=1.809e+01, cond(Quu)=1.254e+05
    max|Quu|=1.809e+01, cond(Quu)=1.254e+05
    max|Quu|=1.810e+01, cond(Quu)=1.254e+05
    max|Quu|=1.810e+01, cond(Quu)=1.254e+05
    max|Quu|=1.811e+01, cond(Quu)=1.254e+05
    max|Quu|=1.811e+01, cond(Quu)=1.254e+05
    max|Quu|=1.810e+01, cond(Quu)=1.254e+05
    max|Quu|=1.810e+01, cond(Quu)=1.254e+05
    max|Quu|=1.809e+01, cond(Quu)=1.253e+05
    max|Quu|=1.808e+01, cond(Quu)=1.253e+05
    max|Quu|=1.807e+01, cond(Quu)=1.252e+05
    max|Quu|=1.806e+01, cond(Quu)=1.251e+05
    max|Quu|=1.804e+01, cond(Quu)=1.250e+05
    max|Quu|=1.803e+01, cond(Quu)=1.249e+05
    max|Quu|=1.801e+01, cond(Quu)=1.248e+05
    max|Quu|=1.800e+01, cond(Quu)=1.247e+05
    max|Quu|=1.798e+01, cond(Quu)=1.246e+05
    max|Quu|=1.797e+01, cond(Quu)=1.245e+05
    max|Quu|=1.795e+01, cond(Quu)=1.244e+05
    max|Quu|=1.793e+01, cond(Quu)=1.243e+05
    max|Quu|=1.790e+01, cond(Quu)=1.241e+05
    max|Quu|=1.788e+01, cond(Quu)=1.240e+05
    max|Quu|=1.785e+01, cond(Quu)=1.238e+05
    max|Quu|=1.783e+01, cond(Quu)=1.236e+05
    max|Quu|=1.780e+01, cond(Quu)=1.234e+05
    max|Quu|=1.777e+01, cond(Quu)=1.232e+05
    max|Quu|=1.774e+01, cond(Quu)=1.230e+05
    max|Quu|=1.771e+01, cond(Quu)=1.228e+05
    max|Quu|=1.768e+01, cond(Quu)=1.226e+05
    max|Quu|=1.765e+01, cond(Quu)=1.224e+05
    max|Quu|=1.762e+01, cond(Quu)=1.222e+05
    max|Quu|=1.759e+01, cond(Quu)=1.220e+05
    max|Quu|=1.756e+01, cond(Quu)=1.218e+05
    max|Quu|=1.754e+01, cond(Quu)=1.216e+05
    max|Quu|=1.751e+01, cond(Quu)=1.215e+05
    max|Quu|=1.749e+01, cond(Quu)=1.213e+05
    max|Quu|=1.748e+01, cond(Quu)=1.213e+05
    max|Quu|=1.747e+01, cond(Quu)=1.212e+05
    max|Quu|=1.746e+01, cond(Quu)=1.212e+05
    max|Quu|=1.746e+01, cond(Quu)=1.212e+05
    max|Quu|=1.746e+01, cond(Quu)=1.212e+05
    max|Quu|=1.746e+01, cond(Quu)=1.211e+05
    max|Quu|=1.746e+01, cond(Quu)=1.211e+05
    max|Quu|=1.746e+01, cond(Quu)=1.210e+05
    max|Quu|=1.746e+01, cond(Quu)=1.210e+05
    max|Quu|=1.746e+01, cond(Quu)=1.209e+05
    max|Quu|=1.746e+01, cond(Quu)=1.208e+05
    max|Quu|=1.746e+01, cond(Quu)=1.208e+05
    max|Quu|=1.746e+01, cond(Quu)=1.207e+05
    max|Quu|=1.746e+01, cond(Quu)=1.207e+05
    max|Quu|=1.746e+01, cond(Quu)=1.206e+05
    max|Quu|=1.746e+01, cond(Quu)=1.206e+05
    max|Quu|=1.746e+01, cond(Quu)=1.205e+05
    max|Quu|=1.746e+01, cond(Quu)=1.205e+05
Measured previous rollout {"cost": 62.686647447177315, "position_rmse": 0.14702575517428165}
Defect construction {"mean_absolute": 0.06323877343839317, "max_absolute": 2.0974710479986385, "max_timestep": 19, "max_state_dimension": 6, "max_state_name": "wheel_speed", "per_state_max_absolute": [0.016268327344908684, 0.008374488421287962, 0.005435606014115746, 0.06458945182301701, 0.017118263568988684, 0.13023953076111439, 2.0974710479986385, 1.4210854715202004e-14, 2.7755575615628914e-17]}
Defect reconstruction {"mean_absolute": 9.313050648945415e-17, "max_absolute": 2.220446049250313e-15, "max_timestep": 110, "max_state_dimension": 1, "max_state_name": "y", "per_state_max_absolute": [3.469446951953614e-18, 2.220446049250313e-15, 2.7755575615628914e-16, 2.7755575615628914e-17, 0.0, 1.0842021724855044e-18, 1.0408340855860843e-17, 0.0, 0.0]}
alpha=0 max |U_forward - U_old|: 4.405364961712621e-13
Unchanged control baseline {"unchanged_defect": {"cost": 62.68664744717736, "position_rmse": 0.14702575517428174}, "unchanged_nominal": {"cost": 65.3082837281975, "position_rmse": 0.16928602587601968}}
Alpha candidate {"alpha": 0.5, "defect": {"cost": 62.56211270484293, "position_rmse": 0.1460492363046656}, "nominal": {"cost": 65.19020752305198, "position_rmse": 0.16887286933246276}, "defect_improvement": 0.12453474233442563, "nominal_improvement": 0.11807620514551331}
Final selection {"status": "ACCEPT", "alpha": 0.5, "cost": 62.56211270484293, "reason": "Strictly lower defect-aware cost than unchanged-control prediction"}
STOP: candidate prepared; no actual rollout executed.
TRIAL {"trial": 10, "cost": 62.686647447177315, "position_rmse": 0.14702575517428165, "lateness_max": 0.0018276880000485107, "rate_hz": 40.00275937762927, "period_ms_min": 23.695674000919098, "period_ms_max": 26.033940001070732, "selection": "ACCEPT", "update_seconds": 0.5559791899977427}
Reset succeeded: [0. 0. 0. 0. 0. 0.]
    max|Quu|=1.001e+01, cond(Quu)=1.001e+05
    max|Quu|=1.317e+01, cond(Quu)=1.204e+05
    max|Quu|=1.556e+01, cond(Quu)=1.318e+05
    max|Quu|=1.672e+01, cond(Quu)=1.340e+05
    max|Quu|=1.717e+01, cond(Quu)=1.326e+05
    max|Quu|=1.732e+01, cond(Quu)=1.309e+05
    max|Quu|=1.738e+01, cond(Quu)=1.296e+05
    max|Quu|=1.740e+01, cond(Quu)=1.287e+05
    max|Quu|=1.740e+01, cond(Quu)=1.282e+05
    max|Quu|=1.741e+01, cond(Quu)=1.278e+05
    max|Quu|=1.741e+01, cond(Quu)=1.276e+05
    max|Quu|=1.741e+01, cond(Quu)=1.274e+05
    max|Quu|=1.742e+01, cond(Quu)=1.272e+05
    max|Quu|=1.742e+01, cond(Quu)=1.271e+05
    max|Quu|=1.742e+01, cond(Quu)=1.269e+05
    max|Quu|=1.743e+01, cond(Quu)=1.268e+05
    max|Quu|=1.743e+01, cond(Quu)=1.267e+05
    max|Quu|=1.744e+01, cond(Quu)=1.265e+05
    max|Quu|=1.744e+01, cond(Quu)=1.264e+05
    max|Quu|=1.745e+01, cond(Quu)=1.262e+05
    max|Quu|=1.746e+01, cond(Quu)=1.261e+05
    max|Quu|=1.746e+01, cond(Quu)=1.260e+05
    max|Quu|=1.747e+01, cond(Quu)=1.258e+05
    max|Quu|=1.748e+01, cond(Quu)=1.257e+05
    max|Quu|=1.749e+01, cond(Quu)=1.256e+05
    max|Quu|=1.750e+01, cond(Quu)=1.254e+05
    max|Quu|=1.751e+01, cond(Quu)=1.253e+05
    max|Quu|=1.752e+01, cond(Quu)=1.252e+05
    max|Quu|=1.753e+01, cond(Quu)=1.251e+05
    max|Quu|=1.754e+01, cond(Quu)=1.250e+05
    max|Quu|=1.755e+01, cond(Quu)=1.249e+05
    max|Quu|=1.756e+01, cond(Quu)=1.248e+05
    max|Quu|=1.757e+01, cond(Quu)=1.247e+05
    max|Quu|=1.758e+01, cond(Quu)=1.246e+05
    max|Quu|=1.759e+01, cond(Quu)=1.245e+05
    max|Quu|=1.761e+01, cond(Quu)=1.245e+05
    max|Quu|=1.762e+01, cond(Quu)=1.244e+05
    max|Quu|=1.763e+01, cond(Quu)=1.244e+05
    max|Quu|=1.765e+01, cond(Quu)=1.243e+05
    max|Quu|=1.766e+01, cond(Quu)=1.243e+05
    max|Quu|=1.768e+01, cond(Quu)=1.243e+05
    max|Quu|=1.770e+01, cond(Quu)=1.243e+05
    max|Quu|=1.771e+01, cond(Quu)=1.243e+05
    max|Quu|=1.773e+01, cond(Quu)=1.243e+05
    max|Quu|=1.774e+01, cond(Quu)=1.243e+05
    max|Quu|=1.776e+01, cond(Quu)=1.243e+05
    max|Quu|=1.777e+01, cond(Quu)=1.244e+05
    max|Quu|=1.779e+01, cond(Quu)=1.244e+05
    max|Quu|=1.781e+01, cond(Quu)=1.245e+05
    max|Quu|=1.782e+01, cond(Quu)=1.245e+05
    max|Quu|=1.784e+01, cond(Quu)=1.245e+05
    max|Quu|=1.786e+01, cond(Quu)=1.246e+05
    max|Quu|=1.787e+01, cond(Quu)=1.246e+05
    max|Quu|=1.789e+01, cond(Quu)=1.247e+05
    max|Quu|=1.790e+01, cond(Quu)=1.247e+05
    max|Quu|=1.792e+01, cond(Quu)=1.248e+05
    max|Quu|=1.793e+01, cond(Quu)=1.249e+05
    max|Quu|=1.795e+01, cond(Quu)=1.249e+05
    max|Quu|=1.796e+01, cond(Quu)=1.250e+05
    max|Quu|=1.797e+01, cond(Quu)=1.250e+05
    max|Quu|=1.799e+01, cond(Quu)=1.251e+05
    max|Quu|=1.800e+01, cond(Quu)=1.251e+05
    max|Quu|=1.801e+01, cond(Quu)=1.252e+05
    max|Quu|=1.803e+01, cond(Quu)=1.252e+05
    max|Quu|=1.804e+01, cond(Quu)=1.253e+05
    max|Quu|=1.805e+01, cond(Quu)=1.253e+05
    max|Quu|=1.806e+01, cond(Quu)=1.253e+05
    max|Quu|=1.807e+01, cond(Quu)=1.254e+05
    max|Quu|=1.807e+01, cond(Quu)=1.254e+05
    max|Quu|=1.808e+01, cond(Quu)=1.254e+05
    max|Quu|=1.808e+01, cond(Quu)=1.254e+05
    max|Quu|=1.808e+01, cond(Quu)=1.254e+05
    max|Quu|=1.809e+01, cond(Quu)=1.254e+05
    max|Quu|=1.809e+01, cond(Quu)=1.254e+05
    max|Quu|=1.809e+01, cond(Quu)=1.254e+05
    max|Quu|=1.809e+01, cond(Quu)=1.254e+05
    max|Quu|=1.810e+01, cond(Quu)=1.254e+05
    max|Quu|=1.810e+01, cond(Quu)=1.254e+05
    max|Quu|=1.810e+01, cond(Quu)=1.254e+05
    max|Quu|=1.810e+01, cond(Quu)=1.254e+05
    max|Quu|=1.810e+01, cond(Quu)=1.254e+05
    max|Quu|=1.809e+01, cond(Quu)=1.253e+05
    max|Quu|=1.808e+01, cond(Quu)=1.253e+05
    max|Quu|=1.807e+01, cond(Quu)=1.252e+05
    max|Quu|=1.805e+01, cond(Quu)=1.251e+05
    max|Quu|=1.804e+01, cond(Quu)=1.250e+05
    max|Quu|=1.803e+01, cond(Quu)=1.249e+05
    max|Quu|=1.801e+01, cond(Quu)=1.248e+05
    max|Quu|=1.800e+01, cond(Quu)=1.247e+05
    max|Quu|=1.798e+01, cond(Quu)=1.246e+05
    max|Quu|=1.797e+01, cond(Quu)=1.245e+05
    max|Quu|=1.795e+01, cond(Quu)=1.244e+05
    max|Quu|=1.793e+01, cond(Quu)=1.243e+05
    max|Quu|=1.791e+01, cond(Quu)=1.241e+05
    max|Quu|=1.788e+01, cond(Quu)=1.240e+05
    max|Quu|=1.786e+01, cond(Quu)=1.238e+05
    max|Quu|=1.783e+01, cond(Quu)=1.236e+05
    max|Quu|=1.780e+01, cond(Quu)=1.234e+05
    max|Quu|=1.777e+01, cond(Quu)=1.232e+05
    max|Quu|=1.774e+01, cond(Quu)=1.230e+05
    max|Quu|=1.771e+01, cond(Quu)=1.228e+05
    max|Quu|=1.768e+01, cond(Quu)=1.226e+05
    max|Quu|=1.765e+01, cond(Quu)=1.224e+05
    max|Quu|=1.762e+01, cond(Quu)=1.222e+05
    max|Quu|=1.759e+01, cond(Quu)=1.220e+05
    max|Quu|=1.757e+01, cond(Quu)=1.218e+05
    max|Quu|=1.754e+01, cond(Quu)=1.216e+05
    max|Quu|=1.751e+01, cond(Quu)=1.215e+05
    max|Quu|=1.749e+01, cond(Quu)=1.213e+05
    max|Quu|=1.748e+01, cond(Quu)=1.213e+05
    max|Quu|=1.747e+01, cond(Quu)=1.212e+05
    max|Quu|=1.746e+01, cond(Quu)=1.212e+05
    max|Quu|=1.746e+01, cond(Quu)=1.212e+05
    max|Quu|=1.746e+01, cond(Quu)=1.212e+05
    max|Quu|=1.746e+01, cond(Quu)=1.211e+05
    max|Quu|=1.746e+01, cond(Quu)=1.211e+05
    max|Quu|=1.746e+01, cond(Quu)=1.210e+05
    max|Quu|=1.746e+01, cond(Quu)=1.210e+05
    max|Quu|=1.746e+01, cond(Quu)=1.209e+05
    max|Quu|=1.746e+01, cond(Quu)=1.208e+05
    max|Quu|=1.746e+01, cond(Quu)=1.208e+05
    max|Quu|=1.746e+01, cond(Quu)=1.207e+05
    max|Quu|=1.746e+01, cond(Quu)=1.207e+05
    max|Quu|=1.746e+01, cond(Quu)=1.206e+05
    max|Quu|=1.746e+01, cond(Quu)=1.206e+05
    max|Quu|=1.746e+01, cond(Quu)=1.205e+05
    max|Quu|=1.746e+01, cond(Quu)=1.205e+05
Measured previous rollout {"cost": 62.54202526427963, "position_rmse": 0.14669455607483017}
Defect construction {"mean_absolute": 0.06338817248187552, "max_absolute": 2.098951464739926, "max_timestep": 18, "max_state_dimension": 6, "max_state_name": "wheel_speed", "per_state_max_absolute": [0.016280786030085093, 0.008220838788956963, 0.0052685648353967, 0.06473936199665031, 0.016874382153704157, 0.1320131204689589, 2.098951464739926, 1.4210854715202004e-14, 2.7755575615628914e-17]}
Defect reconstruction {"mean_absolute": 1.364865868622831e-17, "max_absolute": 2.220446049250313e-16, "max_timestep": 60, "max_state_dimension": 1, "max_state_name": "y", "per_state_max_absolute": [1.6940658945086007e-21, 2.220446049250313e-16, 1.1102230246251565e-16, 1.734723475976807e-18, 1.0842021724855044e-19, 3.469446951953614e-18, 2.7755575615628914e-17, 0.0, 0.0]}
alpha=0 max |U_forward - U_old|: 1.3100631690576847e-13
Unchanged control baseline {"unchanged_defect": {"cost": 62.542025264279616, "position_rmse": 0.14669455607483012}, "unchanged_nominal": {"cost": 65.19020752305198, "position_rmse": 0.16887286933246276}}
Alpha candidate {"alpha": 0.5, "defect": {"cost": 62.44312126452752, "position_rmse": 0.1456649076977426}, "nominal": {"cost": 65.96179615704624, "position_rmse": 0.1710624554177878}, "defect_improvement": 0.09890399975209618, "nominal_improvement": -0.7715886339942557}
Final selection {"status": "ACCEPT", "alpha": 0.5, "cost": 62.44312126452752, "reason": "Strictly lower defect-aware cost than unchanged-control prediction"}
STOP: candidate prepared; no actual rollout executed.
TRIAL {"trial": 11, "cost": 62.54202526427963, "position_rmse": 0.14669455607483017, "lateness_max": 0.0013650649998453446, "rate_hz": 40.00119500713063, "period_ms_min": 24.00120899983449, "period_ms_max": 25.88099100103136, "selection": "ACCEPT", "update_seconds": 0.5041140940011246}
Reset succeeded: [0. 0. 0. 0. 0. 0.]
TRIAL {"trial": 0, "cost": 65288.355625894845, "position_rmse": 3.997220516116832, "lateness_max": 0.0020099229986954015, "rate_hz": 39.999727701080474, "period_ms_min": 23.503107000578893, "period_ms_max": 26.56927900170558, "rejected": false, "qu_scale": 1.0, "predicted_cost": 335.8058106152809, "qp": "box+26pen", "du_norm": 329.90232423303564, "update_seconds": 7.102178668999841}
Reset succeeded: [0. 0. 0. 0. 0. 0.]
TRIAL {"trial": 1, "cost": 13016.513309006124, "position_rmse": 1.7437271186232692, "lateness_max": 0.0025447409971093293, "rate_hz": 40.0001595239056, "period_ms_min": 23.228003999975044, "period_ms_max": 26.666587000363506, "rejected": false, "qu_scale": 1.0, "predicted_cost": 231.23607405572642, "qp": "box+7pen", "du_norm": 260.383406942638, "update_seconds": 6.565426122000645}
Reset succeeded: [0. 0. 0. 0. 0. 0.]
TRIAL {"trial": 2, "cost": 936.5170817218321, "position_rmse": 0.4213941729242723, "lateness_max": 0.0033196360018337145, "rate_hz": 39.99969756136342, "period_ms_min": 22.423385998990852, "period_ms_max": 27.79788200132316, "rejected": false, "qu_scale": 1.0, "predicted_cost": 31.37527451716448, "qp": "box+13pen", "du_norm": 229.73854138039394, "update_seconds": 6.573925733999204}
Reset succeeded: [0. 0. 0. 0. 0. 0.]
TRIAL {"trial": 3, "cost": 456.18822187114824, "position_rmse": 0.2928816411284772, "lateness_max": 0.002307725000719074, "rate_hz": 40.000443992646545, "period_ms_min": 23.261206999450224, "period_ms_max": 26.633165001840098, "rejected": false, "qu_scale": 1.0, "predicted_cost": 28.12868716941791, "qp": "box+1pen", "du_norm": 123.43910867620238, "update_seconds": 6.32131579199995}
Reset succeeded: [0. 0. 0. 0. 0. 0.]
TRIAL {"trial": 4, "cost": 89.63055476649248, "position_rmse": 0.07021092256162655, "lateness_max": 0.0023998360011319164, "rate_hz": 40.00003949671482, "period_ms_min": 23.577406998811057, "period_ms_max": 26.58078600143199, "rejected": false, "qu_scale": 1.0, "predicted_cost": 25.54417791865526, "qp": "box+5pen", "du_norm": 98.57602840297997, "update_seconds": 6.229330479000055}
Reset succeeded: [0. 0. 0. 0. 0. 0.]
TRIAL {"trial": 5, "cost": 76.44577745158479, "position_rmse": 0.048634732090260015, "lateness_max": 0.001835913000832079, "rate_hz": 39.999034996172554, "period_ms_min": 23.823998002626467, "period_ms_max": 26.581588997942163, "rejected": false, "qu_scale": 1.0, "predicted_cost": 26.046820294063494, "qp": "box+5pen", "du_norm": 22.129019486527458, "update_seconds": 6.376688312000624}
Reset succeeded: [0. 0. 0. 0. 0. 0.]
TRIAL {"trial": 6, "cost": 76.05395604157798, "position_rmse": 0.047765827243603634, "lateness_max": 0.0023507920013798866, "rate_hz": 39.99715206570104, "period_ms_min": 23.364607000985416, "period_ms_max": 26.921709002635907, "rejected": false, "qu_scale": 1.0, "predicted_cost": 25.14692101753423, "qp": "box+4pen", "du_norm": 41.190366851472966, "update_seconds": 6.597671026000171}
Reset succeeded: [0. 0. 0. 0. 0. 0.]
TRIAL {"trial": 7, "cost": 76.36587516460918, "position_rmse": 0.050313400705871716, "lateness_max": 0.0020639020003727637, "rate_hz": 39.999288816736986, "period_ms_min": 23.344103999988874, "period_ms_max": 26.675780998630216, "rejected": false, "qu_scale": 1.0, "predicted_cost": 26.48269036833735, "qp": "box+5pen", "du_norm": 41.392947589234275, "update_seconds": 6.280655872000352}
Reset succeeded: [0. 0. 0. 0. 0. 0.]
TRIAL {"trial": 8, "cost": 96.12795487594707, "position_rmse": 0.08578111009696306, "lateness_max": 0.0022526139982801396, "rate_hz": 39.99973060436783, "period_ms_min": 23.324452002270846, "period_ms_max": 26.74403199853259, "rejected": true, "qu_scale": 4.0, "predicted_cost": 25.20292859648116, "qp": "box+4pen", "du_norm": 18.434421139047654, "update_seconds": 6.135219494000921}
Reset succeeded: [0. 0. 0. 0. 0. 0.]
TRIAL {"trial": 9, "cost": 75.92564443532666, "position_rmse": 0.04861391502896887, "lateness_max": 0.002216039996710606, "rate_hz": 39.99949371894392, "period_ms_min": 23.486265999963507, "period_ms_max": 26.833518997591455, "rejected": false, "qu_scale": 2.0, "predicted_cost": 25.519399692739086, "qp": "box+5pen", "du_norm": 19.145625125131783, "update_seconds": 6.471717288000946}
Reset succeeded: [0. 0. 0. 0. 0. 0.]
Traceback (most recent call last):
  File "run_lifted.py", line 147, in <module>
    main()
  File "run_lifted.py", line 112, in main
    X = fly(U)
  File "run_lifted.py", line 101, in fly
    x = rollout(node, u, ref[0], dt, car['gear_ratio'], car['pole_pairs'], car['lambda'],
  File "/workspaces/ilc_ws/src/ilc_f1tenth/successful_defect_aware_20261008/fixed_deadline_rollout.py", line 49, in rollout
    raise RuntimeError('Missed an entire control period; stopping instead of bursting commands')
RuntimeError: Missed an entire control period; stopping instead of bursting commands
